Archive member included to satisfy reference by file (symbol)

sodium-1.0.15/lib/libsodium.a(libsodium_la-crypto_generichash.o)
                              build/randombytes_salsa20XMC_random.o (crypto_generichash)
sodium-1.0.15/lib/libsodium.a(libsodium_la-generichash_blake2b.o)
                              sodium-1.0.15/lib/libsodium.a(libsodium_la-crypto_generichash.o) (crypto_generichash_blake2b)
sodium-1.0.15/lib/libsodium.a(libsodium_la-crypto_secretbox_easy.o)
                              build/main.o (crypto_secretbox_easy)
sodium-1.0.15/lib/libsodium.a(libsodium_la-stream_salsa20.o)
                              build/randombytes_salsa20XMC_random.o (crypto_stream_salsa20)
sodium-1.0.15/lib/libsodium.a(libsodium_la-randombytes.o)
                              build/main.o (randombytes_set_implementation)
sodium-1.0.15/lib/libsodium.a(libsodium_la-core.o)
                              build/main.o (sodium_init)
sodium-1.0.15/lib/libsodium.a(libsodium_la-runtime.o)
                              sodium-1.0.15/lib/libsodium.a(libsodium_la-core.o) (_sodium_runtime_get_cpu_features)
sodium-1.0.15/lib/libsodium.a(libsodium_la-utils.o)
                              build/randombytes_salsa20XMC_random.o (sodium_memzero)
sodium-1.0.15/lib/libsodium.a(libsodium_la-randombytes_sysrandom.o)
                              sodium-1.0.15/lib/libsodium.a(libsodium_la-randombytes.o) (randombytes_sysrandom_implementation)
sodium-1.0.15/lib/libsodium.a(libsodium_la-salsa20_ref.o)
                              sodium-1.0.15/lib/libsodium.a(libsodium_la-stream_salsa20.o) (crypto_stream_salsa20_ref_implementation)
sodium-1.0.15/lib/libsodium.a(libsodium_la-core_hsalsa20_ref2.o)
                              sodium-1.0.15/lib/libsodium.a(libsodium_la-crypto_secretbox_easy.o) (crypto_core_hsalsa20)
sodium-1.0.15/lib/libsodium.a(libsodium_la-core_salsa_ref.o)
                              sodium-1.0.15/lib/libsodium.a(libsodium_la-salsa20_ref.o) (crypto_core_salsa20)
sodium-1.0.15/lib/libsodium.a(libsodium_la-blake2b-ref.o)
                              sodium-1.0.15/lib/libsodium.a(libsodium_la-generichash_blake2b.o) (crypto_generichash_blake2b__init)
sodium-1.0.15/lib/libsodium.a(libsodium_la-onetimeauth_poly1305.o)
                              sodium-1.0.15/lib/libsodium.a(libsodium_la-crypto_secretbox_easy.o) (crypto_onetimeauth_poly1305_verify)
sodium-1.0.15/lib/libsodium.a(libsodium_la-poly1305_donna.o)
                              sodium-1.0.15/lib/libsodium.a(libsodium_la-onetimeauth_poly1305.o) (crypto_onetimeauth_poly1305_donna_implementation)
sodium-1.0.15/lib/libsodium.a(libsodium_la-stream_chacha20.o)
                              sodium-1.0.15/lib/libsodium.a(libsodium_la-randombytes.o) (crypto_stream_chacha20_ietf)
sodium-1.0.15/lib/libsodium.a(libsodium_la-chacha20_ref.o)
                              sodium-1.0.15/lib/libsodium.a(libsodium_la-stream_chacha20.o) (crypto_stream_chacha20_ref_implementation)
sodium-1.0.15/lib/libsodium.a(libsodium_la-verify.o)
                              sodium-1.0.15/lib/libsodium.a(libsodium_la-poly1305_donna.o) (crypto_verify_16)
sodium-1.0.15/lib/libsodium.a(libsodium_la-blake2b-compress-ref.o)
                              sodium-1.0.15/lib/libsodium.a(libsodium_la-blake2b-ref.o) (blake2b_compress_ref)
/usr/lib/gcc/arm-none-eabi/9.2.1/../../../arm-none-eabi/lib/thumb/v7e-m/nofp/libg.a(lib_a-abort.o)
                              build/randombytes_salsa20XMC_random.o (abort)
/usr/lib/gcc/arm-none-eabi/9.2.1/../../../arm-none-eabi/lib/thumb/v7e-m/nofp/libg.a(lib_a-assert.o)
                              build/randombytes_salsa20XMC_random.o (__assert_func)
/usr/lib/gcc/arm-none-eabi/9.2.1/../../../arm-none-eabi/lib/thumb/v7e-m/nofp/libg.a(lib_a-calloc.o)
                              build/packetizer.o (calloc)
/usr/lib/gcc/arm-none-eabi/9.2.1/../../../arm-none-eabi/lib/thumb/v7e-m/nofp/libg.a(lib_a-callocr.o)
                              /usr/lib/gcc/arm-none-eabi/9.2.1/../../../arm-none-eabi/lib/thumb/v7e-m/nofp/libg.a(lib_a-calloc.o) (_calloc_r)
/usr/lib/gcc/arm-none-eabi/9.2.1/../../../arm-none-eabi/lib/thumb/v7e-m/nofp/libg.a(lib_a-errno.o)
                              lib_build/syscalls.o (__errno)
/usr/lib/gcc/arm-none-eabi/9.2.1/../../../arm-none-eabi/lib/thumb/v7e-m/nofp/libg.a(lib_a-explicit_bzero.o)
                              sodium-1.0.15/lib/libsodium.a(libsodium_la-utils.o) (explicit_bzero)
/usr/lib/gcc/arm-none-eabi/9.2.1/../../../arm-none-eabi/lib/thumb/v7e-m/nofp/libg.a(lib_a-fiprintf.o)
                              /usr/lib/gcc/arm-none-eabi/9.2.1/../../../arm-none-eabi/lib/thumb/v7e-m/nofp/libg.a(lib_a-assert.o) (fiprintf)
/usr/lib/gcc/arm-none-eabi/9.2.1/../../../arm-none-eabi/lib/thumb/v7e-m/nofp/libg.a(lib_a-impure.o)
                              /usr/lib/gcc/arm-none-eabi/9.2.1/../../../arm-none-eabi/lib/thumb/v7e-m/nofp/libg.a(lib_a-assert.o) (_impure_ptr)
[...]
Memory Configuration

Name             Origin             Length             Attributes
FLASH_1_cached   0x0000000008000000 0x0000000000100000 xr
FLASH_1_uncached 0x000000000c000000 0x0000000000100000 xr
PSRAM_1          0x0000000010000000 0x0000000000010000 !xr
DSRAM_1_system   0x0000000020000000 0x0000000000010000 !xr
DSRAM_2_comm     0x0000000030000000 0x0000000000008000 !xr
*default*        0x0000000000000000 0xffffffffffffffff

Linker script and memory map

LOAD build/main.o
LOAD build/clockSetup.o
LOAD build/VirtualSerial.o
LOAD build/Descriptors.o
LOAD build/packetizer.o
LOAD build/crypto.o
LOAD build/base64url.o
LOAD build/MPUeasy.o
LOAD build/stack_protector.o
LOAD build/randombytes_salsa20XMC_random.o
LOAD lib_build/USBController_XMC4000.o
LOAD lib_build/xmc_usbd.o
LOAD lib_build/CDCClassDevice.o
LOAD lib_build/USBTask.o
LOAD lib_build/Endpoint_XMC4000.o
LOAD lib_build/xmc4_scu.o
LOAD lib_build/EndpointStream_XMC4000.o
LOAD lib_build/memcpy.o
LOAD lib_build/xmc_gpio.o
LOAD lib_build/xmc4_gpio.o
LOAD lib_build/xmc_ccu4.o
LOAD lib_build/startup_XMC4500.o
LOAD lib_build/system_XMC4500.o
LOAD lib_build/syscalls.o
LOAD sodium-1.0.15/lib/libsodium.a
START GROUP
LOAD /usr/lib/gcc/arm-none-eabi/9.2.1/thumb/v7e-m/nofp/libgcc.a
LOAD /usr/lib/gcc/arm-none-eabi/9.2.1/../../../arm-none-eabi/lib/thumb/v7e-m/nofp/libg.a
LOAD /usr/lib/gcc/arm-none-eabi/9.2.1/../../../arm-none-eabi/lib/thumb/v7e-m/nofp/libc.a
END GROUP
START GROUP
LOAD /usr/lib/gcc/arm-none-eabi/9.2.1/thumb/v7e-m/nofp/libgcc.a
LOAD /usr/lib/gcc/arm-none-eabi/9.2.1/../../../arm-none-eabi/lib/thumb/v7e-m/nofp/libc.a
LOAD /usr/lib/gcc/arm-none-eabi/9.2.1/../../../arm-none-eabi/lib/thumb/v7e-m/nofp/libnosys.a
END GROUP
                0x0000000000000800                stack_size = DEFINED (stack_size)?stack_size:0x800
                0x0000000000000040                no_init_size = 0x40

.text           0x0000000008000000     0xdfc8 load address 0x000000000c000000
                0x0000000008000000                sText = .
 *(.reset)
 .reset         0x0000000008000000      0x2b2 lib_build/startup_XMC4500.o
                0x0000000008000000                __Vectors
                0x0000000008000200                Reset_Handler
                0x00000000080002b0                VADC0_C0_3_IRQHandler
                0x00000000080002b0                DSD0_7_IRQHandler
                0x00000000080002b0                DebugMon_Handler
                0x00000000080002b0                VADC0_C0_0_IRQHandler
                0x00000000080002b0                CAN0_4_IRQHandler
                0x00000000080002b0                VADC0_G2_0_IRQHandler
                0x00000000080002b0                USIC0_5_IRQHandler
                0x00000000080002b0                POSIF0_0_IRQHandler
                0x00000000080002b0                POSIF1_0_IRQHandler
                0x00000000080002b0                VADC0_G1_1_IRQHandler
                0x00000000080002b0                SysTick_Handler
                0x00000000080002b0                PendSV_Handler
                0x00000000080002b0                NMI_Handler
                0x00000000080002b0                USIC1_3_IRQHandler
                0x00000000080002b0                CCU40_2_IRQHandler
                0x00000000080002b0                SCU_0_IRQHandler
                0x00000000080002b0                ERU0_0_IRQHandler
                0x00000000080002b0                CCU41_0_IRQHandler
                0x00000000080002b0                USIC1_5_IRQHandler
                0x00000000080002b0                DSD0_4_IRQHandler
                0x00000000080002b0                CCU80_1_IRQHandler
                0x00000000080002b0                CCU81_0_IRQHandler
                0x00000000080002b0                USIC0_0_IRQHandler
                0x00000000080002b0                POSIF1_1_IRQHandler
                0x00000000080002b0                ERU0_2_IRQHandler
                0x00000000080002b0                CCU81_1_IRQHandler
                0x00000000080002b0                ERU1_1_IRQHandler
                0x00000000080002b0                VADC0_G2_3_IRQHandler
                0x00000000080002b0                VADC0_G2_2_IRQHandler
                0x00000000080002b0                CCU42_3_IRQHandler
                0x00000000080002b0                ERU0_3_IRQHandler
                0x00000000080002b0                DSD0_5_IRQHandler
                0x00000000080002b0                CAN0_6_IRQHandler
                0x00000000080002b0                CCU43_0_IRQHandler
                0x00000000080002b0                VADC0_G0_1_IRQHandler
                0x00000000080002b0                CCU81_2_IRQHandler
                0x00000000080002b0                USIC2_4_IRQHandler
                0x00000000080002b0                CCU81_3_IRQHandler
                0x00000000080002b0                CCU42_1_IRQHandler
                0x00000000080002b0                USIC1_1_IRQHandler
                0x00000000080002b0                USIC2_5_IRQHandler
                0x00000000080002b0                CCU40_0_IRQHandler
                0x00000000080002b0                CAN0_0_IRQHandler
                0x00000000080002b0                ERU1_0_IRQHandler
                0x00000000080002b0                CCU42_2_IRQHandler
                0x00000000080002b0                Default_Handler
                0x00000000080002b0                USIC1_4_IRQHandler
                0x00000000080002b0                ERU1_3_IRQHandler
                0x00000000080002b0                USIC1_0_IRQHandler
                0x00000000080002b0                POSIF0_1_IRQHandler
                0x00000000080002b0                VADC0_G0_0_IRQHandler
                0x00000000080002b0                DSD0_2_IRQHandler
                0x00000000080002b0                CCU80_3_IRQHandler
                0x00000000080002b0                CCU41_3_IRQHandler
                0x00000000080002b0                CCU80_2_IRQHandler
                0x00000000080002b0                VADC0_G1_3_IRQHandler
                0x00000000080002b0                VADC0_G0_3_IRQHandler
                0x00000000080002b0                GPDMA0_0_IRQHandler
                0x00000000080002b0                PMU0_0_IRQHandler
                0x00000000080002b0                CAN0_7_IRQHandler
                0x00000000080002b0                DSD0_1_IRQHandler
                0x00000000080002b0                CCU41_2_IRQHandler
                0x00000000080002b0                VADC0_C0_1_IRQHandler
                0x00000000080002b0                CCU43_2_IRQHandler
                0x00000000080002b0                USIC2_2_IRQHandler
                0x00000000080002b0                VADC0_G3_1_IRQHandler
                0x00000000080002b0                DAC0_0_IRQHandler
                0x00000000080002b0                SVC_Handler
                0x00000000080002b0                VADC0_G3_3_IRQHandler
                0x00000000080002b0                ERU1_2_IRQHandler
                0x00000000080002b0                CCU41_1_IRQHandler
                0x00000000080002b0                DSD0_6_IRQHandler
                0x00000000080002b0                CCU43_1_IRQHandler
                0x00000000080002b0                VADC0_G1_2_IRQHandler
                0x00000000080002b0                USIC2_3_IRQHandler
                0x00000000080002b0                CAN0_2_IRQHandler
                0x00000000080002b0                USIC2_0_IRQHandler
                0x00000000080002b0                VADC0_G0_2_IRQHandler
                0x00000000080002b0                VADC0_G2_1_IRQHandler
                0x00000000080002b0                CAN0_3_IRQHandler
                0x00000000080002b0                ETH0_0_IRQHandler
                0x00000000080002b0                USIC0_3_IRQHandler
                0x00000000080002b0                DSD0_0_IRQHandler
                0x00000000080002b0                VADC0_C0_2_IRQHandler
                0x00000000080002b0                CCU42_0_IRQHandler
                0x00000000080002b0                FCE0_0_IRQHandler
                0x00000000080002b0                VADC0_G1_0_IRQHandler
                0x00000000080002b0                CAN0_5_IRQHandler
                0x00000000080002b0                CCU80_0_IRQHandler
                0x00000000080002b0                CCU40_1_IRQHandler
                0x00000000080002b0                USIC2_1_IRQHandler
                0x00000000080002b0                USIC0_1_IRQHandler
                0x00000000080002b0                VADC0_G3_2_IRQHandler
                0x00000000080002b0                CCU40_3_IRQHandler
                0x00000000080002b0                LEDTS0_0_IRQHandler
                0x00000000080002b0                USIC0_4_IRQHandler
                0x00000000080002b0                CCU43_3_IRQHandler
                0x00000000080002b0                ERU0_1_IRQHandler
                0x00000000080002b0                VADC0_G3_0_IRQHandler
                0x00000000080002b0                USIC1_2_IRQHandler
                0x00000000080002b0                DSD0_3_IRQHandler
                0x00000000080002b0                SDMMC0_0_IRQHandler
                0x00000000080002b0                CAN0_1_IRQHandler
                0x00000000080002b0                USIC0_2_IRQHandler
                0x00000000080002b0                DAC0_1_IRQHandler
                0x00000000080002b0                GPDMA1_0_IRQHandler
 *(.text .text.* .gnu.linkonce.t.*)
 .text          0x00000000080002b2        0x0 build/main.o
 *fill*         0x00000000080002b2        0x2 
 .text.main     0x00000000080002b4       0xb4 build/main.o
                0x00000000080002b4                main
 .text          0x0000000008000368        0x0 build/clockSetup.o
 .text.SystemCoreClockSetup
                0x0000000008000368       0x90 build/clockSetup.o
                0x0000000008000368                SystemCoreClockSetup
 .text.HardFault_Handler
                0x00000000080003f8        0x2 build/clockSetup.o
                0x00000000080003f8                HardFault_Handler
 .text.BusFault_Handler
                0x00000000080003fa        0x2 build/clockSetup.o
                0x00000000080003fa                BusFault_Handler
 .text.UsageFault_Handler
                0x00000000080003fc        0x2 build/clockSetup.o
                0x00000000080003fc                UsageFault_Handler
 .text          0x00000000080003fe        0x0 build/VirtualSerial.o
 *fill*         0x00000000080003fe        0x2 
 .text.USB0_0_IRQHandler
                0x0000000008000400       0x10 build/VirtualSerial.o
                0x0000000008000400                USB0_0_IRQHandler
 .text.USB_Init
                0x0000000008000410       0x6c build/VirtualSerial.o
                0x0000000008000410                USB_Init
 .text.EVENT_USB_Device_Connect
                0x000000000800047c        0x2 build/VirtualSerial.o
                0x000000000800047c                EVENT_USB_Device_Connect
 .text.EVENT_USB_Device_Disconnect
                0x000000000800047e        0x2 build/VirtualSerial.o
                0x000000000800047e                EVENT_USB_Device_Disconnect
 .text.EVENT_USB_Device_Reset
                0x0000000008000480       0x28 build/VirtualSerial.o
                0x0000000008000480                EVENT_USB_Device_Reset
 .text.EVENT_USB_Device_ConfigurationChanged
                0x00000000080004a8       0x4c build/VirtualSerial.o
                0x00000000080004a8                EVENT_USB_Device_ConfigurationChanged
 .text.EVENT_USB_Device_ControlRequest
                0x00000000080004f4       0x10 build/VirtualSerial.o
                0x00000000080004f4                EVENT_USB_Device_ControlRequest
 .text.EVENT_USB_Device_StartOfFrame
                0x0000000008000504        0x2 build/VirtualSerial.o
                0x0000000008000504                EVENT_USB_Device_StartOfFrame
 .text.EVENT_USB_Device_WakeUp
                0x0000000008000506        0x2 build/VirtualSerial.o
                0x0000000008000506                EVENT_USB_Device_WakeUp
 .text.EVENT_USB_Device_Suspend
                0x0000000008000508        0x2 build/VirtualSerial.o
                0x0000000008000508                EVENT_USB_Device_Suspend
 .text          0x000000000800050a        0x0 build/Descriptors.o
 *fill*         0x000000000800050a        0x2 
 .text.CALLBACK_USB_GetDescriptor
                0x000000000800050c       0x5c build/Descriptors.o
                0x000000000800050c                CALLBACK_USB_GetDescriptor
 .text          0x0000000008000568        0x0 build/packetizer.o
 .text.packetizerReceiveByteBlocking
                0x0000000008000568       0x20 build/packetizer.o
                0x0000000008000568                packetizerReceiveByteBlocking
 .text.packetizerReadHeader
                0x0000000008000588       0xec build/packetizer.o
                0x0000000008000588                packetizerReadHeader
 .text.packetizerReadText
                0x0000000008000674       0x9a build/packetizer.o
                0x0000000008000674                packetizerReadText
 .text.packetizerReceive
                0x000000000800070e       0x1e build/packetizer.o
                0x000000000800070e                packetizerReceive
 .text.packetizerSend
                0x000000000800072c       0x54 build/packetizer.o
                0x000000000800072c                packetizerSend
 .text          0x0000000008000780        0x0 build/crypto.o
 .text.encrypt  0x0000000008000780       0x60 build/crypto.o
                0x0000000008000780                encrypt
 .text.getCiphertextLength
                0x00000000080007e0        0x2 build/crypto.o
                0x00000000080007e0                getCiphertextLength
 .text          0x00000000080007e2        0x0 build/base64url.o
 *fill*         0x00000000080007e2        0x2 
 .text.base64_encode
                0x00000000080007e4       0xc0 build/base64url.o
                0x00000000080007e4                base64_encode
 .text.base64_encode_alloc
                0x00000000080008a4       0x48 build/base64url.o
                0x00000000080008a4                base64_encode_alloc
 .text.isbase64
                0x00000000080008ec       0x14 build/base64url.o
                0x00000000080008ec                isbase64
 .text.base64_decode
                0x0000000008000900       0xb4 build/base64url.o
                0x0000000008000900                base64_decode
 .text.base64_decode_alloc
                0x00000000080009b4       0x4e build/base64url.o
                0x00000000080009b4                base64_decode_alloc
 .text          0x0000000008000a02        0x0 build/MPUeasy.o
 .text.enableMPU
                0x0000000008000a02       0x2c build/MPUeasy.o
                0x0000000008000a02                enableMPU
 .text.disableMPU
                0x0000000008000a2e       0x1c build/MPUeasy.o
                0x0000000008000a2e                disableMPU
 .text.configMPU
                0x0000000008000a4a       0x8a build/MPUeasy.o
                0x0000000008000a4a                configMPU
 .text.MemManage_Handler
                0x0000000008000ad4       0x18 build/MPUeasy.o
                0x0000000008000ad4                MemManage_Handler
 .text          0x0000000008000aec        0x0 build/stack_protector.o
 .text.__NVIC_SystemReset
                0x0000000008000aec       0x24 build/stack_protector.o
                0x0000000008000aec                __stack_chk_fail
 .text          0x0000000008000b10        0x0 build/randombytes_salsa20XMC_random.o
 .text.randombytes_salsa20XMC_random_rekey
                0x0000000008000b10       0x28 build/randombytes_salsa20XMC_random.o
 .text.randombytes_salsa20XMC_implementation_name
                0x0000000008000b38        0x8 build/randombytes_salsa20XMC_random.o
 .text.randombytes_salsa20XMC_random_stir
                0x0000000008000b40       0xd8 build/randombytes_salsa20XMC_random.o
 .text.randombytes_salsa20XMC_random_buf
                0x0000000008000c18       0xa4 build/randombytes_salsa20XMC_random.o
 .text.randombytes_salsa20XMC_random
                0x0000000008000cbc       0x88 build/randombytes_salsa20XMC_random.o
 .text          0x0000000008000d44        0x0 lib_build/USBController_XMC4000.o
 .text.USBD_HandleEP0_Stall
                0x0000000008000d44       0x24 lib_build/USBController_XMC4000.o
                0x0000000008000d44                USBD_HandleEP0_Stall
 .text.USB_Device_ProcessControlRequest
                0x0000000008000d68      0x324 lib_build/USBController_XMC4000.o
                0x0000000008000d68                USB_Device_ProcessControlRequest
 .text.USBD_HandleEP0_IN
                0x000000000800108c       0x3c lib_build/USBController_XMC4000.o
                0x000000000800108c                USBD_HandleEP0_IN
 .text.USBD_HandleEP0_OUT
                0x00000000080010c8       0x44 lib_build/USBController_XMC4000.o
                0x00000000080010c8                USBD_HandleEP0_OUT
 .text.USBD_HandleEP0_SETUP
                0x000000000800110c       0x70 lib_build/USBController_XMC4000.o
                0x000000000800110c                USBD_HandleEP0_SETUP
 .text.USBD_SignalDeviceEventHandler
                0x000000000800117c      0x140 lib_build/USBController_XMC4000.o
                0x000000000800117c                USBD_SignalDeviceEventHandler
 .text.USBD_SignalEndpointEvent_Handler
                0x00000000080012bc      0x138 lib_build/USBController_XMC4000.o
                0x00000000080012bc                USBD_SignalEndpointEvent_Handler
 .text.USBD_Initialize
                0x00000000080013f4       0x7c lib_build/USBController_XMC4000.o
                0x00000000080013f4                USBD_Initialize
 .text.USB_IsEnumDone
                0x0000000008001470       0x18 lib_build/USBController_XMC4000.o
                0x0000000008001470                USB_IsEnumDone
 .text.USBD_SetEndpointBuffer
                0x0000000008001488       0x28 lib_build/USBController_XMC4000.o
                0x0000000008001488                USBD_SetEndpointBuffer
 .text          0x00000000080014b0        0x0 lib_build/xmc_usbd.o
 .text.XMC_USBD_lReadFifo
                0x00000000080014b0       0xa0 lib_build/xmc_usbd.o
 .text.XMC_USBD_lFlushTXFifo
                0x0000000008001550       0x4c lib_build/xmc_usbd.o
 .text.XMC_USBD_lFlushRXFifo
                0x000000000800159c       0x40 lib_build/xmc_usbd.o
 .text.XMC_USBD_lStartReadXfer
                0x00000000080015dc       0xac lib_build/xmc_usbd.o
 .text.XMC_USBD_lStartWriteXfer
                0x0000000008001688       0xd0 lib_build/xmc_usbd.o
 .text.XMC_USBD_GetCapabilities
                0x0000000008001758        0x6 lib_build/xmc_usbd.o
                0x0000000008001758                XMC_USBD_GetCapabilities
 *fill*         0x000000000800175e        0x2 
 .text.XMC_USBD_DeviceConnect
                0x0000000008001760       0x18 lib_build/xmc_usbd.o
                0x0000000008001760                XMC_USBD_DeviceConnect
 .text.XMC_USBD_DeviceDisconnect
                0x0000000008001778       0x18 lib_build/xmc_usbd.o
                0x0000000008001778                XMC_USBD_DeviceDisconnect
 .text.XMC_USBD_EndpointReadStart
                0x0000000008001790       0x58 lib_build/xmc_usbd.o
                0x0000000008001790                XMC_USBD_EndpointReadStart
 .text.XMC_USBD_DeviceSetAddress
                0x00000000080017e8       0x18 lib_build/xmc_usbd.o
                0x00000000080017e8                XMC_USBD_DeviceSetAddress
 .text.XMC_USBD_EndpointStall
                0x0000000008001800       0xbc lib_build/xmc_usbd.o
                0x0000000008001800                XMC_USBD_EndpointStall
 .text.XMC_USBD_EndpointAbort
                0x00000000080018bc       0x54 lib_build/xmc_usbd.o
                0x00000000080018bc                XMC_USBD_EndpointAbort
 .text.XMC_USBD_EndpointUnconfigure
                0x0000000008001910      0x118 lib_build/xmc_usbd.o
                0x0000000008001910                XMC_USBD_EndpointUnconfigure
 .text.XMC_USBD_GetFrameNumber
                0x0000000008001a28       0x14 lib_build/xmc_usbd.o
                0x0000000008001a28                XMC_USBD_GetFrameNumber
 .text.XMC_USBD_IsEnumDone
                0x0000000008001a3c       0x18 lib_build/xmc_usbd.o
                0x0000000008001a3c                XMC_USBD_IsEnumDone
 .text.XMC_USBD_Uninitialize
                0x0000000008001a54       0x24 lib_build/xmc_usbd.o
                0x0000000008001a54                XMC_USBD_Uninitialize
 .text.XMC_USBD_EndpointConfigure
                0x0000000008001a78      0x288 lib_build/xmc_usbd.o
                0x0000000008001a78                XMC_USBD_EndpointConfigure
 .text.XMC_USBD_EndpointRead
                0x0000000008001d00       0x40 lib_build/xmc_usbd.o
                0x0000000008001d00                XMC_USBD_EndpointRead
 .text.XMC_USBD_EndpointWrite
                0x0000000008001d40       0x6c lib_build/xmc_usbd.o
                0x0000000008001d40                XMC_USBD_EndpointWrite
 .text.XMC_USBD_lDeviceActive
                0x0000000008001dac       0x40 lib_build/xmc_usbd.o
                0x0000000008001dac                XMC_USBD_lDeviceActive
 .text.XMC_USBD_DeviceGetState
                0x0000000008001dec       0x34 lib_build/xmc_usbd.o
                0x0000000008001dec                XMC_USBD_DeviceGetState
 .text.XMC_USBD_Enable
                0x0000000008001e20       0x14 lib_build/xmc_usbd.o
                0x0000000008001e20                XMC_USBD_Enable
 .text.XMC_USBD_Init
                0x0000000008001e34      0x120 lib_build/xmc_usbd.o
                0x0000000008001e34                XMC_USBD_Init
 .text.XMC_USBD_Disable
                0x0000000008001f54       0x14 lib_build/xmc_usbd.o
                0x0000000008001f54                XMC_USBD_Disable
 .text.XMC_USBD_ClearEvent
                0x0000000008001f68       0x58 lib_build/xmc_usbd.o
                0x0000000008001f68                XMC_USBD_ClearEvent
 .text.XMC_USBD_ClearEventINEP
                0x0000000008001fc0       0x10 lib_build/xmc_usbd.o
                0x0000000008001fc0                XMC_USBD_ClearEventINEP
 .text.XMC_USBD_ClearEventOUTEP
                0x0000000008001fd0       0x14 lib_build/xmc_usbd.o
                0x0000000008001fd0                XMC_USBD_ClearEventOUTEP
 .text.XMC_USBD_EnableEventOUTEP
                0x0000000008001fe4       0x14 lib_build/xmc_usbd.o
                0x0000000008001fe4                XMC_USBD_EnableEventOUTEP
 .text.XMC_USBD_EnableEventINEP
                0x0000000008001ff8       0x14 lib_build/xmc_usbd.o
                0x0000000008001ff8                XMC_USBD_EnableEventINEP
 .text.XMC_USBD_IRQHandler
                0x000000000800200c      0x51c lib_build/xmc_usbd.o
                0x000000000800200c                XMC_USBD_IRQHandler
 .text          0x0000000008002528        0x0 lib_build/CDCClassDevice.o
 .text.CDC_Device_ConfigureEndpoints
                0x0000000008002528       0x44 lib_build/CDCClassDevice.o
                0x0000000008002528                CDC_Device_ConfigureEndpoints
 .text.CDC_Device_SendString
                0x000000000800256c       0x48 lib_build/CDCClassDevice.o
                0x000000000800256c                CDC_Device_SendString
 .text.CDC_Device_SendData
                0x00000000080025b4       0x44 lib_build/CDCClassDevice.o
                0x00000000080025b4                CDC_Device_SendData
 .text.CDC_Device_SendByte
                0x00000000080025f8       0x50 lib_build/CDCClassDevice.o
                0x00000000080025f8                CDC_Device_SendByte
 .text.CDC_Device_Flush
                0x0000000008002648       0x80 lib_build/CDCClassDevice.o
                0x0000000008002648                CDC_Device_Flush
 .text.CDC_Device_USBTask
                0x00000000080026c8       0x50 lib_build/CDCClassDevice.o
                0x00000000080026c8                CDC_Device_USBTask
 .text.CDC_Device_BytesReceived
                0x0000000008002718       0x74 lib_build/CDCClassDevice.o
                0x0000000008002718                CDC_Device_BytesReceived
 .text.CDC_Device_ReceiveByte
                0x000000000800278c       0xbc lib_build/CDCClassDevice.o
                0x000000000800278c                CDC_Device_ReceiveByte
 .text.CDC_Device_SendControlLineStateChange
                0x0000000008002848       0x64 lib_build/CDCClassDevice.o
                0x0000000008002848                CDC_Device_SendControlLineStateChange
 .text.EVENT_CDC_Device_LineEncodingChanged
                0x00000000080028ac        0x2 lib_build/CDCClassDevice.o
                0x00000000080028ac                EVENT_CDC_Device_LineEncodingChanged
 .text.EVENT_CDC_Device_ControLineStateChanged
                0x00000000080028ae        0x2 lib_build/CDCClassDevice.o
                0x00000000080028ae                EVENT_CDC_Device_ControLineStateChanged
 .text.EVENT_CDC_Device_BreakSent
                0x00000000080028b0        0x2 lib_build/CDCClassDevice.o
                0x00000000080028b0                EVENT_CDC_Device_BreakSent
 *fill*         0x00000000080028b2        0x2 
 .text.CDC_Device_ProcessControlRequest
                0x00000000080028b4      0x130 lib_build/CDCClassDevice.o
                0x00000000080028b4                CDC_Device_ProcessControlRequest
 .text          0x00000000080029e4        0x0 lib_build/USBTask.o
 .text.USB_USBTask
                0x00000000080029e4       0x4c lib_build/USBTask.o
                0x00000000080029e4                USB_USBTask
 .text          0x0000000008002a30        0x0 lib_build/Endpoint_XMC4000.o
 .text.Endpoint_WaitUntilReady
                0x0000000008002a30       0xa0 lib_build/Endpoint_XMC4000.o
                0x0000000008002a30                Endpoint_WaitUntilReady
 .text.Endpoint_ClearOUT
                0x0000000008002ad0       0x5c lib_build/Endpoint_XMC4000.o
                0x0000000008002ad0                Endpoint_ClearOUT
 .text.Endpoint_ClearIN
                0x0000000008002b2c       0xb8 lib_build/Endpoint_XMC4000.o
                0x0000000008002b2c                Endpoint_ClearIN
 .text.Endpoint_IsReadWriteAllowed
                0x0000000008002be4       0x40 lib_build/Endpoint_XMC4000.o
                0x0000000008002be4                Endpoint_IsReadWriteAllowed
 .text.Endpoint_Write_8
                0x0000000008002c24       0x34 lib_build/Endpoint_XMC4000.o
                0x0000000008002c24                Endpoint_Write_8
 .text.Endpoint_Read_8
                0x0000000008002c58       0x30 lib_build/Endpoint_XMC4000.o
                0x0000000008002c58                Endpoint_Read_8
 .text.Endpoint_Write_32_LE
                0x0000000008002c88       0x34 lib_build/Endpoint_XMC4000.o
                0x0000000008002c88                Endpoint_Write_32_LE
 .text.Endpoint_Read_32_LE
                0x0000000008002cbc       0x30 lib_build/Endpoint_XMC4000.o
                0x0000000008002cbc                Endpoint_Read_32_LE
 .text.Endpoint_ConfigureEndpointTable
                0x0000000008002cec       0x78 lib_build/Endpoint_XMC4000.o
                0x0000000008002cec                Endpoint_ConfigureEndpointTable
 .text          0x0000000008002d64        0x0 lib_build/xmc4_scu.o
 .text.XMC_SCU_lDelay
                0x0000000008002d64       0x30 lib_build/xmc4_scu.o
 .text.XMC_SCU_INTERRUPT_EnableEvent
                0x0000000008002d94       0x10 lib_build/xmc4_scu.o
                0x0000000008002d94                XMC_SCU_INTERRUPT_EnableEvent
 .text.XMC_SCU_INTERRUPT_DisableEvent
                0x0000000008002da4       0x10 lib_build/xmc4_scu.o
                0x0000000008002da4                XMC_SCU_INTERRUPT_DisableEvent
 .text.XMC_SCU_INTERRUPT_TriggerEvent
                0x0000000008002db4       0x10 lib_build/xmc4_scu.o
                0x0000000008002db4                XMC_SCU_INTERRUPT_TriggerEvent
 .text.XMC_SCU_INTERUPT_GetEventStatus
                0x0000000008002dc4        0xc lib_build/xmc4_scu.o
                0x0000000008002dc4                XMC_SCU_INTERUPT_GetEventStatus
 .text.XMC_SCU_INTERRUPT_ClearEventStatus
                0x0000000008002dd0        0xc lib_build/xmc4_scu.o
                0x0000000008002dd0                XMC_SCU_INTERRUPT_ClearEventStatus
 .text.XMC_SCU_GetBootMode
                0x0000000008002ddc       0x10 lib_build/xmc4_scu.o
                0x0000000008002ddc                XMC_SCU_GetBootMode
 .text.XMC_SCU_SetBootMode
                0x0000000008002dec        0xc lib_build/xmc4_scu.o
                0x0000000008002dec                XMC_SCU_SetBootMode
 .text.XMC_SCU_ReadGPR
                0x0000000008002df8        0xc lib_build/xmc4_scu.o
                0x0000000008002df8                XMC_SCU_ReadGPR
 .text.XMC_SCU_WriteGPR
                0x0000000008002e04        0xc lib_build/xmc4_scu.o
                0x0000000008002e04                XMC_SCU_WriteGPR
 .text.XMC_SCU_EnableOutOfRangeComparator
                0x0000000008002e10       0x1a lib_build/xmc4_scu.o
                0x0000000008002e10                XMC_SCU_EnableOutOfRangeComparator
 .text.XMC_SCU_DisableOutOfRangeComparator
                0x0000000008002e2a       0x1c lib_build/xmc4_scu.o
                0x0000000008002e2a                XMC_SCU_DisableOutOfRangeComparator
 *fill*         0x0000000008002e46        0x2 
 .text.XMC_SCU_CalibrateTemperatureSensor
                0x0000000008002e48       0x18 lib_build/xmc4_scu.o
                0x0000000008002e48                XMC_SCU_CalibrateTemperatureSensor
 .text.XMC_SCU_EnableTemperatureSensor
                0x0000000008002e60       0x14 lib_build/xmc4_scu.o
                0x0000000008002e60                XMC_SCU_EnableTemperatureSensor
 .text.XMC_SCU_DisableTemperatureSensor
                0x0000000008002e74       0x14 lib_build/xmc4_scu.o
                0x0000000008002e74                XMC_SCU_DisableTemperatureSensor
 .text.XMC_SCU_IsTemperatureSensorEnabled
                0x0000000008002e88       0x14 lib_build/xmc4_scu.o
                0x0000000008002e88                XMC_SCU_IsTemperatureSensorEnabled
 .text.XMC_SCU_IsTemperatureSensorReady
                0x0000000008002e9c       0x10 lib_build/xmc4_scu.o
                0x0000000008002e9c                XMC_SCU_IsTemperatureSensorReady
 .text.XMC_SCU_GetTemperatureMeasurement
                0x0000000008002eac       0x20 lib_build/xmc4_scu.o
                0x0000000008002eac                XMC_SCU_GetTemperatureMeasurement
 .text.XMC_SCU_IsTemperatureSensorBusy
                0x0000000008002ecc       0x10 lib_build/xmc4_scu.o
                0x0000000008002ecc                XMC_SCU_IsTemperatureSensorBusy
 .text.XMC_SCU_StartTemperatureMeasurement
                0x0000000008002edc       0x2c lib_build/xmc4_scu.o
                0x0000000008002edc                XMC_SCU_StartTemperatureMeasurement
 .text.XMC_SCU_WriteToRetentionMemory
                0x0000000008002f08       0x28 lib_build/xmc4_scu.o
                0x0000000008002f08                XMC_SCU_WriteToRetentionMemory
 .text.XMC_SCU_ReadFromRetentionMemory
                0x0000000008002f30       0x24 lib_build/xmc4_scu.o
                0x0000000008002f30                XMC_SCU_ReadFromRetentionMemory
 .text.XMC_SCU_TRAP_Enable
                0x0000000008002f54       0x10 lib_build/xmc4_scu.o
                0x0000000008002f54                XMC_SCU_TRAP_Enable
 .text.XMC_SCU_TRAP_Disable
                0x0000000008002f64       0x10 lib_build/xmc4_scu.o
                0x0000000008002f64                XMC_SCU_TRAP_Disable
 .text.XMC_SCU_TRAP_GetStatus
                0x0000000008002f74        0xc lib_build/xmc4_scu.o
                0x0000000008002f74                XMC_SCU_TRAP_GetStatus
 .text.XMC_SCU_TRAP_Trigger
                0x0000000008002f80        0xc lib_build/xmc4_scu.o
                0x0000000008002f80                XMC_SCU_TRAP_Trigger
 .text.XMC_SCU_TRAP_ClearStatus
                0x0000000008002f8c        0xc lib_build/xmc4_scu.o
                0x0000000008002f8c                XMC_SCU_TRAP_ClearStatus
 .text.XMC_SCU_PARITY_ClearStatus
                0x0000000008002f98       0x10 lib_build/xmc4_scu.o
                0x0000000008002f98                XMC_SCU_PARITY_ClearStatus
 .text.XMC_SCU_PARITY_GetStatus
                0x0000000008002fa8        0xc lib_build/xmc4_scu.o
                0x0000000008002fa8                XMC_SCU_PARITY_GetStatus
 .text.XMC_SCU_PARITY_Enable
                0x0000000008002fb4       0x10 lib_build/xmc4_scu.o
                0x0000000008002fb4                XMC_SCU_PARITY_Enable
 .text.XMC_SCU_PARITY_Disable
                0x0000000008002fc4       0x10 lib_build/xmc4_scu.o
                0x0000000008002fc4                XMC_SCU_PARITY_Disable
 .text.XMC_SCU_PARITY_EnableTrapGeneration
                0x0000000008002fd4       0x10 lib_build/xmc4_scu.o
                0x0000000008002fd4                XMC_SCU_PARITY_EnableTrapGeneration
 .text.XMC_SCU_PARITY_DisableTrapGeneration
                0x0000000008002fe4       0x10 lib_build/xmc4_scu.o
                0x0000000008002fe4                XMC_SCU_PARITY_DisableTrapGeneration
 .text.XMC_SCU_INTERRUPT_EnableNmiRequest
                0x0000000008002ff4       0x10 lib_build/xmc4_scu.o
                0x0000000008002ff4                XMC_SCU_INTERRUPT_EnableNmiRequest
 .text.XMC_SCU_INTERRUPT_DisableNmiRequest
                0x0000000008003004       0x10 lib_build/xmc4_scu.o
                0x0000000008003004                XMC_SCU_INTERRUPT_DisableNmiRequest
 .text.XMC_SCU_RESET_AssertPeripheralReset
                0x0000000008003014       0x18 lib_build/xmc4_scu.o
                0x0000000008003014                XMC_SCU_RESET_AssertPeripheralReset
 .text.XMC_SCU_RESET_DeassertPeripheralReset
                0x000000000800302c       0x18 lib_build/xmc4_scu.o
                0x000000000800302c                XMC_SCU_RESET_DeassertPeripheralReset
 .text.XMC_SCU_RESET_IsPeripheralResetAsserted
                0x0000000008003044       0x20 lib_build/xmc4_scu.o
                0x0000000008003044                XMC_SCU_RESET_IsPeripheralResetAsserted
 .text.XMC_SCU_CLOCK_GetSystemPllClockSourceFrequency
                0x0000000008003064       0x20 lib_build/xmc4_scu.o
                0x0000000008003064                XMC_SCU_CLOCK_GetSystemPllClockSourceFrequency
 .text.XMC_SCU_CLOCK_GetSystemPllClockFrequency
                0x0000000008003084       0x48 lib_build/xmc4_scu.o
                0x0000000008003084                XMC_SCU_CLOCK_GetSystemPllClockFrequency
 .text.XMC_SCU_CLOCK_GetUsbPllClockFrequency
                0x00000000080030cc       0x30 lib_build/xmc4_scu.o
                0x00000000080030cc                XMC_SCU_CLOCK_GetUsbPllClockFrequency
 .text.XMC_SCU_CLOCK_GetCcuClockFrequency
                0x00000000080030fc       0x20 lib_build/xmc4_scu.o
                0x00000000080030fc                XMC_SCU_CLOCK_GetCcuClockFrequency
 .text.XMC_SCU_CLOCK_GetUsbClockFrequency
                0x000000000800311c       0x2c lib_build/xmc4_scu.o
                0x000000000800311c                XMC_SCU_CLOCK_GetUsbClockFrequency
 .text.XMC_SCU_CLOCK_GetEbuClockFrequency
                0x0000000008003148       0x1c lib_build/xmc4_scu.o
                0x0000000008003148                XMC_SCU_CLOCK_GetEbuClockFrequency
 .text.XMC_SCU_CLOCK_GetWdtClockFrequency
                0x0000000008003164       0x40 lib_build/xmc4_scu.o
                0x0000000008003164                XMC_SCU_CLOCK_GetWdtClockFrequency
 .text.XMC_SCU_CLOCK_GetExternalOutputClockFrequency
                0x00000000080031a4       0x58 lib_build/xmc4_scu.o
                0x00000000080031a4                XMC_SCU_CLOCK_GetExternalOutputClockFrequency
 .text.XMC_SCU_CLOCK_GetPeripheralClockFrequency
                0x00000000080031fc       0x18 lib_build/xmc4_scu.o
                0x00000000080031fc                XMC_SCU_CLOCK_GetPeripheralClockFrequency
 .text.XMC_SCU_CLOCK_SetSystemClockSource
                0x0000000008003214       0x14 lib_build/xmc4_scu.o
                0x0000000008003214                XMC_SCU_CLOCK_SetSystemClockSource
 .text.XMC_SCU_CLOCK_SetUsbClockSource
                0x0000000008003228       0x14 lib_build/xmc4_scu.o
                0x0000000008003228                XMC_SCU_CLOCK_SetUsbClockSource
 .text.XMC_SCU_CLOCK_SetWdtClockSource
                0x000000000800323c       0x14 lib_build/xmc4_scu.o
                0x000000000800323c                XMC_SCU_CLOCK_SetWdtClockSource
 .text.XMC_SCU_CLOCK_SetExternalOutputClockSource
                0x0000000008003250       0x14 lib_build/xmc4_scu.o
                0x0000000008003250                XMC_SCU_CLOCK_SetExternalOutputClockSource
 .text.XMC_SCU_CLOCK_SetSystemPllClockSource
                0x0000000008003264       0x28 lib_build/xmc4_scu.o
                0x0000000008003264                XMC_SCU_CLOCK_SetSystemPllClockSource
 .text.XMC_SCU_HIB_SetRtcClockSource
                0x000000000800328c       0x24 lib_build/xmc4_scu.o
                0x000000000800328c                XMC_SCU_HIB_SetRtcClockSource
 .text.XMC_SCU_HIB_SetStandbyClockSource
                0x00000000080032b0       0x24 lib_build/xmc4_scu.o
                0x00000000080032b0                XMC_SCU_HIB_SetStandbyClockSource
 .text.XMC_SCU_CLOCK_SetSystemClockDivider
                0x00000000080032d4       0x14 lib_build/xmc4_scu.o
                0x00000000080032d4                XMC_SCU_CLOCK_SetSystemClockDivider
 .text.XMC_SCU_CLOCK_SetCcuClockDivider
                0x00000000080032e8       0x14 lib_build/xmc4_scu.o
                0x00000000080032e8                XMC_SCU_CLOCK_SetCcuClockDivider
 .text.XMC_SCU_CLOCK_SetCpuClockDivider
                0x00000000080032fc       0x14 lib_build/xmc4_scu.o
                0x00000000080032fc                XMC_SCU_CLOCK_SetCpuClockDivider
 .text.XMC_SCU_CLOCK_SetPeripheralClockDivider
                0x0000000008003310       0x14 lib_build/xmc4_scu.o
                0x0000000008003310                XMC_SCU_CLOCK_SetPeripheralClockDivider
 .text.XMC_SCU_CLOCK_SetUsbClockDivider
                0x0000000008003324       0x14 lib_build/xmc4_scu.o
                0x0000000008003324                XMC_SCU_CLOCK_SetUsbClockDivider
 .text.XMC_SCU_CLOCK_SetEbuClockDivider
                0x0000000008003338       0x14 lib_build/xmc4_scu.o
                0x0000000008003338                XMC_SCU_CLOCK_SetEbuClockDivider
 .text.XMC_SCU_CLOCK_SetWdtClockDivider
                0x000000000800334c       0x14 lib_build/xmc4_scu.o
                0x000000000800334c                XMC_SCU_CLOCK_SetWdtClockDivider
 .text.XMC_SCU_CLOCK_SetExternalOutputClockDivider
                0x0000000008003360       0x1c lib_build/xmc4_scu.o
                0x0000000008003360                XMC_SCU_CLOCK_SetExternalOutputClockDivider
 .text.XMC_SCU_CLOCK_EnableClock
                0x000000000800337c        0xc lib_build/xmc4_scu.o
                0x000000000800337c                XMC_SCU_CLOCK_EnableClock
 .text.XMC_SCU_CLOCK_DisableClock
                0x0000000008003388        0xc lib_build/xmc4_scu.o
                0x0000000008003388                XMC_SCU_CLOCK_DisableClock
 .text.XMC_SCU_CLOCK_IsClockEnabled
                0x0000000008003394       0x14 lib_build/xmc4_scu.o
                0x0000000008003394                XMC_SCU_CLOCK_IsClockEnabled
 .text.XMC_SCU_POWER_GetEVR13Voltage
                0x00000000080033a8       0x24 lib_build/xmc4_scu.o
                0x00000000080033a8                XMC_SCU_POWER_GetEVR13Voltage
 .text.XMC_SCU_POWER_GetEVR33Voltage
                0x00000000080033cc       0x28 lib_build/xmc4_scu.o
                0x00000000080033cc                XMC_SCU_POWER_GetEVR33Voltage
 .text.XMC_SCU_CLOCK_EnableUsbPll
                0x00000000080033f4       0x14 lib_build/xmc4_scu.o
                0x00000000080033f4                XMC_SCU_CLOCK_EnableUsbPll
 .text.XMC_SCU_CLOCK_DisableUsbPll
                0x0000000008003408       0x14 lib_build/xmc4_scu.o
                0x0000000008003408                XMC_SCU_CLOCK_DisableUsbPll
 .text.XMC_SCU_CLOCK_StartUsbPll
                0x000000000800341c       0x48 lib_build/xmc4_scu.o
                0x000000000800341c                XMC_SCU_CLOCK_StartUsbPll
 .text.XMC_SCU_CLOCK_StopUsbPll
                0x0000000008003464       0x10 lib_build/xmc4_scu.o
                0x0000000008003464                XMC_SCU_CLOCK_StopUsbPll
 .text.XMC_SCU_CLOCK_SetBackupClockCalibrationMode
                0x0000000008003474       0x38 lib_build/xmc4_scu.o
                0x0000000008003474                XMC_SCU_CLOCK_SetBackupClockCalibrationMode
 .text.XMC_SCU_POWER_EnableUsb
                0x00000000080034ac       0x10 lib_build/xmc4_scu.o
                0x00000000080034ac                XMC_SCU_POWER_EnableUsb
 .text.XMC_SCU_POWER_DisableUsb
                0x00000000080034bc       0x10 lib_build/xmc4_scu.o
                0x00000000080034bc                XMC_SCU_POWER_DisableUsb
 .text.XMC_SCU_CLOCK_IsUsbPllLocked
                0x00000000080034cc       0x10 lib_build/xmc4_scu.o
                0x00000000080034cc                XMC_SCU_CLOCK_IsUsbPllLocked
 .text.XMC_SCU_HIB_EnableHibernateDomain
                0x00000000080034dc       0x40 lib_build/xmc4_scu.o
                0x00000000080034dc                XMC_SCU_HIB_EnableHibernateDomain
 .text.XMC_SCU_HIB_DisableHibernateDomain
                0x000000000800351c       0x18 lib_build/xmc4_scu.o
                0x000000000800351c                XMC_SCU_HIB_DisableHibernateDomain
 .text.XMC_SCU_HIB_IsHibernateDomainEnabled
                0x0000000008003534       0x24 lib_build/xmc4_scu.o
                0x0000000008003534                XMC_SCU_HIB_IsHibernateDomainEnabled
 .text.XMC_SCU_HIB_EnableInternalSlowClock
                0x0000000008003558       0x20 lib_build/xmc4_scu.o
                0x0000000008003558                XMC_SCU_HIB_EnableInternalSlowClock
 .text.XMC_SCU_HIB_DisableInternalSlowClock
                0x0000000008003578       0x20 lib_build/xmc4_scu.o
                0x0000000008003578                XMC_SCU_HIB_DisableInternalSlowClock
 .text.XMC_SCU_HIB_ClearEventStatus
                0x0000000008003598       0x1c lib_build/xmc4_scu.o
                0x0000000008003598                XMC_SCU_HIB_ClearEventStatus
 .text.XMC_SCU_HIB_TriggerEvent
                0x00000000080035b4       0x1c lib_build/xmc4_scu.o
                0x00000000080035b4                XMC_SCU_HIB_TriggerEvent
 .text.XMC_SCU_HIB_EnableEvent
                0x00000000080035d0       0x20 lib_build/xmc4_scu.o
                0x00000000080035d0                XMC_SCU_HIB_EnableEvent
 .text.XMC_SCU_HIB_DisableEvent
                0x00000000080035f0       0x20 lib_build/xmc4_scu.o
                0x00000000080035f0                XMC_SCU_HIB_DisableEvent
 .text.XMC_SCU_HIB_EnterHibernateState
                0x0000000008003610       0x20 lib_build/xmc4_scu.o
                0x0000000008003610                XMC_SCU_HIB_EnterHibernateState
 .text.XMC_SCU_HIB_EnterHibernateStateEx
                0x0000000008003630        0xc lib_build/xmc4_scu.o
                0x0000000008003630                XMC_SCU_HIB_EnterHibernateStateEx
 .text.XMC_SCU_HIB_SetWakeupTriggerInput
                0x000000000800363c       0x30 lib_build/xmc4_scu.o
                0x000000000800363c                XMC_SCU_HIB_SetWakeupTriggerInput
 .text.XMC_SCU_HIB_SetPinMode
                0x000000000800366c       0x34 lib_build/xmc4_scu.o
                0x000000000800366c                XMC_SCU_HIB_SetPinMode
 .text.XMC_SCU_HIB_SetPinOutputLevel
                0x00000000080036a0       0x30 lib_build/xmc4_scu.o
                0x00000000080036a0                XMC_SCU_HIB_SetPinOutputLevel
 .text.XMC_SCU_HIB_SetInput0
                0x00000000080036d0       0x30 lib_build/xmc4_scu.o
                0x00000000080036d0                XMC_SCU_HIB_SetInput0
 .text.XMC_SCU_HIB_SetSR0Input
                0x0000000008003700       0x24 lib_build/xmc4_scu.o
                0x0000000008003700                XMC_SCU_HIB_SetSR0Input
 .text.XMC_SCU_CLOCK_IsLowPowerOscillatorStable
                0x0000000008003724       0x14 lib_build/xmc4_scu.o
                0x0000000008003724                XMC_SCU_CLOCK_IsLowPowerOscillatorStable
 .text.XMC_SCU_CLOCK_EnableLowPowerOscillator
                0x0000000008003738       0x58 lib_build/xmc4_scu.o
                0x0000000008003738                XMC_SCU_CLOCK_EnableLowPowerOscillator
 .text.XMC_SCU_CLOCK_DisableLowPowerOscillator
                0x0000000008003790       0x20 lib_build/xmc4_scu.o
                0x0000000008003790                XMC_SCU_CLOCK_DisableLowPowerOscillator
 .text.XMC_SCU_CLOCK_EnableLowPowerOscillatorGeneralPurposeInput
                0x00000000080037b0       0x20 lib_build/xmc4_scu.o
                0x00000000080037b0                XMC_SCU_CLOCK_EnableLowPowerOscillatorGeneralPurposeInput
 .text.XMC_SCU_CLOCK_DisableLowPowerOscillatorGeneralPurposeInput
                0x00000000080037d0       0x24 lib_build/xmc4_scu.o
                0x00000000080037d0                XMC_SCU_CLOCK_DisableLowPowerOscillatorGeneralPurposeInput
 .text.XMC_SCU_CLOCK_GetLowPowerOscillatorGeneralPurposeInputStatus
                0x00000000080037f4       0x10 lib_build/xmc4_scu.o
                0x00000000080037f4                XMC_SCU_CLOCK_GetLowPowerOscillatorGeneralPurposeInputStatus
 .text.XMC_SCU_CLOCK_EnableHighPerformanceOscillator
                0x0000000008003804       0x44 lib_build/xmc4_scu.o
                0x0000000008003804                XMC_SCU_CLOCK_EnableHighPerformanceOscillator
 .text.XMC_SCU_CLOCK_IsHighPerformanceOscillatorStable
                0x0000000008003848       0x18 lib_build/xmc4_scu.o
                0x0000000008003848                XMC_SCU_CLOCK_IsHighPerformanceOscillatorStable
 .text.XMC_SCU_CLOCK_DisableHighPerformanceOscillator
                0x0000000008003860       0x10 lib_build/xmc4_scu.o
                0x0000000008003860                XMC_SCU_CLOCK_DisableHighPerformanceOscillator
 .text.XMC_SCU_CLOCK_EnableHighPerformanceOscillatorGeneralPurposeInput
                0x0000000008003870       0x10 lib_build/xmc4_scu.o
                0x0000000008003870                XMC_SCU_CLOCK_EnableHighPerformanceOscillatorGeneralPurposeInput
 .text.XMC_SCU_CLOCK_DisableHighPerformanceOscillatorGeneralPurposeInput
                0x0000000008003880       0x10 lib_build/xmc4_scu.o
                0x0000000008003880                XMC_SCU_CLOCK_DisableHighPerformanceOscillatorGeneralPurposeInput
 .text.XMC_SCU_CLOCK_GetHighPerformanceOscillatorGeneralPurposeInputStatus
                0x0000000008003890       0x10 lib_build/xmc4_scu.o
                0x0000000008003890                XMC_SCU_CLOCK_GetHighPerformanceOscillatorGeneralPurposeInputStatus
 .text.XMC_SCU_CLOCK_EnableSystemPll
                0x00000000080038a0       0x14 lib_build/xmc4_scu.o
                0x00000000080038a0                XMC_SCU_CLOCK_EnableSystemPll
 .text.XMC_SCU_CLOCK_DisableSystemPll
                0x00000000080038b4       0x14 lib_build/xmc4_scu.o
                0x00000000080038b4                XMC_SCU_CLOCK_DisableSystemPll
 .text.XMC_SCU_CLOCK_StopSystemPll
                0x00000000080038c8       0x10 lib_build/xmc4_scu.o
                0x00000000080038c8                XMC_SCU_CLOCK_StopSystemPll
 .text.XMC_SCU_CLOCK_StepSystemPllFrequency
                0x00000000080038d8       0x20 lib_build/xmc4_scu.o
                0x00000000080038d8                XMC_SCU_CLOCK_StepSystemPllFrequency
 .text.XMC_SCU_CLOCK_StartSystemPll
                0x00000000080038f8      0x10c lib_build/xmc4_scu.o
                0x00000000080038f8                XMC_SCU_CLOCK_StartSystemPll
 .text.XMC_SCU_CLOCK_Init
                0x0000000008003a04       0xa0 lib_build/xmc4_scu.o
                0x0000000008003a04                XMC_SCU_CLOCK_Init
 .text.XMC_SCU_CLOCK_IsSystemPllLocked
                0x0000000008003aa4       0x10 lib_build/xmc4_scu.o
                0x0000000008003aa4                XMC_SCU_CLOCK_IsSystemPllLocked
 .text.XMC_SCU_INTERRUPT_SetEventHandler
                0x0000000008003ab4       0x34 lib_build/xmc4_scu.o
                0x0000000008003ab4                XMC_SCU_INTERRUPT_SetEventHandler
 .text.XMC_SCU_IRQHandler
                0x0000000008003ae8       0x40 lib_build/xmc4_scu.o
                0x0000000008003ae8                XMC_SCU_IRQHandler
 .text          0x0000000008003b28        0x0 lib_build/EndpointStream_XMC4000.o
 .text.Endpoint_Write_Stream_LE
                0x0000000008003b28       0xb4 lib_build/EndpointStream_XMC4000.o
                0x0000000008003b28                Endpoint_Write_Stream_LE
 .text.SwapCopy
                0x0000000008003bdc       0x20 lib_build/EndpointStream_XMC4000.o
                0x0000000008003bdc                SwapCopy
 .text.Endpoint_Write_Stream_BE
                0x0000000008003bfc       0x90 lib_build/EndpointStream_XMC4000.o
                0x0000000008003bfc                Endpoint_Write_Stream_BE
 .text.Endpoint_Read_Stream_LE
                0x0000000008003c8c       0x94 lib_build/EndpointStream_XMC4000.o
                0x0000000008003c8c                Endpoint_Read_Stream_LE
 .text.Endpoint_Read_Stream_BE
                0x0000000008003d20       0x94 lib_build/EndpointStream_XMC4000.o
                0x0000000008003d20                Endpoint_Read_Stream_BE
 .text.Endpoint_Write_Control_Stream_LE
                0x0000000008003db4       0x40 lib_build/EndpointStream_XMC4000.o
                0x0000000008003db4                Endpoint_Write_Control_Stream_LE
 .text.Endpoint_Write_Control_Stream_BE
                0x0000000008003df4        0x8 lib_build/EndpointStream_XMC4000.o
                0x0000000008003df4                Endpoint_Write_Control_Stream_BE
 .text.Endpoint_Read_Control_Stream_LE
                0x0000000008003dfc       0x3c lib_build/EndpointStream_XMC4000.o
                0x0000000008003dfc                Endpoint_Read_Control_Stream_LE
 .text.Endpoint_Read_Control_Stream_BE
                0x0000000008003e38        0x8 lib_build/EndpointStream_XMC4000.o
                0x0000000008003e38                Endpoint_Read_Control_Stream_BE
 .text.Endpoint_Null_Stream
                0x0000000008003e40       0x8c lib_build/EndpointStream_XMC4000.o
                0x0000000008003e40                Endpoint_Null_Stream
 .text          0x0000000008003ecc        0x0 lib_build/memcpy.o
 .text.thumb2_memcpy
                0x0000000008003ecc       0x3c lib_build/memcpy.o
                0x0000000008003ecc                thumb2_memcpy
 .text          0x0000000008003f08        0x0 lib_build/xmc_gpio.o
 .text.XMC_GPIO_SetMode
                0x0000000008003f08       0x2a lib_build/xmc_gpio.o
                0x0000000008003f08                XMC_GPIO_SetMode
 .text.XMC_GPIO_SetHardwareControl
                0x0000000008003f32       0x1e lib_build/xmc_gpio.o
                0x0000000008003f32                XMC_GPIO_SetHardwareControl
 .text          0x0000000008003f50        0x0 lib_build/xmc4_gpio.o
 .text.XMC_GPIO_Init
                0x0000000008003f50       0x84 lib_build/xmc4_gpio.o
                0x0000000008003f50                XMC_GPIO_Init
 .text.XMC_GPIO_SetOutputStrength
                0x0000000008003fd4       0x2a lib_build/xmc4_gpio.o
                0x0000000008003fd4                XMC_GPIO_SetOutputStrength
 .text          0x0000000008003ffe        0x0 lib_build/xmc_ccu4.o
 *fill*         0x0000000008003ffe        0x2 
 .text.XMC_CCU4_EnableModule
                0x0000000008004000       0x58 lib_build/xmc_ccu4.o
                0x0000000008004000                XMC_CCU4_EnableModule
 .text.XMC_CCU4_DisableModule
                0x0000000008004058       0x50 lib_build/xmc_ccu4.o
                0x0000000008004058                XMC_CCU4_DisableModule
 .text.XMC_CCU4_Init
                0x00000000080040a8       0x20 lib_build/xmc_ccu4.o
                0x00000000080040a8                XMC_CCU4_Init
 .text.XMC_CCU4_SetModuleClock
                0x00000000080040c8        0xe lib_build/xmc_ccu4.o
                0x00000000080040c8                XMC_CCU4_SetModuleClock
 .text.XMC_CCU4_SetMultiChannelShadowTransferMode
                0x00000000080040d6        0xe lib_build/xmc_ccu4.o
                0x00000000080040d6                XMC_CCU4_SetMultiChannelShadowTransferMode
 .text.XMC_CCU4_SLICE_CompareInit
                0x00000000080040e4       0x2e lib_build/xmc_ccu4.o
                0x00000000080040e4                XMC_CCU4_SLICE_CompareInit
 .text.XMC_CCU4_SLICE_CaptureInit
                0x0000000008004112       0x1e lib_build/xmc_ccu4.o
                0x0000000008004112                XMC_CCU4_SLICE_CaptureInit
 .text.XMC_CCU4_SLICE_StartConfig
                0x0000000008004130       0x1c lib_build/xmc_ccu4.o
                0x0000000008004130                XMC_CCU4_SLICE_StartConfig
 .text.XMC_CCU4_SLICE_StopConfig
                0x000000000800414c       0x20 lib_build/xmc_ccu4.o
                0x000000000800414c                XMC_CCU4_SLICE_StopConfig
 .text.XMC_CCU4_SLICE_LoadConfig
                0x000000000800416c        0xe lib_build/xmc_ccu4.o
                0x000000000800416c                XMC_CCU4_SLICE_LoadConfig
 .text.XMC_CCU4_SLICE_ModulationConfig
                0x000000000800417a       0x2e lib_build/xmc_ccu4.o
                0x000000000800417a                XMC_CCU4_SLICE_ModulationConfig
 .text.XMC_CCU4_SLICE_CountConfig
                0x00000000080041a8        0xe lib_build/xmc_ccu4.o
                0x00000000080041a8                XMC_CCU4_SLICE_CountConfig
 .text.XMC_CCU4_SLICE_GateConfig
                0x00000000080041b6        0xe lib_build/xmc_ccu4.o
                0x00000000080041b6                XMC_CCU4_SLICE_GateConfig
 .text.XMC_CCU4_SLICE_Capture0Config
                0x00000000080041c4        0xe lib_build/xmc_ccu4.o
                0x00000000080041c4                XMC_CCU4_SLICE_Capture0Config
 .text.XMC_CCU4_SLICE_Capture1Config
                0x00000000080041d2        0xe lib_build/xmc_ccu4.o
                0x00000000080041d2                XMC_CCU4_SLICE_Capture1Config
 .text.XMC_CCU4_SLICE_DirectionConfig
                0x00000000080041e0        0xe lib_build/xmc_ccu4.o
                0x00000000080041e0                XMC_CCU4_SLICE_DirectionConfig
 .text.XMC_CCU4_SLICE_StatusBitOverrideConfig
                0x00000000080041ee        0xa lib_build/xmc_ccu4.o
                0x00000000080041ee                XMC_CCU4_SLICE_StatusBitOverrideConfig
 .text.XMC_CCU4_SLICE_TrapConfig
                0x00000000080041f8       0x26 lib_build/xmc_ccu4.o
                0x00000000080041f8                XMC_CCU4_SLICE_TrapConfig
 .text.XMC_CCU4_SLICE_ConfigureStatusBitOverrideEvent
                0x000000000800421e       0x5c lib_build/xmc_ccu4.o
                0x000000000800421e                XMC_CCU4_SLICE_ConfigureStatusBitOverrideEvent
 .text.XMC_CCU4_SLICE_ConfigureEvent
                0x000000000800427a       0x64 lib_build/xmc_ccu4.o
                0x000000000800427a                XMC_CCU4_SLICE_ConfigureEvent
 .text.XMC_CCU4_SLICE_SetInput
                0x00000000080042de       0x1e lib_build/xmc_ccu4.o
                0x00000000080042de                XMC_CCU4_SLICE_SetInput
 .text.XMC_CCU4_SLICE_SetTimerRepeatMode
                0x00000000080042fc       0x16 lib_build/xmc_ccu4.o
                0x00000000080042fc                XMC_CCU4_SLICE_SetTimerRepeatMode
 .text.XMC_CCU4_SLICE_SetTimerCountingMode
                0x0000000008004312       0x16 lib_build/xmc_ccu4.o
                0x0000000008004312                XMC_CCU4_SLICE_SetTimerCountingMode
 .text.XMC_CCU4_SLICE_GetCaptureRegisterValue
                0x0000000008004328        0xa lib_build/xmc_ccu4.o
                0x0000000008004328                XMC_CCU4_SLICE_GetCaptureRegisterValue
 .text.XMC_CCU4_SLICE_GetLastCapturedTimerValue
                0x0000000008004332       0x4a lib_build/xmc_ccu4.o
                0x0000000008004332                XMC_CCU4_SLICE_GetLastCapturedTimerValue
 .text.XMC_CCU4_GetCapturedValueFromFifo
                0x000000000800437c       0x10 lib_build/xmc_ccu4.o
                0x000000000800437c                XMC_CCU4_GetCapturedValueFromFifo
 .text.XMC_CCU4_SLICE_EnableDithering
                0x000000000800438c       0x1e lib_build/xmc_ccu4.o
                0x000000000800438c                XMC_CCU4_SLICE_EnableDithering
 .text.XMC_CCU4_SLICE_SetPrescaler
                0x00000000080043aa       0x10 lib_build/xmc_ccu4.o
                0x00000000080043aa                XMC_CCU4_SLICE_SetPrescaler
 .text.XMC_CCU4_SLICE_SetInterruptNode
                0x00000000080043ba       0x4c lib_build/xmc_ccu4.o
                0x00000000080043ba                XMC_CCU4_SLICE_SetInterruptNode
 .text.XMC_CCU4_SLICE_SetPassiveLevel
                0x0000000008004406        0xc lib_build/xmc_ccu4.o
                0x0000000008004406                XMC_CCU4_SLICE_SetPassiveLevel
 .text          0x0000000008004412        0x0 lib_build/startup_XMC4500.o
 .text          0x0000000008004412        0x0 lib_build/system_XMC4500.o
 .text.delay    0x0000000008004412       0x1e lib_build/system_XMC4500.o
 .text.SystemCoreSetup
                0x0000000008004430       0x44 lib_build/system_XMC4500.o
                0x0000000008004430                SystemCoreSetup
 .text.OSCHP_GetFrequency
                0x0000000008004474        0x8 lib_build/system_XMC4500.o
                0x0000000008004474                OSCHP_GetFrequency
 .text.SystemCoreClockUpdate
                0x000000000800447c       0x8c lib_build/system_XMC4500.o
                0x000000000800447c                SystemCoreClockUpdate
 .text.SystemCoreClockSetup
                0x0000000008004508      0x1a0 lib_build/system_XMC4500.o
 .text.SystemInit
                0x00000000080046a8       0x1c lib_build/system_XMC4500.o
                0x00000000080046a8                SystemInit
 .text          0x00000000080046c4        0x0 lib_build/syscalls.o
 .text._sbrk    0x00000000080046c4       0x44 lib_build/syscalls.o
                0x00000000080046c4                _sbrk
 .text._init    0x0000000008004708        0x2 lib_build/syscalls.o
                0x0000000008004708                _init
 .text          0x000000000800470a        0x0 sodium-1.0.15/lib/libsodium.a(libsodium_la-crypto_generichash.o)
 .text.crypto_generichash_bytes_min
                0x000000000800470a        0x4 sodium-1.0.15/lib/libsodium.a(libsodium_la-crypto_generichash.o)
                0x000000000800470a                crypto_generichash_bytes_min
 .text.crypto_generichash_bytes_max
                0x000000000800470e        0x4 sodium-1.0.15/lib/libsodium.a(libsodium_la-crypto_generichash.o)
                0x000000000800470e                crypto_generichash_bytes_max
 .text.crypto_generichash_bytes
                0x0000000008004712        0x4 sodium-1.0.15/lib/libsodium.a(libsodium_la-crypto_generichash.o)
                0x0000000008004712                crypto_generichash_bytes
 .text.crypto_generichash_keybytes_min
                0x0000000008004716        0x4 sodium-1.0.15/lib/libsodium.a(libsodium_la-crypto_generichash.o)
                0x0000000008004716                crypto_generichash_keybytes_min
 .text.crypto_generichash_keybytes_max
                0x000000000800471a        0x4 sodium-1.0.15/lib/libsodium.a(libsodium_la-crypto_generichash.o)
                0x000000000800471a                crypto_generichash_keybytes_max
 .text.crypto_generichash_keybytes
                0x000000000800471e        0x4 sodium-1.0.15/lib/libsodium.a(libsodium_la-crypto_generichash.o)
                0x000000000800471e                crypto_generichash_keybytes
 *fill*         0x0000000008004722        0x2 
 .text.crypto_generichash_primitive
                0x0000000008004724        0xc sodium-1.0.15/lib/libsodium.a(libsodium_la-crypto_generichash.o)
                0x0000000008004724                crypto_generichash_primitive
 .text.crypto_generichash_statebytes
                0x0000000008004730        0x6 sodium-1.0.15/lib/libsodium.a(libsodium_la-crypto_generichash.o)
                0x0000000008004730                crypto_generichash_statebytes
 .text.crypto_generichash
                0x0000000008004736        0x8 sodium-1.0.15/lib/libsodium.a(libsodium_la-crypto_generichash.o)
                0x0000000008004736                crypto_generichash
 .text.crypto_generichash_init
                0x000000000800473e        0x4 sodium-1.0.15/lib/libsodium.a(libsodium_la-crypto_generichash.o)
                0x000000000800473e                crypto_generichash_init
 .text.crypto_generichash_update
                0x0000000008004742        0x4 sodium-1.0.15/lib/libsodium.a(libsodium_la-crypto_generichash.o)
                0x0000000008004742                crypto_generichash_update
 .text.crypto_generichash_final
                0x0000000008004746        0x4 sodium-1.0.15/lib/libsodium.a(libsodium_la-crypto_generichash.o)
                0x0000000008004746                crypto_generichash_final
 .text.crypto_generichash_keygen
                0x000000000800474a        0x6 sodium-1.0.15/lib/libsodium.a(libsodium_la-crypto_generichash.o)
                0x000000000800474a                crypto_generichash_keygen
 .text          0x0000000008004750        0x0 sodium-1.0.15/lib/libsodium.a(libsodium_la-generichash_blake2b.o)
 .text.crypto_generichash_blake2b
                0x0000000008004750       0x28 sodium-1.0.15/lib/libsodium.a(libsodium_la-generichash_blake2b.o)
                0x0000000008004750                crypto_generichash_blake2b
 .text.crypto_generichash_blake2b_salt_personal
                0x0000000008004778       0x34 sodium-1.0.15/lib/libsodium.a(libsodium_la-generichash_blake2b.o)
                0x0000000008004778                crypto_generichash_blake2b_salt_personal
 .text.crypto_generichash_blake2b_init
                0x00000000080047ac       0x36 sodium-1.0.15/lib/libsodium.a(libsodium_la-generichash_blake2b.o)
                0x00000000080047ac                crypto_generichash_blake2b_init
 .text.crypto_generichash_blake2b_init_salt_personal
                0x00000000080047e2       0x44 sodium-1.0.15/lib/libsodium.a(libsodium_la-generichash_blake2b.o)
                0x00000000080047e2                crypto_generichash_blake2b_init_salt_personal
 .text.crypto_generichash_blake2b_update
                0x0000000008004826        0x4 sodium-1.0.15/lib/libsodium.a(libsodium_la-generichash_blake2b.o)
                0x0000000008004826                crypto_generichash_blake2b_update
 *fill*         0x000000000800482a        0x2 
 .text.crypto_generichash_blake2b_final
                0x000000000800482c       0x30 sodium-1.0.15/lib/libsodium.a(libsodium_la-generichash_blake2b.o)
                0x000000000800482c                crypto_generichash_blake2b_final
 .text._crypto_generichash_blake2b_pick_best_implementation
                0x000000000800485c        0x4 sodium-1.0.15/lib/libsodium.a(libsodium_la-generichash_blake2b.o)
                0x000000000800485c                _crypto_generichash_blake2b_pick_best_implementation
 .text          0x0000000008004860        0x0 sodium-1.0.15/lib/libsodium.a(libsodium_la-crypto_secretbox_easy.o)
 .text.crypto_secretbox_detached
                0x0000000008004860      0x15a sodium-1.0.15/lib/libsodium.a(libsodium_la-crypto_secretbox_easy.o)
                0x0000000008004860                crypto_secretbox_detached
 .text.crypto_secretbox_easy
                0x00000000080049ba       0x30 sodium-1.0.15/lib/libsodium.a(libsodium_la-crypto_secretbox_easy.o)
                0x00000000080049ba                crypto_secretbox_easy
 .text.crypto_secretbox_open_detached
                0x00000000080049ea      0x13a sodium-1.0.15/lib/libsodium.a(libsodium_la-crypto_secretbox_easy.o)
                0x00000000080049ea                crypto_secretbox_open_detached
 .text.crypto_secretbox_open_easy
                0x0000000008004b24       0x2e sodium-1.0.15/lib/libsodium.a(libsodium_la-crypto_secretbox_easy.o)
                0x0000000008004b24                crypto_secretbox_open_easy
 .text          0x0000000008004b52        0x0 sodium-1.0.15/lib/libsodium.a(libsodium_la-stream_salsa20.o)
 .text.crypto_stream_salsa20_keybytes
                0x0000000008004b52        0x4 sodium-1.0.15/lib/libsodium.a(libsodium_la-stream_salsa20.o)
                0x0000000008004b52                crypto_stream_salsa20_keybytes
 .text.crypto_stream_salsa20_noncebytes
                0x0000000008004b56        0x4 sodium-1.0.15/lib/libsodium.a(libsodium_la-stream_salsa20.o)
                0x0000000008004b56                crypto_stream_salsa20_noncebytes
 .text.crypto_stream_salsa20_messagebytes_max
                0x0000000008004b5a        0x6 sodium-1.0.15/lib/libsodium.a(libsodium_la-stream_salsa20.o)
                0x0000000008004b5a                crypto_stream_salsa20_messagebytes_max
 .text.crypto_stream_salsa20
                0x0000000008004b60       0x14 sodium-1.0.15/lib/libsodium.a(libsodium_la-stream_salsa20.o)
                0x0000000008004b60                crypto_stream_salsa20
 .text.crypto_stream_salsa20_xor_ic
                0x0000000008004b74       0x14 sodium-1.0.15/lib/libsodium.a(libsodium_la-stream_salsa20.o)
                0x0000000008004b74                crypto_stream_salsa20_xor_ic
 .text.crypto_stream_salsa20_xor
                0x0000000008004b88       0x28 sodium-1.0.15/lib/libsodium.a(libsodium_la-stream_salsa20.o)
                0x0000000008004b88                crypto_stream_salsa20_xor
 .text.crypto_stream_salsa20_keygen
                0x0000000008004bb0        0x6 sodium-1.0.15/lib/libsodium.a(libsodium_la-stream_salsa20.o)
                0x0000000008004bb0                crypto_stream_salsa20_keygen
 *fill*         0x0000000008004bb6        0x2 
 .text._crypto_stream_salsa20_pick_best_implementation
                0x0000000008004bb8       0x20 sodium-1.0.15/lib/libsodium.a(libsodium_la-stream_salsa20.o)
                0x0000000008004bb8                _crypto_stream_salsa20_pick_best_implementation
 .text          0x0000000008004bd8        0x0 sodium-1.0.15/lib/libsodium.a(libsodium_la-randombytes.o)
 .text.randombytes_set_implementation
                0x0000000008004bd8       0x10 sodium-1.0.15/lib/libsodium.a(libsodium_la-randombytes.o)
                0x0000000008004bd8                randombytes_set_implementation
 .text.randombytes_stir
                0x0000000008004be8       0x1c sodium-1.0.15/lib/libsodium.a(libsodium_la-randombytes.o)
                0x0000000008004be8                randombytes_stir
 .text.randombytes_init_if_needed
                0x0000000008004c04       0x24 sodium-1.0.15/lib/libsodium.a(libsodium_la-randombytes.o)
 .text.randombytes_implementation_name
                0x0000000008004c28       0x18 sodium-1.0.15/lib/libsodium.a(libsodium_la-randombytes.o)
                0x0000000008004c28                randombytes_implementation_name
 .text.randombytes_random
                0x0000000008004c40       0x18 sodium-1.0.15/lib/libsodium.a(libsodium_la-randombytes.o)
                0x0000000008004c40                randombytes_random
 .text.randombytes_uniform
                0x0000000008004c58       0x44 sodium-1.0.15/lib/libsodium.a(libsodium_la-randombytes.o)
                0x0000000008004c58                randombytes_uniform
 .text.randombytes_buf
                0x0000000008004c9c       0x24 sodium-1.0.15/lib/libsodium.a(libsodium_la-randombytes.o)
                0x0000000008004c9c                randombytes_buf
 .text.randombytes_buf_deterministic
                0x0000000008004cc0       0x1c sodium-1.0.15/lib/libsodium.a(libsodium_la-randombytes.o)
                0x0000000008004cc0                randombytes_buf_deterministic
 .text.randombytes_seedbytes
                0x0000000008004cdc        0x4 sodium-1.0.15/lib/libsodium.a(libsodium_la-randombytes.o)
                0x0000000008004cdc                randombytes_seedbytes
 .text.randombytes_close
                0x0000000008004ce0       0x18 sodium-1.0.15/lib/libsodium.a(libsodium_la-randombytes.o)
                0x0000000008004ce0                randombytes_close
 .text.randombytes
                0x0000000008004cf8       0x34 sodium-1.0.15/lib/libsodium.a(libsodium_la-randombytes.o)
                0x0000000008004cf8                randombytes
 .text          0x0000000008004d2c        0x0 sodium-1.0.15/lib/libsodium.a(libsodium_la-core.o)
 .text.sodium_crit_enter
                0x0000000008004d2c       0x20 sodium-1.0.15/lib/libsodium.a(libsodium_la-core.o)
                0x0000000008004d2c                sodium_crit_enter
 .text.sodium_init
                0x0000000008004d4c       0x40 sodium-1.0.15/lib/libsodium.a(libsodium_la-core.o)
                0x0000000008004d4c                sodium_init
 .text.sodium_crit_leave
                0x0000000008004d8c       0x14 sodium-1.0.15/lib/libsodium.a(libsodium_la-core.o)
                0x0000000008004d8c                sodium_crit_leave
 .text.sodium_misuse
                0x0000000008004da0       0x20 sodium-1.0.15/lib/libsodium.a(libsodium_la-core.o)
                0x0000000008004da0                sodium_misuse
 .text.sodium_set_misuse_handler
                0x0000000008004dc0       0x24 sodium-1.0.15/lib/libsodium.a(libsodium_la-core.o)
                0x0000000008004dc0                sodium_set_misuse_handler
 .text          0x0000000008004de4        0x0 sodium-1.0.15/lib/libsodium.a(libsodium_la-runtime.o)
 .text._sodium_runtime_get_cpu_features
                0x0000000008004de4       0x14 sodium-1.0.15/lib/libsodium.a(libsodium_la-runtime.o)
                0x0000000008004de4                _sodium_runtime_get_cpu_features
 .text.sodium_runtime_has_neon
                0x0000000008004df8        0xc sodium-1.0.15/lib/libsodium.a(libsodium_la-runtime.o)
                0x0000000008004df8                sodium_runtime_has_neon
 .text.sodium_runtime_has_sse2
                0x0000000008004e04        0xc sodium-1.0.15/lib/libsodium.a(libsodium_la-runtime.o)
                0x0000000008004e04                sodium_runtime_has_sse2
 .text.sodium_runtime_has_sse3
                0x0000000008004e10        0xc sodium-1.0.15/lib/libsodium.a(libsodium_la-runtime.o)
                0x0000000008004e10                sodium_runtime_has_sse3
 .text.sodium_runtime_has_ssse3
                0x0000000008004e1c        0xc sodium-1.0.15/lib/libsodium.a(libsodium_la-runtime.o)
                0x0000000008004e1c                sodium_runtime_has_ssse3
 .text.sodium_runtime_has_sse41
                0x0000000008004e28        0xc sodium-1.0.15/lib/libsodium.a(libsodium_la-runtime.o)
                0x0000000008004e28                sodium_runtime_has_sse41
 .text.sodium_runtime_has_avx
                0x0000000008004e34        0xc sodium-1.0.15/lib/libsodium.a(libsodium_la-runtime.o)
                0x0000000008004e34                sodium_runtime_has_avx
 .text.sodium_runtime_has_avx2
                0x0000000008004e40        0xc sodium-1.0.15/lib/libsodium.a(libsodium_la-runtime.o)
                0x0000000008004e40                sodium_runtime_has_avx2
 .text.sodium_runtime_has_avx512f
                0x0000000008004e4c        0xc sodium-1.0.15/lib/libsodium.a(libsodium_la-runtime.o)
                0x0000000008004e4c                sodium_runtime_has_avx512f
 .text.sodium_runtime_has_pclmul
                0x0000000008004e58        0xc sodium-1.0.15/lib/libsodium.a(libsodium_la-runtime.o)
                0x0000000008004e58                sodium_runtime_has_pclmul
 .text.sodium_runtime_has_aesni
                0x0000000008004e64        0xc sodium-1.0.15/lib/libsodium.a(libsodium_la-runtime.o)
                0x0000000008004e64                sodium_runtime_has_aesni
 .text          0x0000000008004e70        0x0 sodium-1.0.15/lib/libsodium.a(libsodium_la-utils.o)
 .text._sodium_dummy_symbol_to_prevent_memzero_lto
                0x0000000008004e70        0x2 sodium-1.0.15/lib/libsodium.a(libsodium_la-utils.o)
                0x0000000008004e70                _sodium_dummy_symbol_to_prevent_memzero_lto
 .text.sodium_memzero
                0x0000000008004e72        0x4 sodium-1.0.15/lib/libsodium.a(libsodium_la-utils.o)
                0x0000000008004e72                sodium_memzero
 .text._sodium_dummy_symbol_to_prevent_memcmp_lto
                0x0000000008004e76        0x2 sodium-1.0.15/lib/libsodium.a(libsodium_la-utils.o)
                0x0000000008004e76                _sodium_dummy_symbol_to_prevent_memcmp_lto
 .text.sodium_memcmp
                0x0000000008004e78       0x3a sodium-1.0.15/lib/libsodium.a(libsodium_la-utils.o)
                0x0000000008004e78                sodium_memcmp
 .text._sodium_dummy_symbol_to_prevent_compare_lto
                0x0000000008004eb2        0x2 sodium-1.0.15/lib/libsodium.a(libsodium_la-utils.o)
                0x0000000008004eb2                _sodium_dummy_symbol_to_prevent_compare_lto
 .text.sodium_compare
                0x0000000008004eb4       0x64 sodium-1.0.15/lib/libsodium.a(libsodium_la-utils.o)
                0x0000000008004eb4                sodium_compare
 .text.sodium_is_zero
                0x0000000008004f18       0x2a sodium-1.0.15/lib/libsodium.a(libsodium_la-utils.o)
                0x0000000008004f18                sodium_is_zero
 .text.sodium_increment
                0x0000000008004f42       0x16 sodium-1.0.15/lib/libsodium.a(libsodium_la-utils.o)
                0x0000000008004f42                sodium_increment
 .text.sodium_add
                0x0000000008004f58       0x20 sodium-1.0.15/lib/libsodium.a(libsodium_la-utils.o)
                0x0000000008004f58                sodium_add
 .text._sodium_alloc_init
                0x0000000008004f78       0x14 sodium-1.0.15/lib/libsodium.a(libsodium_la-utils.o)
                0x0000000008004f78                _sodium_alloc_init
 .text.sodium_mlock
                0x0000000008004f8c       0x10 sodium-1.0.15/lib/libsodium.a(libsodium_la-utils.o)
                0x0000000008004f8c                sodium_mlock
 .text.sodium_munlock
                0x0000000008004f9c       0x14 sodium-1.0.15/lib/libsodium.a(libsodium_la-utils.o)
                0x0000000008004f9c                sodium_munlock
 .text.sodium_malloc
                0x0000000008004fb0       0x1e sodium-1.0.15/lib/libsodium.a(libsodium_la-utils.o)
                0x0000000008004fb0                sodium_malloc
 .text.sodium_allocarray
                0x0000000008004fce       0x26 sodium-1.0.15/lib/libsodium.a(libsodium_la-utils.o)
                0x0000000008004fce                sodium_allocarray
 .text.sodium_free
                0x0000000008004ff4        0x4 sodium-1.0.15/lib/libsodium.a(libsodium_la-utils.o)
                0x0000000008004ff4                sodium_free
 .text.sodium_mprotect_noaccess
                0x0000000008004ff8       0x10 sodium-1.0.15/lib/libsodium.a(libsodium_la-utils.o)
                0x0000000008004ff8                sodium_mprotect_noaccess
 .text.sodium_mprotect_readonly
                0x0000000008005008       0x10 sodium-1.0.15/lib/libsodium.a(libsodium_la-utils.o)
                0x0000000008005008                sodium_mprotect_readonly
 .text.sodium_mprotect_readwrite
                0x0000000008005018       0x10 sodium-1.0.15/lib/libsodium.a(libsodium_la-utils.o)
                0x0000000008005018                sodium_mprotect_readwrite
 .text.sodium_pad
                0x0000000008005028       0x70 sodium-1.0.15/lib/libsodium.a(libsodium_la-utils.o)
                0x0000000008005028                sodium_pad
 .text.sodium_unpad
                0x0000000008005098       0x5e sodium-1.0.15/lib/libsodium.a(libsodium_la-utils.o)
                0x0000000008005098                sodium_unpad
 .text          0x00000000080050f6        0x0 sodium-1.0.15/lib/libsodium.a(libsodium_la-randombytes_sysrandom.o)
 *fill*         0x00000000080050f6        0x2 
 .text.randombytes_sysrandom_implementation_name
                0x00000000080050f8        0xc sodium-1.0.15/lib/libsodium.a(libsodium_la-randombytes_sysrandom.o)
 .text.randombytes_sysrandom_close
                0x0000000008005104       0x28 sodium-1.0.15/lib/libsodium.a(libsodium_la-randombytes_sysrandom.o)
 .text.randombytes_sysrandom_stir
                0x000000000800512c       0xa0 sodium-1.0.15/lib/libsodium.a(libsodium_la-randombytes_sysrandom.o)
 .text.randombytes_sysrandom_buf
                0x00000000080051cc       0xb0 sodium-1.0.15/lib/libsodium.a(libsodium_la-randombytes_sysrandom.o)
 .text.randombytes_sysrandom
                0x000000000800527c       0x14 sodium-1.0.15/lib/libsodium.a(libsodium_la-randombytes_sysrandom.o)
 .text          0x0000000008005290        0x0 sodium-1.0.15/lib/libsodium.a(libsodium_la-salsa20_ref.o)
 .text.stream_ref_xor_ic
                0x0000000008005290      0x112 sodium-1.0.15/lib/libsodium.a(libsodium_la-salsa20_ref.o)
 .text.stream_ref
                0x00000000080053a2       0xda sodium-1.0.15/lib/libsodium.a(libsodium_la-salsa20_ref.o)
 .text          0x000000000800547c        0x0 sodium-1.0.15/lib/libsodium.a(libsodium_la-core_hsalsa20_ref2.o)
 .text.crypto_core_hsalsa20
                0x000000000800547c      0x1a8 sodium-1.0.15/lib/libsodium.a(libsodium_la-core_hsalsa20_ref2.o)
                0x000000000800547c                crypto_core_hsalsa20
 .text          0x0000000008005624        0x0 sodium-1.0.15/lib/libsodium.a(libsodium_la-core_salsa_ref.o)
 .text.crypto_core_salsa
                0x0000000008005624      0x254 sodium-1.0.15/lib/libsodium.a(libsodium_la-core_salsa_ref.o)
 .text.crypto_core_salsa20
                0x0000000008005878       0x10 sodium-1.0.15/lib/libsodium.a(libsodium_la-core_salsa_ref.o)
                0x0000000008005878                crypto_core_salsa20
 .text.crypto_core_salsa20_outputbytes
                0x0000000008005888        0x4 sodium-1.0.15/lib/libsodium.a(libsodium_la-core_salsa_ref.o)
                0x0000000008005888                crypto_core_salsa20_outputbytes
 .text.crypto_core_salsa20_inputbytes
                0x000000000800588c        0x4 sodium-1.0.15/lib/libsodium.a(libsodium_la-core_salsa_ref.o)
                0x000000000800588c                crypto_core_salsa20_inputbytes
 .text.crypto_core_salsa20_keybytes
                0x0000000008005890        0x4 sodium-1.0.15/lib/libsodium.a(libsodium_la-core_salsa_ref.o)
                0x0000000008005890                crypto_core_salsa20_keybytes
 .text.crypto_core_salsa20_constbytes
                0x0000000008005894        0x4 sodium-1.0.15/lib/libsodium.a(libsodium_la-core_salsa_ref.o)
                0x0000000008005894                crypto_core_salsa20_constbytes
 .text.crypto_core_salsa2012
                0x0000000008005898       0x10 sodium-1.0.15/lib/libsodium.a(libsodium_la-core_salsa_ref.o)
                0x0000000008005898                crypto_core_salsa2012
 .text.crypto_core_salsa2012_outputbytes
                0x00000000080058a8        0x4 sodium-1.0.15/lib/libsodium.a(libsodium_la-core_salsa_ref.o)
                0x00000000080058a8                crypto_core_salsa2012_outputbytes
 .text.crypto_core_salsa2012_inputbytes
                0x00000000080058ac        0x4 sodium-1.0.15/lib/libsodium.a(libsodium_la-core_salsa_ref.o)
                0x00000000080058ac                crypto_core_salsa2012_inputbytes
 .text.crypto_core_salsa2012_keybytes
                0x00000000080058b0        0x4 sodium-1.0.15/lib/libsodium.a(libsodium_la-core_salsa_ref.o)
                0x00000000080058b0                crypto_core_salsa2012_keybytes
 .text.crypto_core_salsa2012_constbytes
                0x00000000080058b4        0x4 sodium-1.0.15/lib/libsodium.a(libsodium_la-core_salsa_ref.o)
                0x00000000080058b4                crypto_core_salsa2012_constbytes
 .text.crypto_core_salsa208
                0x00000000080058b8       0x10 sodium-1.0.15/lib/libsodium.a(libsodium_la-core_salsa_ref.o)
                0x00000000080058b8                crypto_core_salsa208
 .text.crypto_core_salsa208_outputbytes
                0x00000000080058c8        0x4 sodium-1.0.15/lib/libsodium.a(libsodium_la-core_salsa_ref.o)
                0x00000000080058c8                crypto_core_salsa208_outputbytes
 .text.crypto_core_salsa208_inputbytes
                0x00000000080058cc        0x4 sodium-1.0.15/lib/libsodium.a(libsodium_la-core_salsa_ref.o)
                0x00000000080058cc                crypto_core_salsa208_inputbytes
 .text.crypto_core_salsa208_keybytes
                0x00000000080058d0        0x4 sodium-1.0.15/lib/libsodium.a(libsodium_la-core_salsa_ref.o)
                0x00000000080058d0                crypto_core_salsa208_keybytes
 .text.crypto_core_salsa208_constbytes
                0x00000000080058d4        0x4 sodium-1.0.15/lib/libsodium.a(libsodium_la-core_salsa_ref.o)
                0x00000000080058d4                crypto_core_salsa208_constbytes
 .text          0x00000000080058d8        0x0 sodium-1.0.15/lib/libsodium.a(libsodium_la-blake2b-ref.o)
 .text.crypto_generichash_blake2b__init_param
                0x00000000080058d8       0x60 sodium-1.0.15/lib/libsodium.a(libsodium_la-blake2b-ref.o)
                0x00000000080058d8                crypto_generichash_blake2b__init_param
 .text.crypto_generichash_blake2b__init
                0x0000000008005938       0x6c sodium-1.0.15/lib/libsodium.a(libsodium_la-blake2b-ref.o)
                0x0000000008005938                crypto_generichash_blake2b__init
 .text.crypto_generichash_blake2b__init_salt_personal
                0x00000000080059a4       0xa8 sodium-1.0.15/lib/libsodium.a(libsodium_la-blake2b-ref.o)
                0x00000000080059a4                crypto_generichash_blake2b__init_salt_personal
 .text.crypto_generichash_blake2b__update
                0x0000000008005a4c       0xcc sodium-1.0.15/lib/libsodium.a(libsodium_la-blake2b-ref.o)
                0x0000000008005a4c                crypto_generichash_blake2b__update
 .text.crypto_generichash_blake2b__init_key
                0x0000000008005b18       0xae sodium-1.0.15/lib/libsodium.a(libsodium_la-blake2b-ref.o)
                0x0000000008005b18                crypto_generichash_blake2b__init_key
 .text.crypto_generichash_blake2b__init_key_salt_personal
                0x0000000008005bc6       0xf2 sodium-1.0.15/lib/libsodium.a(libsodium_la-blake2b-ref.o)
                0x0000000008005bc6                crypto_generichash_blake2b__init_key_salt_personal
 .text.crypto_generichash_blake2b__final
                0x0000000008005cb8      0x124 sodium-1.0.15/lib/libsodium.a(libsodium_la-blake2b-ref.o)
                0x0000000008005cb8                crypto_generichash_blake2b__final
 .text.crypto_generichash_blake2b__blake2b
                0x0000000008005ddc       0x76 sodium-1.0.15/lib/libsodium.a(libsodium_la-blake2b-ref.o)
                0x0000000008005ddc                crypto_generichash_blake2b__blake2b
 .text.crypto_generichash_blake2b__blake2b_salt_personal
                0x0000000008005e52       0x86 sodium-1.0.15/lib/libsodium.a(libsodium_la-blake2b-ref.o)
                0x0000000008005e52                crypto_generichash_blake2b__blake2b_salt_personal
 .text.crypto_generichash_blake2b__pick_best_implementation
                0x0000000008005ed8       0x20 sodium-1.0.15/lib/libsodium.a(libsodium_la-blake2b-ref.o)
                0x0000000008005ed8                crypto_generichash_blake2b__pick_best_implementation
 .text          0x0000000008005ef8        0x0 sodium-1.0.15/lib/libsodium.a(libsodium_la-onetimeauth_poly1305.o)
 .text.crypto_onetimeauth_poly1305
                0x0000000008005ef8       0x18 sodium-1.0.15/lib/libsodium.a(libsodium_la-onetimeauth_poly1305.o)
                0x0000000008005ef8                crypto_onetimeauth_poly1305
 .text.crypto_onetimeauth_poly1305_verify
                0x0000000008005f10       0x18 sodium-1.0.15/lib/libsodium.a(libsodium_la-onetimeauth_poly1305.o)
                0x0000000008005f10                crypto_onetimeauth_poly1305_verify
 .text.crypto_onetimeauth_poly1305_init
                0x0000000008005f28       0x10 sodium-1.0.15/lib/libsodium.a(libsodium_la-onetimeauth_poly1305.o)
                0x0000000008005f28                crypto_onetimeauth_poly1305_init
 .text.crypto_onetimeauth_poly1305_update
                0x0000000008005f38       0x18 sodium-1.0.15/lib/libsodium.a(libsodium_la-onetimeauth_poly1305.o)
                0x0000000008005f38                crypto_onetimeauth_poly1305_update
 .text.crypto_onetimeauth_poly1305_final
                0x0000000008005f50       0x10 sodium-1.0.15/lib/libsodium.a(libsodium_la-onetimeauth_poly1305.o)
                0x0000000008005f50                crypto_onetimeauth_poly1305_final
 .text.crypto_onetimeauth_poly1305_bytes
                0x0000000008005f60        0x4 sodium-1.0.15/lib/libsodium.a(libsodium_la-onetimeauth_poly1305.o)
                0x0000000008005f60                crypto_onetimeauth_poly1305_bytes
 .text.crypto_onetimeauth_poly1305_keybytes
                0x0000000008005f64        0x4 sodium-1.0.15/lib/libsodium.a(libsodium_la-onetimeauth_poly1305.o)
                0x0000000008005f64                crypto_onetimeauth_poly1305_keybytes
 .text.crypto_onetimeauth_poly1305_statebytes
                0x0000000008005f68        0x6 sodium-1.0.15/lib/libsodium.a(libsodium_la-onetimeauth_poly1305.o)
                0x0000000008005f68                crypto_onetimeauth_poly1305_statebytes
 .text.crypto_onetimeauth_poly1305_keygen
                0x0000000008005f6e        0x6 sodium-1.0.15/lib/libsodium.a(libsodium_la-onetimeauth_poly1305.o)
                0x0000000008005f6e                crypto_onetimeauth_poly1305_keygen
 .text._crypto_onetimeauth_poly1305_pick_best_implementation
                0x0000000008005f74       0x20 sodium-1.0.15/lib/libsodium.a(libsodium_la-onetimeauth_poly1305.o)
                0x0000000008005f74                _crypto_onetimeauth_poly1305_pick_best_implementation
 .text          0x0000000008005f94        0x0 sodium-1.0.15/lib/libsodium.a(libsodium_la-poly1305_donna.o)
 .text.poly1305_blocks
                0x0000000008005f94      0x1be sodium-1.0.15/lib/libsodium.a(libsodium_la-poly1305_donna.o)
 .text.poly1305_update
                0x0000000008006152       0xdc sodium-1.0.15/lib/libsodium.a(libsodium_la-poly1305_donna.o)
 .text.crypto_onetimeauth_poly1305_donna_update
                0x000000000800622e        0xa sodium-1.0.15/lib/libsodium.a(libsodium_la-poly1305_donna.o)
 .text.poly1305_finish
                0x0000000008006238      0x170 sodium-1.0.15/lib/libsodium.a(libsodium_la-poly1305_donna.o)
 .text.crypto_onetimeauth_poly1305_donna_final
                0x00000000080063a8        0xa sodium-1.0.15/lib/libsodium.a(libsodium_la-poly1305_donna.o)
 *fill*         0x00000000080063b2        0x2 
 .text.crypto_onetimeauth_poly1305_donna
                0x00000000080063b4       0xa4 sodium-1.0.15/lib/libsodium.a(libsodium_la-poly1305_donna.o)
 .text.crypto_onetimeauth_poly1305_donna_verify
                0x0000000008006458       0x1e sodium-1.0.15/lib/libsodium.a(libsodium_la-poly1305_donna.o)
 *fill*         0x0000000008006476        0x2 
 .text.crypto_onetimeauth_poly1305_donna_init
                0x0000000008006478       0x70 sodium-1.0.15/lib/libsodium.a(libsodium_la-poly1305_donna.o)
 .text          0x00000000080064e8        0x0 sodium-1.0.15/lib/libsodium.a(libsodium_la-stream_chacha20.o)
 .text.crypto_stream_chacha20_keybytes
                0x00000000080064e8        0x4 sodium-1.0.15/lib/libsodium.a(libsodium_la-stream_chacha20.o)
                0x00000000080064e8                crypto_stream_chacha20_keybytes
 .text.crypto_stream_chacha20_noncebytes
                0x00000000080064ec        0x4 sodium-1.0.15/lib/libsodium.a(libsodium_la-stream_chacha20.o)
                0x00000000080064ec                crypto_stream_chacha20_noncebytes
 .text.crypto_stream_chacha20_messagebytes_max
                0x00000000080064f0        0x6 sodium-1.0.15/lib/libsodium.a(libsodium_la-stream_chacha20.o)
                0x00000000080064f0                crypto_stream_chacha20_messagebytes_max
 .text.crypto_stream_chacha20_ietf_keybytes
                0x00000000080064f6        0x4 sodium-1.0.15/lib/libsodium.a(libsodium_la-stream_chacha20.o)
                0x00000000080064f6                crypto_stream_chacha20_ietf_keybytes
 .text.crypto_stream_chacha20_ietf_noncebytes
                0x00000000080064fa        0x4 sodium-1.0.15/lib/libsodium.a(libsodium_la-stream_chacha20.o)
                0x00000000080064fa                crypto_stream_chacha20_ietf_noncebytes
 .text.crypto_stream_chacha20_ietf_messagebytes_max
                0x00000000080064fe        0x6 sodium-1.0.15/lib/libsodium.a(libsodium_la-stream_chacha20.o)
                0x00000000080064fe                crypto_stream_chacha20_ietf_messagebytes_max
 .text.crypto_stream_chacha20
                0x0000000008006504       0x14 sodium-1.0.15/lib/libsodium.a(libsodium_la-stream_chacha20.o)
                0x0000000008006504                crypto_stream_chacha20
 .text.crypto_stream_chacha20_ietf
                0x0000000008006518       0x14 sodium-1.0.15/lib/libsodium.a(libsodium_la-stream_chacha20.o)
                0x0000000008006518                crypto_stream_chacha20_ietf
 .text.crypto_stream_chacha20_xor_ic
                0x000000000800652c       0x14 sodium-1.0.15/lib/libsodium.a(libsodium_la-stream_chacha20.o)
                0x000000000800652c                crypto_stream_chacha20_xor_ic
 .text.crypto_stream_chacha20_ietf_xor_ic
                0x0000000008006540       0x14 sodium-1.0.15/lib/libsodium.a(libsodium_la-stream_chacha20.o)
                0x0000000008006540                crypto_stream_chacha20_ietf_xor_ic
 .text.crypto_stream_chacha20_xor
                0x0000000008006554       0x28 sodium-1.0.15/lib/libsodium.a(libsodium_la-stream_chacha20.o)
                0x0000000008006554                crypto_stream_chacha20_xor
 .text.crypto_stream_chacha20_ietf_xor
                0x000000000800657c       0x24 sodium-1.0.15/lib/libsodium.a(libsodium_la-stream_chacha20.o)
                0x000000000800657c                crypto_stream_chacha20_ietf_xor
 .text.crypto_stream_chacha20_keygen
                0x00000000080065a0        0x6 sodium-1.0.15/lib/libsodium.a(libsodium_la-stream_chacha20.o)
                0x00000000080065a0                crypto_stream_chacha20_keygen
 .text.crypto_stream_chacha20_ietf_keygen
                0x00000000080065a6        0x4 sodium-1.0.15/lib/libsodium.a(libsodium_la-stream_chacha20.o)
                0x00000000080065a6                crypto_stream_chacha20_ietf_keygen
 *fill*         0x00000000080065aa        0x2 
 .text._crypto_stream_chacha20_pick_best_implementation
                0x00000000080065ac       0x20 sodium-1.0.15/lib/libsodium.a(libsodium_la-stream_chacha20.o)
                0x00000000080065ac                _crypto_stream_chacha20_pick_best_implementation
 .text          0x00000000080065cc        0x0 sodium-1.0.15/lib/libsodium.a(libsodium_la-chacha20_ref.o)
 .text.chacha_keysetup
                0x00000000080065cc       0x48 sodium-1.0.15/lib/libsodium.a(libsodium_la-chacha20_ref.o)
 .text.chacha20_encrypt_bytes.part.0
                0x0000000008006614      0x3d0 sodium-1.0.15/lib/libsodium.a(libsodium_la-chacha20_ref.o)
 .text.stream_ietf_ref
                0x00000000080069e4       0x54 sodium-1.0.15/lib/libsodium.a(libsodium_la-chacha20_ref.o)
 .text.stream_ref_xor_ic
                0x0000000008006a38       0x56 sodium-1.0.15/lib/libsodium.a(libsodium_la-chacha20_ref.o)
 .text.stream_ietf_ref_xor_ic
                0x0000000008006a8e       0x4e sodium-1.0.15/lib/libsodium.a(libsodium_la-chacha20_ref.o)
 .text.stream_ref
                0x0000000008006adc       0x58 sodium-1.0.15/lib/libsodium.a(libsodium_la-chacha20_ref.o)
 .text          0x0000000008006b34        0x0 sodium-1.0.15/lib/libsodium.a(libsodium_la-verify.o)
 .text.crypto_verify_n
                0x0000000008006b34       0x30 sodium-1.0.15/lib/libsodium.a(libsodium_la-verify.o)
 .text.crypto_verify_16_bytes
                0x0000000008006b64        0x4 sodium-1.0.15/lib/libsodium.a(libsodium_la-verify.o)
                0x0000000008006b64                crypto_verify_16_bytes
 .text.crypto_verify_32_bytes
                0x0000000008006b68        0x4 sodium-1.0.15/lib/libsodium.a(libsodium_la-verify.o)
                0x0000000008006b68                crypto_verify_32_bytes
 .text.crypto_verify_64_bytes
                0x0000000008006b6c        0x4 sodium-1.0.15/lib/libsodium.a(libsodium_la-verify.o)
                0x0000000008006b6c                crypto_verify_64_bytes
 .text.crypto_verify_16
                0x0000000008006b70        0x6 sodium-1.0.15/lib/libsodium.a(libsodium_la-verify.o)
                0x0000000008006b70                crypto_verify_16
 .text.crypto_verify_32
                0x0000000008006b76        0x6 sodium-1.0.15/lib/libsodium.a(libsodium_la-verify.o)
                0x0000000008006b76                crypto_verify_32
 .text.crypto_verify_64
                0x0000000008006b7c        0x6 sodium-1.0.15/lib/libsodium.a(libsodium_la-verify.o)
                0x0000000008006b7c                crypto_verify_64
 .text          0x0000000008006b82        0x0 sodium-1.0.15/lib/libsodium.a(libsodium_la-blake2b-compress-ref.o)
 *fill*         0x0000000008006b82        0x6 
 .text.blake2b_compress_ref
                0x0000000008006b88     0x3718 sodium-1.0.15/lib/libsodium.a(libsodium_la-blake2b-compress-ref.o)
                0x0000000008006b88                blake2b_compress_ref
 .text          0x000000000800a2a0       0x10 /usr/lib/gcc/arm-none-eabi/9.2.1/../../../arm-none-eabi/lib/thumb/v7e-m/nofp/libg.a(lib_a-abort.o)
                0x000000000800a2a0                abort
 .text          0x000000000800a2b0       0x48 /usr/lib/gcc/arm-none-eabi/9.2.1/../../../arm-none-eabi/lib/thumb/v7e-m/nofp/libg.a(lib_a-assert.o)
                0x000000000800a2b0                __assert_func
                0x000000000800a2ec                __assert