Archive member included to satisfy reference by file (symbol)

/usr/lib/gcc/arm-none-eabi/9.2.1/../../../arm-none-eabi/lib/thumb/v7e-m/nofp/libg.a(lib_a-errno.o)
                              lib_build/syscalls.o (__errno)
/usr/lib/gcc/arm-none-eabi/9.2.1/../../../arm-none-eabi/lib/thumb/v7e-m/nofp/libg.a(lib_a-impure.o)
                              /usr/lib/gcc/arm-none-eabi/9.2.1/../../../arm-none-eabi/lib/thumb/v7e-m/nofp/libg.a(lib_a-errno.o) (_impure_ptr)
/usr/lib/gcc/arm-none-eabi/9.2.1/../../../arm-none-eabi/lib/thumb/v7e-m/nofp/libg.a(lib_a-init.o)
                              lib_build/startup_XMC4500.o (__libc_init_array)
/usr/lib/gcc/arm-none-eabi/9.2.1/../../../arm-none-eabi/lib/thumb/v7e-m/nofp/libg.a(lib_a-strlen.o)
                              build/partB_functions.o (strlen)

Allocating common symbols
Common symbol       size              file

log                 0x190             build/partB_functions.o
usTicks             0x4               build/partB_functions.o
msgB                0x64              build/partB_functions.o

Discarded input sections

 .group         0x0000000000000000        0xc build/partA.o
 .group         0x0000000000000000        0xc build/partA.o
 .group         0x0000000000000000        0xc build/partA.o
 .group         0x0000000000000000        0xc build/partA.o
 .group         0x0000000000000000        0xc build/partA.o
 .group         0x0000000000000000        0xc build/partA.o
 .group         0x0000000000000000        0xc build/partA.o
 .group         0x0000000000000000        0xc build/partA.o
 .group         0x0000000000000000        0xc build/partA.o
 .group         0x0000000000000000        0xc build/partA.o
 .group         0x0000000000000000        0xc build/partA.o
 .group         0x0000000000000000        0xc build/partA.o
 .group         0x0000000000000000        0xc build/partA.o
 .group         0x0000000000000000        0xc build/partA.o
 .group         0x0000000000000000        0xc build/partA.o
 .group         0x0000000000000000        0xc build/partA.o
 .group         0x0000000000000000        0xc build/partA.o
 .group         0x0000000000000000        0xc build/partA.o
 .group         0x0000000000000000        0xc build/partA.o
 .group         0x0000000000000000        0xc build/partA.o
 .group         0x0000000000000000        0xc build/partA.o
 .group         0x0000000000000000        0xc build/partA.o
 .group         0x0000000000000000        0xc build/partA.o
 .group         0x0000000000000000        0xc build/partA.o
 .group         0x0000000000000000        0xc build/partA.o
 .group         0x0000000000000000        0xc build/partA.o
 .group         0x0000000000000000        0xc build/partA.o
 .group         0x0000000000000000        0xc build/partA.o
 .group         0x0000000000000000        0xc build/partA.o
 .group         0x0000000000000000        0xc build/partA.o
 .group         0x0000000000000000        0xc build/partA.o
 .group         0x0000000000000000        0xc build/partA.o
 .group         0x0000000000000000        0xc build/partA.o
 .group         0x0000000000000000        0xc build/partA.o
 .group         0x0000000000000000        0xc build/partA.o
 .group         0x0000000000000000        0xc build/partA.o
 .group         0x0000000000000000        0xc build/partA.o
 .group         0x0000000000000000        0xc build/partA.o
 .group         0x0000000000000000        0xc build/partA.o
 .group         0x0000000000000000        0xc build/partA.o
 .group         0x0000000000000000        0xc build/partA.o
 .group         0x0000000000000000        0xc build/partA.o
 .group         0x0000000000000000        0xc build/partA.o
 .group         0x0000000000000000        0xc build/partA.o
 .group         0x0000000000000000        0xc build/partA.o
 .group         0x0000000000000000        0xc build/partA.o
 .group         0x0000000000000000        0xc build/partA.o
 .group         0x0000000000000000        0xc build/partA.o
 .group         0x0000000000000000        0xc build/partA.o
 .group         0x0000000000000000        0xc build/partA.o
 .comment       0x0000000000000000       0x5a build/partA.o
 .group         0x0000000000000000        0xc build/partB_functions.o
 .group         0x0000000000000000        0xc build/partB_functions.o
 .group         0x0000000000000000        0xc build/partB_functions.o
 .group         0x0000000000000000        0xc build/partB_functions.o
 .group         0x0000000000000000        0xc build/partB_functions.o
 .group         0x0000000000000000        0xc build/partB_functions.o
 .group         0x0000000000000000        0xc build/partB_functions.o
 .group         0x0000000000000000        0xc build/partB_functions.o
 .group         0x0000000000000000        0xc build/partB_functions.o
 .group         0x0000000000000000        0xc build/partB_functions.o
 .group         0x0000000000000000        0xc build/partB_functions.o
 .group         0x0000000000000000        0xc build/partB_functions.o
 .group         0x0000000000000000        0xc build/partB_functions.o
 .group         0x0000000000000000        0xc build/partB_functions.o
 .group         0x0000000000000000        0xc build/partB_functions.o
 .group         0x0000000000000000        0xc build/partB_functions.o
 .group         0x0000000000000000        0xc build/partB_functions.o
 .group         0x0000000000000000        0xc build/partB_functions.o
 .group         0x0000000000000000        0xc build/partB_functions.o
 .group         0x0000000000000000        0xc build/partB_functions.o
 .group         0x0000000000000000        0xc build/partB_functions.o
 .group         0x0000000000000000        0xc build/partB_functions.o
 .group         0x0000000000000000        0xc build/partB_functions.o
 .group         0x0000000000000000        0xc build/partB_functions.o
 .group         0x0000000000000000        0xc build/partB_functions.o
 .group         0x0000000000000000        0xc build/partB_functions.o
 .group         0x0000000000000000        0xc build/partB_functions.o
 .group         0x0000000000000000        0xc build/partB_functions.o
 .group         0x0000000000000000        0xc build/partB_functions.o
 .group         0x0000000000000000        0xc build/partB_functions.o
 .group         0x0000000000000000        0xc build/partB_functions.o
 .group         0x0000000000000000        0xc build/partB_functions.o
 .group         0x0000000000000000        0xc build/partB_functions.o
 .group         0x0000000000000000        0xc build/partB_functions.o
 .group         0x0000000000000000        0xc build/partB_functions.o
 .group         0x0000000000000000        0xc build/partB_functions.o
 .group         0x0000000000000000        0xc build/partB_functions.o
 .group         0x0000000000000000        0xc build/partB_functions.o
 .group         0x0000000000000000        0xc build/partB_functions.o
 .group         0x0000000000000000        0xc build/partB_functions.o
 .group         0x0000000000000000        0xc build/partB_functions.o
 .group         0x0000000000000000        0xc build/partB_functions.o
 .group         0x0000000000000000        0xc build/partB_functions.o
 .group         0x0000000000000000        0xc build/partB_functions.o
 .group         0x0000000000000000        0xc build/partB_functions.o
 .group         0x0000000000000000        0xc build/partB_functions.o
 .group         0x0000000000000000        0xc build/partB_functions.o
 .group         0x0000000000000000        0xc build/partB_functions.o
 .group         0x0000000000000000        0xc build/partB_functions.o
 .group         0x0000000000000000        0xc build/partB_functions.o
 .debug_macro   0x0000000000000000      0xa9c build/partB_functions.o
 .debug_macro   0x0000000000000000      0x16d build/partB_functions.o
 .debug_macro   0x0000000000000000      0x34e build/partB_functions.o
 .debug_macro   0x0000000000000000       0x22 build/partB_functions.o
 .debug_macro   0x0000000000000000       0x22 build/partB_functions.o
 .debug_macro   0x0000000000000000       0x52 build/partB_functions.o
 .debug_macro   0x0000000000000000       0x18 build/partB_functions.o
 .debug_macro   0x0000000000000000       0x94 build/partB_functions.o
 .debug_macro   0x0000000000000000       0x35 build/partB_functions.o
 .debug_macro   0x0000000000000000       0x34 build/partB_functions.o
 .debug_macro   0x0000000000000000       0x16 build/partB_functions.o
 .debug_macro   0x0000000000000000       0x43 build/partB_functions.o
 .debug_macro   0x0000000000000000       0x57 build/partB_functions.o
 .debug_macro   0x0000000000000000       0x34 build/partB_functions.o
 .debug_macro   0x0000000000000000       0x10 build/partB_functions.o
 .debug_macro   0x0000000000000000       0x52 build/partB_functions.o
 .debug_macro   0x0000000000000000      0x182 build/partB_functions.o
 .debug_macro   0x0000000000000000      0x35c build/partB_functions.o
 .debug_macro   0x0000000000000000       0x10 build/partB_functions.o
 .debug_macro   0x0000000000000000       0x35 build/partB_functions.o
 .debug_macro   0x0000000000000000      0x167 build/partB_functions.o
 .debug_macro   0x0000000000000000       0x2d build/partB_functions.o
 .debug_macro   0x0000000000000000       0x28 build/partB_functions.o
 .debug_macro   0x0000000000000000       0xaf build/partB_functions.o
 .debug_macro   0x0000000000000000      0xfe7 build/partB_functions.o
 .debug_macro   0x0000000000000000       0x16 build/partB_functions.o
 .debug_macro   0x0000000000000000    0x1474b build/partB_functions.o
 .debug_macro   0x0000000000000000       0x12 build/partB_functions.o
 .debug_macro   0x0000000000000000       0x4c build/partB_functions.o
 .debug_macro   0x0000000000000000       0x22 build/partB_functions.o
 .debug_macro   0x0000000000000000      0x861 build/partB_functions.o
 .debug_macro   0x0000000000000000       0xa5 build/partB_functions.o
 .debug_macro   0x0000000000000000       0x1c build/partB_functions.o
 .debug_macro   0x0000000000000000       0x10 build/partB_functions.o
 .debug_macro   0x0000000000000000       0x10 build/partB_functions.o
 .debug_macro   0x0000000000000000       0x6a build/partB_functions.o
 .debug_macro   0x0000000000000000       0x1c build/partB_functions.o
 .debug_macro   0x0000000000000000       0x52 build/partB_functions.o
 .debug_macro   0x0000000000000000       0x22 build/partB_functions.o
 .debug_macro   0x0000000000000000       0x10 build/partB_functions.o
 .debug_macro   0x0000000000000000       0x40 build/partB_functions.o
 .debug_macro   0x0000000000000000       0xd5 build/partB_functions.o
 .debug_macro   0x0000000000000000       0x1c build/partB_functions.o
 .debug_macro   0x0000000000000000       0x3d build/partB_functions.o
 .debug_macro   0x0000000000000000       0x16 build/partB_functions.o
 .debug_macro   0x0000000000000000      0x16f build/partB_functions.o
 .debug_macro   0x0000000000000000       0x16 build/partB_functions.o
 .debug_macro   0x0000000000000000       0x16 build/partB_functions.o
 .debug_macro   0x0000000000000000       0x29 build/partB_functions.o
 .debug_macro   0x0000000000000000       0x5e build/partB_functions.o
 .comment       0x0000000000000000       0x5a build/partB_functions.o
 .group         0x0000000000000000        0xc lib_build/xmc_gpio.o
 .group         0x0000000000000000        0xc lib_build/xmc_gpio.o
 .group         0x0000000000000000        0xc lib_build/xmc_gpio.o
 .group         0x0000000000000000        0xc lib_build/xmc_gpio.o
 .group         0x0000000000000000        0xc lib_build/xmc_gpio.o
 .group         0x0000000000000000        0xc lib_build/xmc_gpio.o
 .group         0x0000000000000000        0xc lib_build/xmc_gpio.o
 .group         0x0000000000000000        0xc lib_build/xmc_gpio.o
 .group         0x0000000000000000        0xc lib_build/xmc_gpio.o
 .group         0x0000000000000000        0xc lib_build/xmc_gpio.o
 .group         0x0000000000000000        0xc lib_build/xmc_gpio.o
 .group         0x0000000000000000        0xc lib_build/xmc_gpio.o
 .group         0x0000000000000000        0xc lib_build/xmc_gpio.o
 .group         0x0000000000000000        0xc lib_build/xmc_gpio.o
 .group         0x0000000000000000        0xc lib_build/xmc_gpio.o
 .group         0x0000000000000000        0xc lib_build/xmc_gpio.o
 .group         0x0000000000000000        0xc lib_build/xmc_gpio.o
 .group         0x0000000000000000        0xc lib_build/xmc_gpio.o
 .group         0x0000000000000000        0xc lib_build/xmc_gpio.o
 .group         0x0000000000000000        0xc lib_build/xmc_gpio.o
 .group         0x0000000000000000        0xc lib_build/xmc_gpio.o
 .group         0x0000000000000000        0xc lib_build/xmc_gpio.o
 .group         0x0000000000000000        0xc lib_build/xmc_gpio.o
 .group         0x0000000000000000        0xc lib_build/xmc_gpio.o
 .group         0x0000000000000000        0xc lib_build/xmc_gpio.o
 .group         0x0000000000000000        0xc lib_build/xmc_gpio.o
 .group         0x0000000000000000        0xc lib_build/xmc_gpio.o
 .group         0x0000000000000000        0xc lib_build/xmc_gpio.o
 .group         0x0000000000000000        0xc lib_build/xmc_gpio.o
 .group         0x0000000000000000        0xc lib_build/xmc_gpio.o
 .group         0x0000000000000000        0xc lib_build/xmc_gpio.o
 .group         0x0000000000000000        0xc lib_build/xmc_gpio.o
 .debug_macro   0x0000000000000000      0xa9c lib_build/xmc_gpio.o
 .debug_macro   0x0000000000000000      0x16d lib_build/xmc_gpio.o
 .debug_macro   0x0000000000000000      0x34e lib_build/xmc_gpio.o
 .debug_macro   0x0000000000000000       0x22 lib_build/xmc_gpio.o
 .debug_macro   0x0000000000000000       0x22 lib_build/xmc_gpio.o
 .debug_macro   0x0000000000000000       0x52 lib_build/xmc_gpio.o
 .debug_macro   0x0000000000000000       0x18 lib_build/xmc_gpio.o
 .debug_macro   0x0000000000000000       0x94 lib_build/xmc_gpio.o
 .debug_macro   0x0000000000000000       0x35 lib_build/xmc_gpio.o
 .debug_macro   0x0000000000000000       0x34 lib_build/xmc_gpio.o
 .debug_macro   0x0000000000000000       0x16 lib_build/xmc_gpio.o
 .debug_macro   0x0000000000000000       0x43 lib_build/xmc_gpio.o
 .debug_macro   0x0000000000000000       0x57 lib_build/xmc_gpio.o
 .debug_macro   0x0000000000000000       0x34 lib_build/xmc_gpio.o
 .debug_macro   0x0000000000000000       0x10 lib_build/xmc_gpio.o
 .debug_macro   0x0000000000000000       0x52 lib_build/xmc_gpio.o
 .debug_macro   0x0000000000000000      0x182 lib_build/xmc_gpio.o
 .debug_macro   0x0000000000000000      0x35c lib_build/xmc_gpio.o
 .debug_macro   0x0000000000000000       0x10 lib_build/xmc_gpio.o
 .debug_macro   0x0000000000000000       0x35 lib_build/xmc_gpio.o
 .debug_macro   0x0000000000000000      0x167 lib_build/xmc_gpio.o
 .debug_macro   0x0000000000000000       0x2d lib_build/xmc_gpio.o
 .debug_macro   0x0000000000000000       0x28 lib_build/xmc_gpio.o
 .debug_macro   0x0000000000000000       0xaf lib_build/xmc_gpio.o
 .debug_macro   0x0000000000000000      0xfe7 lib_build/xmc_gpio.o
 .debug_macro   0x0000000000000000       0x16 lib_build/xmc_gpio.o
 .debug_macro   0x0000000000000000    0x1474b lib_build/xmc_gpio.o
 .debug_macro   0x0000000000000000       0x12 lib_build/xmc_gpio.o
 .debug_macro   0x0000000000000000       0x4c lib_build/xmc_gpio.o
 .debug_macro   0x0000000000000000       0x22 lib_build/xmc_gpio.o
 .debug_macro   0x0000000000000000      0x861 lib_build/xmc_gpio.o
 .debug_macro   0x0000000000000000       0xa5 lib_build/xmc_gpio.o
 .comment       0x0000000000000000       0x5a lib_build/xmc_gpio.o
 .group         0x0000000000000000        0xc lib_build/xmc4_gpio.o
 .group         0x0000000000000000        0xc lib_build/xmc4_gpio.o
 .group         0x0000000000000000        0xc lib_build/xmc4_gpio.o
 .group         0x0000000000000000        0xc lib_build/xmc4_gpio.o
 .group         0x0000000000000000        0xc lib_build/xmc4_gpio.o
 .group         0x0000000000000000        0xc lib_build/xmc4_gpio.o
 .group         0x0000000000000000        0xc lib_build/xmc4_gpio.o
 .group         0x0000000000000000        0xc lib_build/xmc4_gpio.o
 .group         0x0000000000000000        0xc lib_build/xmc4_gpio.o
 .group         0x0000000000000000        0xc lib_build/xmc4_gpio.o
 .group         0x0000000000000000        0xc lib_build/xmc4_gpio.o
 .group         0x0000000000000000        0xc lib_build/xmc4_gpio.o
 .group         0x0000000000000000        0xc lib_build/xmc4_gpio.o
 .group         0x0000000000000000        0xc lib_build/xmc4_gpio.o
 .group         0x0000000000000000        0xc lib_build/xmc4_gpio.o
 .group         0x0000000000000000        0xc lib_build/xmc4_gpio.o
 .group         0x0000000000000000        0xc lib_build/xmc4_gpio.o
 .group         0x0000000000000000        0xc lib_build/xmc4_gpio.o
 .group         0x0000000000000000        0xc lib_build/xmc4_gpio.o
 .group         0x0000000000000000        0xc lib_build/xmc4_gpio.o
 .group         0x0000000000000000        0xc lib_build/xmc4_gpio.o
 .group         0x0000000000000000        0xc lib_build/xmc4_gpio.o
 .group         0x0000000000000000        0xc lib_build/xmc4_gpio.o
 .group         0x0000000000000000        0xc lib_build/xmc4_gpio.o
 .group         0x0000000000000000        0xc lib_build/xmc4_gpio.o
 .group         0x0000000000000000        0xc lib_build/xmc4_gpio.o
 .group         0x0000000000000000        0xc lib_build/xmc4_gpio.o
 .group         0x0000000000000000        0xc lib_build/xmc4_gpio.o
 .group         0x0000000000000000        0xc lib_build/xmc4_gpio.o
 .group         0x0000000000000000        0xc lib_build/xmc4_gpio.o
 .group         0x0000000000000000        0xc lib_build/xmc4_gpio.o
 .group         0x0000000000000000        0xc lib_build/xmc4_gpio.o
 .debug_macro   0x0000000000000000      0xa9c lib_build/xmc4_gpio.o
 .debug_macro   0x0000000000000000      0x16d lib_build/xmc4_gpio.o
 .debug_macro   0x0000000000000000      0x34e lib_build/xmc4_gpio.o
 .debug_macro   0x0000000000000000       0x22 lib_build/xmc4_gpio.o
 .debug_macro   0x0000000000000000       0x22 lib_build/xmc4_gpio.o
 .debug_macro   0x0000000000000000       0x52 lib_build/xmc4_gpio.o
 .debug_macro   0x0000000000000000       0x18 lib_build/xmc4_gpio.o
 .debug_macro   0x0000000000000000       0x94 lib_build/xmc4_gpio.o
 .debug_macro   0x0000000000000000       0x35 lib_build/xmc4_gpio.o
 .debug_macro   0x0000000000000000       0x34 lib_build/xmc4_gpio.o
 .debug_macro   0x0000000000000000       0x16 lib_build/xmc4_gpio.o
 .debug_macro   0x0000000000000000       0x43 lib_build/xmc4_gpio.o
 .debug_macro   0x0000000000000000       0x57 lib_build/xmc4_gpio.o
 .debug_macro   0x0000000000000000       0x34 lib_build/xmc4_gpio.o
 .debug_macro   0x0000000000000000       0x10 lib_build/xmc4_gpio.o
 .debug_macro   0x0000000000000000       0x52 lib_build/xmc4_gpio.o
 .debug_macro   0x0000000000000000      0x182 lib_build/xmc4_gpio.o
 .debug_macro   0x0000000000000000      0x35c lib_build/xmc4_gpio.o
 .debug_macro   0x0000000000000000       0x10 lib_build/xmc4_gpio.o
 .debug_macro   0x0000000000000000       0x35 lib_build/xmc4_gpio.o
 .debug_macro   0x0000000000000000      0x167 lib_build/xmc4_gpio.o
 .debug_macro   0x0000000000000000       0x2d lib_build/xmc4_gpio.o
 .debug_macro   0x0000000000000000       0x28 lib_build/xmc4_gpio.o
 .debug_macro   0x0000000000000000       0xaf lib_build/xmc4_gpio.o
 .debug_macro   0x0000000000000000      0xfe7 lib_build/xmc4_gpio.o
 .debug_macro   0x0000000000000000       0x16 lib_build/xmc4_gpio.o
 .debug_macro   0x0000000000000000    0x1474b lib_build/xmc4_gpio.o
 .debug_macro   0x0000000000000000       0x12 lib_build/xmc4_gpio.o
 .debug_macro   0x0000000000000000       0x4c lib_build/xmc4_gpio.o
 .debug_macro   0x0000000000000000       0x22 lib_build/xmc4_gpio.o
 .debug_macro   0x0000000000000000      0x861 lib_build/xmc4_gpio.o
 .debug_macro   0x0000000000000000       0xa5 lib_build/xmc4_gpio.o
 .comment       0x0000000000000000       0x5a lib_build/xmc4_gpio.o
 .group         0x0000000000000000        0xc lib_build/system_XMC4500.o
 .group         0x0000000000000000        0xc lib_build/system_XMC4500.o
 .group         0x0000000000000000        0xc lib_build/system_XMC4500.o
 .group         0x0000000000000000        0xc lib_build/system_XMC4500.o
 .group         0x0000000000000000        0xc lib_build/system_XMC4500.o
 .group         0x0000000000000000        0xc lib_build/system_XMC4500.o
 .group         0x0000000000000000        0xc lib_build/system_XMC4500.o
 .group         0x0000000000000000        0xc lib_build/system_XMC4500.o
 .group         0x0000000000000000        0xc lib_build/system_XMC4500.o
 .group         0x0000000000000000        0xc lib_build/system_XMC4500.o
 .group         0x0000000000000000        0xc lib_build/system_XMC4500.o
 .group         0x0000000000000000        0xc lib_build/system_XMC4500.o
 .group         0x0000000000000000        0xc lib_build/system_XMC4500.o
 .group         0x0000000000000000        0xc lib_build/system_XMC4500.o
 .group         0x0000000000000000        0xc lib_build/system_XMC4500.o
 .group         0x0000000000000000        0xc lib_build/system_XMC4500.o
 .group         0x0000000000000000        0xc lib_build/system_XMC4500.o
 .group         0x0000000000000000        0xc lib_build/system_XMC4500.o
 .group         0x0000000000000000        0xc lib_build/system_XMC4500.o
 .group         0x0000000000000000        0xc lib_build/system_XMC4500.o
 .group         0x0000000000000000        0xc lib_build/system_XMC4500.o
 .group         0x0000000000000000        0xc lib_build/system_XMC4500.o
 .group         0x0000000000000000        0xc lib_build/system_XMC4500.o
 .group         0x0000000000000000        0xc lib_build/system_XMC4500.o
 .group         0x0000000000000000        0xc lib_build/system_XMC4500.o
 .debug_macro   0x0000000000000000      0xa9c lib_build/system_XMC4500.o
 .debug_macro   0x0000000000000000       0x22 lib_build/system_XMC4500.o
 .debug_macro   0x0000000000000000       0x52 lib_build/system_XMC4500.o
 .debug_macro   0x0000000000000000       0x18 lib_build/system_XMC4500.o
 .debug_macro   0x0000000000000000       0x94 lib_build/system_XMC4500.o
 .debug_macro   0x0000000000000000       0x35 lib_build/system_XMC4500.o
 .debug_macro   0x0000000000000000       0x34 lib_build/system_XMC4500.o
 .debug_macro   0x0000000000000000      0x16d lib_build/system_XMC4500.o
 .debug_macro   0x0000000000000000       0x16 lib_build/system_XMC4500.o
 .debug_macro   0x0000000000000000       0x43 lib_build/system_XMC4500.o
 .debug_macro   0x0000000000000000       0x57 lib_build/system_XMC4500.o
 .debug_macro   0x0000000000000000       0x34 lib_build/system_XMC4500.o
 .debug_macro   0x0000000000000000       0x10 lib_build/system_XMC4500.o
 .debug_macro   0x0000000000000000       0x52 lib_build/system_XMC4500.o
 .debug_macro   0x0000000000000000      0x182 lib_build/system_XMC4500.o
 .debug_macro   0x0000000000000000      0x35c lib_build/system_XMC4500.o
 .debug_macro   0x0000000000000000       0x10 lib_build/system_XMC4500.o
 .debug_macro   0x0000000000000000       0x35 lib_build/system_XMC4500.o
 .debug_macro   0x0000000000000000       0x2d lib_build/system_XMC4500.o
 .debug_macro   0x0000000000000000      0x34e lib_build/system_XMC4500.o
 .debug_macro   0x0000000000000000       0xaf lib_build/system_XMC4500.o
 .debug_macro   0x0000000000000000      0xfe7 lib_build/system_XMC4500.o
 .debug_macro   0x0000000000000000       0x16 lib_build/system_XMC4500.o
 .debug_macro   0x0000000000000000    0x1474b lib_build/system_XMC4500.o
 .comment       0x0000000000000000       0x5a lib_build/system_XMC4500.o
 .group         0x0000000000000000        0xc lib_build/syscalls.o
 .group         0x0000000000000000        0xc lib_build/syscalls.o
 .group         0x0000000000000000        0xc lib_build/syscalls.o
 .group         0x0000000000000000        0xc lib_build/syscalls.o
 .group         0x0000000000000000        0xc lib_build/syscalls.o
 .group         0x0000000000000000        0xc lib_build/syscalls.o
 .group         0x0000000000000000        0xc lib_build/syscalls.o
 .group         0x0000000000000000        0xc lib_build/syscalls.o
 .group         0x0000000000000000        0xc lib_build/syscalls.o
 .group         0x0000000000000000        0xc lib_build/syscalls.o
 .group         0x0000000000000000        0xc lib_build/syscalls.o
 .group         0x0000000000000000        0xc lib_build/syscalls.o
 .group         0x0000000000000000        0xc lib_build/syscalls.o
 .group         0x0000000000000000        0xc lib_build/syscalls.o
 .group         0x0000000000000000        0xc lib_build/syscalls.o
 .group         0x0000000000000000        0xc lib_build/syscalls.o
 .group         0x0000000000000000        0xc lib_build/syscalls.o
 .group         0x0000000000000000        0xc lib_build/syscalls.o
 .group         0x0000000000000000        0xc lib_build/syscalls.o
 .group         0x0000000000000000        0xc lib_build/syscalls.o
 .group         0x0000000000000000        0xc lib_build/syscalls.o
 .group         0x0000000000000000        0xc lib_build/syscalls.o
 .group         0x0000000000000000        0xc lib_build/syscalls.o
 .group         0x0000000000000000        0xc lib_build/syscalls.o
 .group         0x0000000000000000        0xc lib_build/syscalls.o
 .group         0x0000000000000000        0xc lib_build/syscalls.o
 .group         0x0000000000000000        0xc lib_build/syscalls.o
 .group         0x0000000000000000        0xc lib_build/syscalls.o
 .group         0x0000000000000000        0xc lib_build/syscalls.o
 .debug_macro   0x0000000000000000      0xa9c lib_build/syscalls.o
 .debug_macro   0x0000000000000000      0x34e lib_build/syscalls.o
 .debug_macro   0x0000000000000000       0x22 lib_build/syscalls.o
 .debug_macro   0x0000000000000000       0x52 lib_build/syscalls.o
 .debug_macro   0x0000000000000000       0x18 lib_build/syscalls.o
 .debug_macro   0x0000000000000000       0x94 lib_build/syscalls.o
 .debug_macro   0x0000000000000000       0x35 lib_build/syscalls.o
 .debug_macro   0x0000000000000000       0x34 lib_build/syscalls.o
 .debug_macro   0x0000000000000000      0x16d lib_build/syscalls.o
 .debug_macro   0x0000000000000000       0x16 lib_build/syscalls.o
 .debug_macro   0x0000000000000000       0x43 lib_build/syscalls.o
 .debug_macro   0x0000000000000000       0x57 lib_build/syscalls.o
 .debug_macro   0x0000000000000000       0x34 lib_build/syscalls.o
 .debug_macro   0x0000000000000000       0x10 lib_build/syscalls.o
 .debug_macro   0x0000000000000000       0x52 lib_build/syscalls.o
 .debug_macro   0x0000000000000000      0x182 lib_build/syscalls.o
 .debug_macro   0x0000000000000000      0x35c lib_build/syscalls.o
 .debug_macro   0x0000000000000000       0x10 lib_build/syscalls.o
 .debug_macro   0x0000000000000000       0x6a lib_build/syscalls.o
 .debug_macro   0x0000000000000000       0x1c lib_build/syscalls.o
 .debug_macro   0x0000000000000000       0x52 lib_build/syscalls.o
 .debug_macro   0x0000000000000000       0x22 lib_build/syscalls.o
 .debug_macro   0x0000000000000000       0x10 lib_build/syscalls.o
 .debug_macro   0x0000000000000000       0x40 lib_build/syscalls.o
 .debug_macro   0x0000000000000000       0xd5 lib_build/syscalls.o
 .debug_macro   0x0000000000000000       0x1c lib_build/syscalls.o
 .debug_macro   0x0000000000000000       0x3d lib_build/syscalls.o
 .comment       0x0000000000000000       0x5a lib_build/syscalls.o
 .comment       0x0000000000000000       0x4f /usr/lib/gcc/arm-none-eabi/9.2.1/../../../arm-none-eabi/lib/thumb/v7e-m/nofp/libg.a(lib_a-errno.o)
 .comment       0x0000000000000000       0x4f /usr/lib/gcc/arm-none-eabi/9.2.1/../../../arm-none-eabi/lib/thumb/v7e-m/nofp/libg.a(lib_a-impure.o)
 .comment       0x0000000000000000       0x4f /usr/lib/gcc/arm-none-eabi/9.2.1/../../../arm-none-eabi/lib/thumb/v7e-m/nofp/libg.a(lib_a-init.o)

Memory Configuration

Name             Origin             Length             Attributes
FLASH_1_cached   0x0000000008000000 0x0000000000100000 xr
FLASH_1_uncached 0x000000000c000000 0x0000000000100000 xr
PSRAM_1          0x0000000010000000 0x0000000000010000 !xr
DSRAM_1_system   0x0000000020000000 0x0000000000010000 !xr
DSRAM_2_comm     0x0000000030000000 0x0000000000008000 !xr
*default*        0x0000000000000000 0xffffffffffffffff

Linker script and memory map

LOAD build/partA.o
LOAD build/partB_functions.o
LOAD lib_build/xmc_gpio.o
LOAD lib_build/xmc4_gpio.o
LOAD lib_build/startup_XMC4500.o
LOAD lib_build/system_XMC4500.o
LOAD lib_build/syscalls.o
START GROUP
LOAD /usr/lib/gcc/arm-none-eabi/9.2.1/thumb/v7e-m/nofp/libgcc.a
LOAD /usr/lib/gcc/arm-none-eabi/9.2.1/../../../arm-none-eabi/lib/thumb/v7e-m/nofp/libg.a
LOAD /usr/lib/gcc/arm-none-eabi/9.2.1/../../../arm-none-eabi/lib/thumb/v7e-m/nofp/libc.a
END GROUP
START GROUP
LOAD /usr/lib/gcc/arm-none-eabi/9.2.1/thumb/v7e-m/nofp/libgcc.a
LOAD /usr/lib/gcc/arm-none-eabi/9.2.1/../../../arm-none-eabi/lib/thumb/v7e-m/nofp/libc.a
LOAD /usr/lib/gcc/arm-none-eabi/9.2.1/../../../arm-none-eabi/lib/thumb/v7e-m/nofp/libnosys.a
END GROUP
                0x0000000000000800                stack_size = DEFINED (stack_size)?stack_size:0x800
                0x0000000000000040                no_init_size = 0x40

.text           0x0000000008000000      0xfdc load address 0x000000000c000000
                0x0000000008000000                sText = .
 *(.reset)
 .reset         0x0000000008000000      0x2b2 lib_build/startup_XMC4500.o
                0x0000000008000000                __Vectors
                0x0000000008000200                Reset_Handler
                0x00000000080002b0                VADC0_C0_3_IRQHandler
                0x00000000080002b0                DSD0_7_IRQHandler
                0x00000000080002b0                DebugMon_Handler
                0x00000000080002b0                VADC0_C0_0_IRQHandler
                0x00000000080002b0                CAN0_4_IRQHandler
                0x00000000080002b0                VADC0_G2_0_IRQHandler
                0x00000000080002b0                USIC0_5_IRQHandler
                0x00000000080002b0                POSIF0_0_IRQHandler
                0x00000000080002b0                POSIF1_0_IRQHandler
                0x00000000080002b0                HardFault_Handler
                0x00000000080002b0                VADC0_G1_1_IRQHandler
                0x00000000080002b0                PendSV_Handler
                0x00000000080002b0                NMI_Handler
                0x00000000080002b0                USIC1_3_IRQHandler
                0x00000000080002b0                CCU40_2_IRQHandler
                0x00000000080002b0                SCU_0_IRQHandler
                0x00000000080002b0                ERU0_0_IRQHandler
                0x00000000080002b0                CCU41_0_IRQHandler
                0x00000000080002b0                USIC1_5_IRQHandler
                0x00000000080002b0                DSD0_4_IRQHandler
                0x00000000080002b0                CCU80_1_IRQHandler
                0x00000000080002b0                CCU81_0_IRQHandler
                0x00000000080002b0                UsageFault_Handler
                0x00000000080002b0                USIC0_0_IRQHandler
                0x00000000080002b0                POSIF1_1_IRQHandler
                0x00000000080002b0                ERU0_2_IRQHandler
                0x00000000080002b0                CCU81_1_IRQHandler
                0x00000000080002b0                ERU1_1_IRQHandler
                0x00000000080002b0                VADC0_G2_3_IRQHandler
                0x00000000080002b0                VADC0_G2_2_IRQHandler
                0x00000000080002b0                CCU42_3_IRQHandler
                0x00000000080002b0                ERU0_3_IRQHandler
                0x00000000080002b0                DSD0_5_IRQHandler
                0x00000000080002b0                CAN0_6_IRQHandler
                0x00000000080002b0                CCU43_0_IRQHandler
                0x00000000080002b0                VADC0_G0_1_IRQHandler
                0x00000000080002b0                CCU81_2_IRQHandler
                0x00000000080002b0                USIC2_4_IRQHandler
                0x00000000080002b0                CCU81_3_IRQHandler
                0x00000000080002b0                CCU42_1_IRQHandler
                0x00000000080002b0                USIC1_1_IRQHandler
                0x00000000080002b0                USIC2_5_IRQHandler
                0x00000000080002b0                CCU40_0_IRQHandler
                0x00000000080002b0                CAN0_0_IRQHandler
                0x00000000080002b0                ERU1_0_IRQHandler
                0x00000000080002b0                CCU42_2_IRQHandler
                0x00000000080002b0                Default_Handler
                0x00000000080002b0                USIC1_4_IRQHandler
                0x00000000080002b0                ERU1_3_IRQHandler
                0x00000000080002b0                USIC1_0_IRQHandler
                0x00000000080002b0                POSIF0_1_IRQHandler
                0x00000000080002b0                VADC0_G0_0_IRQHandler
                0x00000000080002b0                DSD0_2_IRQHandler
                0x00000000080002b0                CCU80_3_IRQHandler
                0x00000000080002b0                CCU41_3_IRQHandler
                0x00000000080002b0                CCU80_2_IRQHandler
                0x00000000080002b0                VADC0_G1_3_IRQHandler
                0x00000000080002b0                VADC0_G0_3_IRQHandler
                0x00000000080002b0                GPDMA0_0_IRQHandler
                0x00000000080002b0                PMU0_0_IRQHandler
                0x00000000080002b0                CAN0_7_IRQHandler
                0x00000000080002b0                DSD0_1_IRQHandler
                0x00000000080002b0                CCU41_2_IRQHandler
                0x00000000080002b0                VADC0_C0_1_IRQHandler
                0x00000000080002b0                CCU43_2_IRQHandler
                0x00000000080002b0                USIC2_2_IRQHandler
                0x00000000080002b0                MemManage_Handler
                0x00000000080002b0                VADC0_G3_1_IRQHandler
                0x00000000080002b0                DAC0_0_IRQHandler
                0x00000000080002b0                SVC_Handler
                0x00000000080002b0                VADC0_G3_3_IRQHandler
                0x00000000080002b0                ERU1_2_IRQHandler
                0x00000000080002b0                CCU41_1_IRQHandler
                0x00000000080002b0                DSD0_6_IRQHandler
                0x00000000080002b0                CCU43_1_IRQHandler
                0x00000000080002b0                VADC0_G1_2_IRQHandler
                0x00000000080002b0                USIC2_3_IRQHandler
                0x00000000080002b0                CAN0_2_IRQHandler
                0x00000000080002b0                USIC2_0_IRQHandler
                0x00000000080002b0                VADC0_G0_2_IRQHandler
                0x00000000080002b0                VADC0_G2_1_IRQHandler
                0x00000000080002b0                CAN0_3_IRQHandler
                0x00000000080002b0                ETH0_0_IRQHandler
                0x00000000080002b0                USIC0_3_IRQHandler
                0x00000000080002b0                DSD0_0_IRQHandler
                0x00000000080002b0                VADC0_C0_2_IRQHandler
                0x00000000080002b0                CCU42_0_IRQHandler
                0x00000000080002b0                FCE0_0_IRQHandler
                0x00000000080002b0                VADC0_G1_0_IRQHandler
                0x00000000080002b0                USB0_0_IRQHandler
                0x00000000080002b0                CAN0_5_IRQHandler
                0x00000000080002b0                CCU80_0_IRQHandler
                0x00000000080002b0                CCU40_1_IRQHandler
                0x00000000080002b0                USIC2_1_IRQHandler
                0x00000000080002b0                USIC0_1_IRQHandler
                0x00000000080002b0                VADC0_G3_2_IRQHandler
                0x00000000080002b0                CCU40_3_IRQHandler
                0x00000000080002b0                BusFault_Handler
                0x00000000080002b0                LEDTS0_0_IRQHandler
                0x00000000080002b0                USIC0_4_IRQHandler
                0x00000000080002b0                CCU43_3_IRQHandler
                0x00000000080002b0                ERU0_1_IRQHandler
                0x00000000080002b0                VADC0_G3_0_IRQHandler
                0x00000000080002b0                USIC1_2_IRQHandler
                0x00000000080002b0                DSD0_3_IRQHandler
                0x00000000080002b0                SDMMC0_0_IRQHandler
                0x00000000080002b0                CAN0_1_IRQHandler
                0x00000000080002b0                USIC0_2_IRQHandler
                0x00000000080002b0                DAC0_1_IRQHandler
                0x00000000080002b0                GPDMA1_0_IRQHandler
 *(.text .text.* .gnu.linkonce.t.*)
 .text          0x00000000080002b2        0x0 build/partA.o
 .text.XMC_GPIO_ToggleOutput
                0x00000000080002b2       0x24 build/partA.o
 *fill*         0x00000000080002d6        0x2 
 .text.main     0x00000000080002d8       0xd4 build/partA.o
                0x00000000080002d8                main
 .text          0x00000000080003ac        0x0 build/partB_functions.o
 .text.__NVIC_SetPriority
                0x00000000080003ac       0x54 build/partB_functions.o
 .text.SysTick_Config
                0x0000000008000400       0x44 build/partB_functions.o
 .text.XMC_GPIO_ToggleOutput
                0x0000000008000444       0x24 build/partB_functions.o
 .text.getMORSE
                0x0000000008000468       0x28 build/partB_functions.o
                0x0000000008000468                getMORSE
 .text.SysTick_Handler
                0x0000000008000490       0x24 build/partB_functions.o
                0x0000000008000490                SysTick_Handler
 .text.DelayInit
                0x00000000080004b4       0x28 build/partB_functions.o
                0x00000000080004b4                DelayInit
 .text.DelayUs  0x00000000080004dc       0x2c build/partB_functions.o
                0x00000000080004dc                DelayUs
 .text.DelayMs  0x0000000008000508       0x26 build/partB_functions.o
                0x0000000008000508                DelayMs
 *fill*         0x000000000800052e        0x2 
 .text.SEND     0x0000000008000530      0x104 build/partB_functions.o
                0x0000000008000530                SEND
 .text.MORSE    0x0000000008000634      0x13c build/partB_functions.o
                0x0000000008000634                MORSE
 .text.recordTime
                0x0000000008000770       0x28 build/partB_functions.o
                0x0000000008000770                recordTime
 .text          0x0000000008000798        0x0 lib_build/xmc_gpio.o
 .text.XMC_GPIO_SetMode
                0x0000000008000798       0x82 lib_build/xmc_gpio.o
                0x0000000008000798                XMC_GPIO_SetMode
 .text.XMC_GPIO_SetHardwareControl
                0x000000000800081a       0x46 lib_build/xmc_gpio.o
                0x000000000800081a                XMC_GPIO_SetHardwareControl
 .text          0x0000000008000860        0x0 lib_build/xmc4_gpio.o
 .text.XMC_GPIO_Init
                0x0000000008000860      0x144 lib_build/xmc4_gpio.o
                0x0000000008000860                XMC_GPIO_Init
 .text.XMC_GPIO_SetOutputStrength
                0x00000000080009a4       0x86 lib_build/xmc4_gpio.o
                0x00000000080009a4                XMC_GPIO_SetOutputStrength
 .text          0x0000000008000a2a        0x0 lib_build/startup_XMC4500.o
 .text          0x0000000008000a2a        0x0 lib_build/system_XMC4500.o
 .text.delay    0x0000000008000a2a       0x2c lib_build/system_XMC4500.o
 *fill*         0x0000000008000a56        0x2 
 .text.SystemInit
                0x0000000008000a58       0x24 lib_build/system_XMC4500.o
                0x0000000008000a58                SystemInit
 .text.SystemCoreSetup
                0x0000000008000a7c       0x78 lib_build/system_XMC4500.o
                0x0000000008000a7c                SystemCoreSetup
 .text.SystemCoreClockSetup
                0x0000000008000af4      0x208 lib_build/system_XMC4500.o
                0x0000000008000af4                SystemCoreClockSetup
 .text.SystemCoreClockUpdate
                0x0000000008000cfc       0xd4 lib_build/system_XMC4500.o
                0x0000000008000cfc                SystemCoreClockUpdate
 .text.OSCHP_GetFrequency
                0x0000000008000dd0       0x14 lib_build/system_XMC4500.o
                0x0000000008000dd0                OSCHP_GetFrequency
 .text          0x0000000008000de4        0x0 lib_build/syscalls.o
 .text._sbrk    0x0000000008000de4       0x68 lib_build/syscalls.o
                0x0000000008000de4                _sbrk
 .text._init    0x0000000008000e4c        0xe lib_build/syscalls.o
                0x0000000008000e4c                _init
 *fill*         0x0000000008000e5a        0x2 
 .text          0x0000000008000e5c        0xc /usr/lib/gcc/arm-none-eabi/9.2.1/../../../arm-none-eabi/lib/thumb/v7e-m/nofp/libg.a(lib_a-errno.o)
                0x0000000008000e5c                __errno
 .text          0x0000000008000e68        0x0 /usr/lib/gcc/arm-none-eabi/9.2.1/../../../arm-none-eabi/lib/thumb/v7e-m/nofp/libg.a(lib_a-impure.o)
 .text          0x0000000008000e68       0x48 /usr/lib/gcc/arm-none-eabi/9.2.1/../../../arm-none-eabi/lib/thumb/v7e-m/nofp/libg.a(lib_a-init.o)
                0x0000000008000e68                __libc_init_array
 *fill*         0x0000000008000eb0       0x10 
 .text          0x0000000008000ec0       0xdc /usr/lib/gcc/arm-none-eabi/9.2.1/../../../arm-none-eabi/lib/thumb/v7e-m/nofp/libg.a(lib_a-strlen.o)
                0x0000000008000ec0                strlen
 *(.init)
 *(.fini)
 *crtbegin.o(.ctors)
 *crtbegin?.o(.ctors)
 *(EXCLUDE_FILE(*crtend.o *crtend?.o) .ctors)
 *(SORT_BY_NAME(.ctors.*))
 *(.ctors)
 *crtbegin.o(.dtors)
 *crtbegin?.o(.dtors)
 *(EXCLUDE_FILE(*crtend.o *crtend?.o) .dtors)
 *(SORT_BY_NAME(.dtors.*))
 *(.dtors)
 *(.rodata .rodata.*)
 .rodata        0x0000000008000f9c        0xc build/partA.o
 .rodata        0x0000000008000fa8       0x30 build/partB_functions.o
                0x0000000008000fa8                out_config
                0x0000000008000fb4                in_config
                0x0000000008000fc0                LED_config
 .rodata        0x0000000008000fd8        0x4 /usr/lib/gcc/arm-none-eabi/9.2.1/../../../arm-none-eabi/lib/thumb/v7e-m/nofp/libg.a(lib_a-impure.o)
                0x0000000008000fd8                _global_impure_ptr
 *(.gnu.linkonce.r*)
 *(vtable)
                0x0000000008000fdc                . = ALIGN (0x4)

.glue_7         0x0000000008000fdc        0x0 load address 0x000000000c000fdc
 .glue_7        0x0000000008000fdc        0x0 linker stubs

.glue_7t        0x0000000008000fdc        0x0 load address 0x000000000c000fdc
 .glue_7t       0x0000000008000fdc        0x0 linker stubs

.vfp11_veneer   0x0000000008000fdc        0x0 load address 0x000000000c000fdc
 .vfp11_veneer  0x0000000008000fdc        0x0 linker stubs

.v4_bx          0x0000000008000fdc        0x0 load address 0x000000000c000fdc
 .v4_bx         0x0000000008000fdc        0x0 linker stubs

.iplt           0x0000000008000fdc        0x0 load address 0x000000000c000fdc
 .iplt          0x0000000008000fdc        0x0 build/partA.o

.rel.dyn        0x0000000008000fdc        0x0 load address 0x000000000c000fdc
 .rel.iplt      0x0000000008000fdc        0x0 build/partA.o

.eh_frame_hdr
 *(.eh_frame_hdr)

.eh_frame
 *(.eh_frame)

.ARM.extab
 *(.ARM.extab* .gnu.linkonce.armextab.*)
                0x0000000008000fdc                . = ALIGN (0x4)
                0x0000000008000fdc                __exidx_start = .

.ARM.exidx
 *(.ARM.exidx* .gnu.linkonce.armexidx.*)
                0x0000000008000fdc                __exidx_end = .
                0x0000000008000fdc                . = ALIGN (0x4)

Stack           0x0000000010000000      0x800
                0x0000000010000000                __stack_start = .
                0x0000000010000800                . = (. + stack_size)
 *fill*         0x0000000010000000      0x800 
                0x0000000010000800                __stack_end = .
                0x0000000010000800                __initial_sp = .

.ram_code       0x0000000010000800        0x0 load address 0x000000000c000fdc
                0x0000000010000800                . = ALIGN (0x4)
                0x0000000010000800                __ram_code_start = .
 *(.ram_code)
                0x0000000010000800                . = ALIGN (0x4)
                0x0000000010000800                __ram_code_end = .
                0x000000000c000fdc                __ram_code_load = LOADADDR (.ram_code)
                0x0000000000000000                __ram_code_size = (__ram_code_end - __ram_code_start)

PSRAM_DATA      0x0000000010000800        0x0 load address 0x000000000c000fdc
                0x0000000010000800                . = ALIGN (0x4)
                0x0000000010000800                __data3_start = .
 *(PSRAM_DATA)
                0x0000000010000800                . = ALIGN (0x4)
                0x0000000010000800                __data3_end = .
                0x000000000c000fdc                __data3_load = LOADADDR (PSRAM_DATA)
                0x0000000000000000                __data3_size = (__data3_end - __data3_start)

PSRAM_BSS       0x0000000010000800        0x0 load address 0x000000000c000fdc
                0x0000000010000800                . = ALIGN (0x4)
                0x0000000010000800                __bss3_start = .
 *(PSRAM_BSS)
                0x0000000010000800                . = ALIGN (0x4)
                0x0000000010000800                __bss3_end = .
                0x0000000010000800                . = ALIGN (0x8)
                0x0000000010000800                Heap_Bank3_Start = .
                0x0000000000000000                __bss3_size = (__bss3_end - __bss3_start)

.data           0x0000000020000000     0x3ed0 load address 0x000000000c000fdc
                0x0000000020000000                . = ALIGN (0x4)
                0x0000000020000000                __data_start = .
 *(.data)
 .data          0x0000000020000000        0x0 build/partA.o
 .data          0x0000000020000000     0x3a9c build/partB_functions.o
                0x0000000020000000                DEBUG_TIME_FACTOR
                0x0000000020000004                MORSE_DICT
 .data          0x0000000020003a9c        0x0 lib_build/xmc_gpio.o
 .data          0x0000000020003a9c        0x0 lib_build/xmc4_gpio.o
 .data          0x0000000020003a9c        0x0 lib_build/startup_XMC4500.o
 .data          0x0000000020003a9c        0x0 lib_build/system_XMC4500.o
 .data          0x0000000020003a9c        0x0 lib_build/syscalls.o
 .data          0x0000000020003a9c        0x0 /usr/lib/gcc/arm-none-eabi/9.2.1/../../../arm-none-eabi/lib/thumb/v7e-m/nofp/libg.a(lib_a-errno.o)
 *fill*         0x0000000020003a9c        0x4 
 .data          0x0000000020003aa0      0x430 /usr/lib/gcc/arm-none-eabi/9.2.1/../../../arm-none-eabi/lib/thumb/v7e-m/nofp/libg.a(lib_a-impure.o)
                0x0000000020003aa0                _impure_ptr
 .data          0x0000000020003ed0        0x0 /usr/lib/gcc/arm-none-eabi/9.2.1/../../../arm-none-eabi/lib/thumb/v7e-m/nofp/libg.a(lib_a-init.o)
 .data          0x0000000020003ed0        0x0 /usr/lib/gcc/arm-none-eabi/9.2.1/../../../arm-none-eabi/lib/thumb/v7e-m/nofp/libg.a(lib_a-strlen.o)
 *(.data*)
 *(*.data)
 *(.gnu.linkonce.d*)
                0x0000000020003ed0                . = ALIGN (0x4)
                0x0000000020003ed0                PROVIDE (__preinit_array_start = .)
 *(.preinit_array)
                0x0000000020003ed0                PROVIDE (__preinit_array_end = .)
                0x0000000020003ed0                . = ALIGN (0x4)
                0x0000000020003ed0                PROVIDE (__init_array_start = .)
 *(SORT_BY_NAME(.init_array.*))
 *(.init_array)
                0x0000000020003ed0                PROVIDE (__init_array_end = .)
                0x0000000020003ed0                . = ALIGN (0x4)
                [!provide]                        PROVIDE (__fini_array_start = .)
 *(SORT_BY_NAME(.fini_array.*))
 *(.fini_array)
                [!provide]                        PROVIDE (__fini_array_end = .)
                0x0000000020003ed0                . = ALIGN (0x4)
                0x0000000020003ed0                __data_end = .
                0x000000000c000fdc                __data_load = LOADADDR (.data)
                0x0000000000003ed0                __data_size = (__data_end - __data_start)

.igot.plt       0x0000000020003ed0        0x0 load address 0x000000000c004eac
 .igot.plt      0x0000000020003ed0        0x0 build/partA.o

.bss            0x0000000020003ed0      0x208 load address 0x000000000c004eac
                0x0000000020003ed0                . = ALIGN (0x4)
                0x0000000020003ed0                __bss_start = .
 *(.bss)
 .bss           0x0000000020003ed0        0x0 build/partA.o
 .bss           0x0000000020003ed0        0x8 build/partB_functions.o
                0x0000000020003ed0                history
                0x0000000020003ed1                busy
                0x0000000020003ed4                millisec
 .bss           0x0000000020003ed8        0x0 lib_build/xmc_gpio.o
 .bss           0x0000000020003ed8        0x0 lib_build/xmc4_gpio.o
 .bss           0x0000000020003ed8        0x0 lib_build/startup_XMC4500.o
 .bss           0x0000000020003ed8        0x0 lib_build/system_XMC4500.o
 .bss           0x0000000020003ed8        0x8 lib_build/syscalls.o
                0x0000000020003ed8                __dso_handle
 .bss           0x0000000020003ee0        0x0 /usr/lib/gcc/arm-none-eabi/9.2.1/../../../arm-none-eabi/lib/thumb/v7e-m/nofp/libg.a(lib_a-errno.o)
 .bss           0x0000000020003ee0        0x0 /usr/lib/gcc/arm-none-eabi/9.2.1/../../../arm-none-eabi/lib/thumb/v7e-m/nofp/libg.a(lib_a-impure.o)
 .bss           0x0000000020003ee0        0x0 /usr/lib/gcc/arm-none-eabi/9.2.1/../../../arm-none-eabi/lib/thumb/v7e-m/nofp/libg.a(lib_a-init.o)
 .bss           0x0000000020003ee0        0x0 /usr/lib/gcc/arm-none-eabi/9.2.1/../../../arm-none-eabi/lib/thumb/v7e-m/nofp/libg.a(lib_a-strlen.o)
 *(.bss*)
 *(COMMON)
 COMMON         0x0000000020003ee0      0x1f8 build/partB_functions.o
                0x0000000020003ee0                log
                0x0000000020004070                usTicks
                0x0000000020004074                msgB
 *(.gnu.linkonce.b*)
                0x00000000200040d8                . = ALIGN (0x4)
                0x00000000200040d8                __bss_end = .
                0x00000000200040d8                . = ALIGN (0x8)
                0x00000000200040d8                Heap_Bank1_Start = .
                0x0000000000000208                __bss_size = (__bss_end - __bss_start)

.no_init        0x000000002000ffc0       0x14
                0x000000002000ffc0                Heap_Bank1_End = .
 *(.no_init)
 .no_init       0x000000002000ffc0       0x14 lib_build/system_XMC4500.o
                0x000000002000ffc0                SystemCoreClock
                0x000000002000ffc4                g_chipid

DSRAM2_DATA     0x0000000030000000        0x0 load address 0x000000000c004eac
                0x0000000030000000                . = ALIGN (0x4)
                0x0000000030000000                __data2_start = .
 *(DSRAM2_DATA)
                0x0000000030000000                . = ALIGN (0x4)
                0x0000000030000000                __data2_end = .
                0x000000000c004eac                __data2_load = LOADADDR (DSRAM2_DATA)
                0x0000000000000000                __data2_size = (__data2_end - __data2_start)
                0x0000000000004eac                __text_size = (((((__exidx_end - sText) + __data_size) + __ram_code_size) + __data2_size) + __data3_size)
                0x0000000008004eac                eText = (sText + __text_size)

DSRAM2_BSS      0x0000000030000000        0x0 load address 0x000000000c004eac
                0x0000000030000000                . = ALIGN (0x4)
                0x0000000030000000                __bss2_start = .
 *(ETH_RAM)
 *(USB_RAM)
 *(DSRAM2_BSS)
                0x0000000030000000                . = ALIGN (0x4)
                0x0000000030000000                __bss2_end = .
                0x0000000030000000                . = ALIGN (0x8)
                0x0000000030000000                Heap_Bank2_Start = .
                0x0000000000000000                __bss2_size = (__bss2_end - __bss2_start)
                0x000000000000bee8                Heap_Bank1_Size = (Heap_Bank1_End - Heap_Bank1_Start)
                0x0000000000008000                Heap_Bank2_Size = (LENGTH (DSRAM_2_comm) - (Heap_Bank2_Start - ORIGIN (DSRAM_2_comm)))
                0x000000000000f800                Heap_Bank3_Size = (LENGTH (PSRAM_1) - (Heap_Bank3_Start - ORIGIN (PSRAM_1)))
                0x0000000000000001                ASSERT ((Heap_Bank1_Start <= Heap_Bank1_End), region SRAM_combined overflowed no_init section)

/DISCARD/
 *(.comment)

.stab
 *(.stab)

.stabstr
 *(.stabstr)

.debug
 *(.debug)

.line
 *(.line)

.debug_srcinfo
 *(.debug_srcinfo)

.debug_sfnames
 *(.debug_sfnames)

.debug_aranges  0x0000000000000000      0x1f0
 *(.debug_aranges)
 .debug_aranges
                0x0000000000000000       0x28 build/partA.o
 .debug_aranges
                0x0000000000000028       0x70 build/partB_functions.o
 .debug_aranges
                0x0000000000000098       0x28 lib_build/xmc_gpio.o
 .debug_aranges
                0x00000000000000c0       0x28 lib_build/xmc4_gpio.o
 .debug_aranges
                0x00000000000000e8       0x20 lib_build/startup_XMC4500.o
 .debug_aranges
                0x0000000000000108       0x48 lib_build/system_XMC4500.o
 .debug_aranges
                0x0000000000000150       0x28 lib_build/syscalls.o
 .debug_aranges
                0x0000000000000178       0x20 /usr/lib/gcc/arm-none-eabi/9.2.1/../../../arm-none-eabi/lib/thumb/v7e-m/nofp/libg.a(lib_a-errno.o)
 .debug_aranges
                0x0000000000000198       0x18 /usr/lib/gcc/arm-none-eabi/9.2.1/../../../arm-none-eabi/lib/thumb/v7e-m/nofp/libg.a(lib_a-impure.o)
 .debug_aranges
                0x00000000000001b0       0x20 /usr/lib/gcc/arm-none-eabi/9.2.1/../../../arm-none-eabi/lib/thumb/v7e-m/nofp/libg.a(lib_a-init.o)
 .debug_aranges
                0x00000000000001d0       0x20 /usr/lib/gcc/arm-none-eabi/9.2.1/../../../arm-none-eabi/lib/thumb/v7e-m/nofp/libg.a(lib_a-strlen.o)

.debug_pubnames
 *(.debug_pubnames)

.debug_pubtypes
 *(.debug_pubtypes)

.debug_info     0x0000000000000000     0x71fa
 *(.debug_info .gnu.linkonce.wi.*)
 .debug_info    0x0000000000000000      0xe9f build/partA.o
 .debug_info    0x0000000000000e9f     0x1717 build/partB_functions.o
 .debug_info    0x00000000000025b6      0xd3a lib_build/xmc_gpio.o
 .debug_info    0x00000000000032f0      0xdd0 lib_build/xmc4_gpio.o
 .debug_info    0x00000000000040c0       0x26 lib_build/startup_XMC4500.o
 .debug_info    0x00000000000040e6     0x129e lib_build/system_XMC4500.o
 .debug_info    0x0000000000005384      0xab9 lib_build/syscalls.o
 .debug_info    0x0000000000005e3d      0x953 /usr/lib/gcc/arm-none-eabi/9.2.1/../../../arm-none-eabi/lib/thumb/v7e-m/nofp/libg.a(lib_a-errno.o)
 .debug_info    0x0000000000006790      0x92a /usr/lib/gcc/arm-none-eabi/9.2.1/../../../arm-none-eabi/lib/thumb/v7e-m/nofp/libg.a(lib_a-impure.o)
 .debug_info    0x00000000000070ba      0x11a /usr/lib/gcc/arm-none-eabi/9.2.1/../../../arm-none-eabi/lib/thumb/v7e-m/nofp/libg.a(lib_a-init.o)
 .debug_info    0x00000000000071d4       0x26 /usr/lib/gcc/arm-none-eabi/9.2.1/../../../arm-none-eabi/lib/thumb/v7e-m/nofp/libg.a(lib_a-strlen.o)

.debug_abbrev   0x0000000000000000     0x1356
 *(.debug_abbrev)
 .debug_abbrev  0x0000000000000000      0x25e build/partA.o
 .debug_abbrev  0x000000000000025e      0x36e build/partB_functions.o
 .debug_abbrev  0x00000000000005cc      0x226 lib_build/xmc_gpio.o
 .debug_abbrev  0x00000000000007f2      0x215 lib_build/xmc4_gpio.o
 .debug_abbrev  0x0000000000000a07       0x14 lib_build/startup_XMC4500.o
 .debug_abbrev  0x0000000000000a1b      0x2c5 lib_build/system_XMC4500.o
 .debug_abbrev  0x0000000000000ce0      0x208 lib_build/syscalls.o
 .debug_abbrev  0x0000000000000ee8      0x1d6 /usr/lib/gcc/arm-none-eabi/9.2.1/../../../arm-none-eabi/lib/thumb/v7e-m/nofp/libg.a(lib_a-errno.o)
 .debug_abbrev  0x00000000000010be      0x1b8 /usr/lib/gcc/arm-none-eabi/9.2.1/../../../arm-none-eabi/lib/thumb/v7e-m/nofp/libg.a(lib_a-impure.o)
 .debug_abbrev  0x0000000000001276       0xcc /usr/lib/gcc/arm-none-eabi/9.2.1/../../../arm-none-eabi/lib/thumb/v7e-m/nofp/libg.a(lib_a-init.o)
 .debug_abbrev  0x0000000000001342       0x14 /usr/lib/gcc/arm-none-eabi/9.2.1/../../../arm-none-eabi/lib/thumb/v7e-m/nofp/libg.a(lib_a-strlen.o)

.debug_line     0x0000000000000000     0x1fe4
 *(.debug_line)
 .debug_line    0x0000000000000000      0x4ae build/partA.o
 .debug_line    0x00000000000004ae      0x6f7 build/partB_functions.o
 .debug_line    0x0000000000000ba5      0x3a5 lib_build/xmc_gpio.o
 .debug_line    0x0000000000000f4a      0x41b lib_build/xmc4_gpio.o
 .debug_line    0x0000000000001365       0xd1 lib_build/startup_XMC4500.o
 .debug_line    0x0000000000001436      0x56c lib_build/system_XMC4500.o
 .debug_line    0x00000000000019a2      0x29b lib_build/syscalls.o
 .debug_line    0x0000000000001c3d      0x108 /usr/lib/gcc/arm-none-eabi/9.2.1/../../../arm-none-eabi/lib/thumb/v7e-m/nofp/libg.a(lib_a-errno.o)
 .debug_line    0x0000000000001d45       0xe3 /usr/lib/gcc/arm-none-eabi/9.2.1/../../../arm-none-eabi/lib/thumb/v7e-m/nofp/libg.a(lib_a-impure.o)
 .debug_line    0x0000000000001e28      0x10d /usr/lib/gcc/arm-none-eabi/9.2.1/../../../arm-none-eabi/lib/thumb/v7e-m/nofp/libg.a(lib_a-init.o)
 .debug_line    0x0000000000001f35       0xaf /usr/lib/gcc/arm-none-eabi/9.2.1/../../../arm-none-eabi/lib/thumb/v7e-m/nofp/libg.a(lib_a-strlen.o)

.debug_frame    0x0000000000000000      0x43c
 *(.debug_frame)
 .debug_frame   0x0000000000000000       0x58 build/partA.o
 .debug_frame   0x0000000000000058      0x1a4 build/partB_functions.o
 .debug_frame   0x00000000000001fc       0x60 lib_build/xmc_gpio.o
 .debug_frame   0x000000000000025c       0x60 lib_build/xmc4_gpio.o
 .debug_frame   0x00000000000002bc       0xe0 lib_build/system_XMC4500.o
 .debug_frame   0x000000000000039c       0x54 lib_build/syscalls.o
 .debug_frame   0x00000000000003f0       0x20 /usr/lib/gcc/arm-none-eabi/9.2.1/../../../arm-none-eabi/lib/thumb/v7e-m/nofp/libg.a(lib_a-errno.o)
 .debug_frame   0x0000000000000410       0x2c /usr/lib/gcc/arm-none-eabi/9.2.1/../../../arm-none-eabi/lib/thumb/v7e-m/nofp/libg.a(lib_a-init.o)

.debug_str      0x0000000000000000    0x76a8c
 *(.debug_str)
 .debug_str     0x0000000000000000    0x74ad7 build/partA.o
                                      0x74dce (size before relaxing)
 .debug_str     0x0000000000074ad7      0x722 build/partB_functions.o
                                      0x75506 (size before relaxing)
 .debug_str     0x00000000000751f9       0xf1 lib_build/xmc_gpio.o
                                      0x737e8 (size before relaxing)
 .debug_str     0x00000000000752ea       0x9e lib_build/xmc4_gpio.o
                                      0x7396d (size before relaxing)
 .debug_str     0x0000000000075388       0x9a lib_build/startup_XMC4500.o
 .debug_str     0x0000000000075422      0xe08 lib_build/system_XMC4500.o
                                      0x70059 (size before relaxing)
 .debug_str     0x000000000007622a      0x520 lib_build/syscalls.o
                                       0x7914 (size before relaxing)
 .debug_str     0x000000000007674a      0x121 /usr/lib/gcc/arm-none-eabi/9.2.1/../../../arm-none-eabi/lib/thumb/v7e-m/nofp/libg.a(lib_a-errno.o)
                                        0x5ac (size before relaxing)
 .debug_str     0x000000000007686b       0x98 /usr/lib/gcc/arm-none-eabi/9.2.1/../../../arm-none-eabi/lib/thumb/v7e-m/nofp/libg.a(lib_a-impure.o)
                                        0x59a (size before relaxing)
 .debug_str     0x0000000000076903       0xe8 /usr/lib/gcc/arm-none-eabi/9.2.1/../../../arm-none-eabi/lib/thumb/v7e-m/nofp/libg.a(lib_a-init.o)
                                        0x21e (size before relaxing)
 .debug_str     0x00000000000769eb       0xa1 /usr/lib/gcc/arm-none-eabi/9.2.1/../../../arm-none-eabi/lib/thumb/v7e-m/nofp/libg.a(lib_a-strlen.o)
                                         0xad (size before relaxing)

.debug_loc      0x0000000000000000      0x872
 *(.debug_loc)
 .debug_loc     0x0000000000000000       0x94 build/partA.o
 .debug_loc     0x0000000000000094      0x37c build/partB_functions.o
 .debug_loc     0x0000000000000410       0xb8 lib_build/xmc_gpio.o
 .debug_loc     0x00000000000004c8       0xb8 lib_build/xmc4_gpio.o
 .debug_loc     0x0000000000000580      0x1a4 lib_build/system_XMC4500.o
 .debug_loc     0x0000000000000724       0x94 lib_build/syscalls.o
 .debug_loc     0x00000000000007b8       0xba /usr/lib/gcc/arm-none-eabi/9.2.1/../../../arm-none-eabi/lib/thumb/v7e-m/nofp/libg.a(lib_a-init.o)

.debug_macinfo
 *(.debug_macinfo)

.debug_ranges   0x0000000000000000       0xf8
 *(.debug_ranges)
 .debug_ranges  0x0000000000000000       0x18 build/partA.o
 .debug_ranges  0x0000000000000018       0x60 build/partB_functions.o
 .debug_ranges  0x0000000000000078       0x18 lib_build/xmc_gpio.o
 .debug_ranges  0x0000000000000090       0x18 lib_build/xmc4_gpio.o
 .debug_ranges  0x00000000000000a8       0x38 lib_build/system_XMC4500.o
 .debug_ranges  0x00000000000000e0       0x18 lib_build/syscalls.o

.debug_weaknames
 *(.debug_weaknames)

.debug_funcnames
 *(.debug_funcnames)

.debug_typenames
 *(.debug_typenames)

.debug_varnames
 *(.debug_varnames)

.build_attributes
                0x0000000000000000      0x1f2
 *(.ARM.attributes)
 .ARM.attributes
                0x0000000000000000       0x32 build/partA.o
 .ARM.attributes
                0x0000000000000032       0x32 build/partB_functions.o
 .ARM.attributes
                0x0000000000000064       0x32 lib_build/xmc_gpio.o
 .ARM.attributes
                0x0000000000000096       0x32 lib_build/xmc4_gpio.o
 .ARM.attributes
                0x00000000000000c8       0x20 lib_build/startup_XMC4500.o
 .ARM.attributes
                0x00000000000000e8       0x32 lib_build/system_XMC4500.o
 .ARM.attributes
                0x000000000000011a       0x32 lib_build/syscalls.o
 .ARM.attributes
                0x000000000000014c       0x2e /usr/lib/gcc/arm-none-eabi/9.2.1/../../../arm-none-eabi/lib/thumb/v7e-m/nofp/libg.a(lib_a-errno.o)
 .ARM.attributes
                0x000000000000017a       0x2e /usr/lib/gcc/arm-none-eabi/9.2.1/../../../arm-none-eabi/lib/thumb/v7e-m/nofp/libg.a(lib_a-impure.o)
 .ARM.attributes
                0x00000000000001a8       0x2e /usr/lib/gcc/arm-none-eabi/9.2.1/../../../arm-none-eabi/lib/thumb/v7e-m/nofp/libg.a(lib_a-init.o)
 .ARM.attributes
                0x00000000000001d6       0x1c /usr/lib/gcc/arm-none-eabi/9.2.1/../../../arm-none-eabi/lib/thumb/v7e-m/nofp/libg.a(lib_a-strlen.o)
OUTPUT(build/main.elf elf32-littlearm)
LOAD linker stubs

.debug_macro    0x0000000000000000    0x18e9a
 .debug_macro   0x0000000000000000      0x295 build/partA.o
 .debug_macro   0x0000000000000295      0xa9c build/partA.o
 .debug_macro   0x0000000000000d31      0x16d build/partA.o
 .debug_macro   0x0000000000000e9e      0x34e build/partA.o
 .debug_macro   0x00000000000011ec       0x22 build/partA.o
 .debug_macro   0x000000000000120e       0x22 build/partA.o
 .debug_macro   0x0000000000001230       0x52 build/partA.o
 .debug_macro   0x0000000000001282       0x18 build/partA.o
 .debug_macro   0x000000000000129a       0x94 build/partA.o
 .debug_macro   0x000000000000132e       0x35 build/partA.o
 .debug_macro   0x0000000000001363       0x34 build/partA.o
 .debug_macro   0x0000000000001397       0x16 build/partA.o
 .debug_macro   0x00000000000013ad       0x43 build/partA.o
 .debug_macro   0x00000000000013f0       0x57 build/partA.o
 .debug_macro   0x0000000000001447       0x34 build/partA.o
 .debug_macro   0x000000000000147b       0x10 build/partA.o
 .debug_macro   0x000000000000148b       0x52 build/partA.o
 .debug_macro   0x00000000000014dd      0x182 build/partA.o
 .debug_macro   0x000000000000165f      0x35c build/partA.o
 .debug_macro   0x00000000000019bb       0x10 build/partA.o
 .debug_macro   0x00000000000019cb       0x35 build/partA.o
 .debug_macro   0x0000000000001a00      0x167 build/partA.o
 .debug_macro   0x0000000000001b67       0x2d build/partA.o
 .debug_macro   0x0000000000001b94       0x28 build/partA.o
 .debug_macro   0x0000000000001bbc       0xaf build/partA.o
 .debug_macro   0x0000000000001c6b      0xfe7 build/partA.o
 .debug_macro   0x0000000000002c52       0x16 build/partA.o
 .debug_macro   0x0000000000002c68    0x1474b build/partA.o
 .debug_macro   0x00000000000173b3       0x12 build/partA.o
 .debug_macro   0x00000000000173c5       0x4c build/partA.o
 .debug_macro   0x0000000000017411       0x22 build/partA.o
 .debug_macro   0x0000000000017433      0x861 build/partA.o
 .debug_macro   0x0000000000017c94       0xa5 build/partA.o
 .debug_macro   0x0000000000017d39       0x1c build/partA.o
 .debug_macro   0x0000000000017d55       0x10 build/partA.o
 .debug_macro   0x0000000000017d65       0x10 build/partA.o
 .debug_macro   0x0000000000017d75       0x6a build/partA.o
 .debug_macro   0x0000000000017ddf       0x1c build/partA.o
 .debug_macro   0x0000000000017dfb       0x52 build/partA.o
 .debug_macro   0x0000000000017e4d       0x22 build/partA.o
 .debug_macro   0x0000000000017e6f       0x10 build/partA.o
 .debug_macro   0x0000000000017e7f       0x40 build/partA.o
 .debug_macro   0x0000000000017ebf       0xd5 build/partA.o
 .debug_macro   0x0000000000017f94       0x1c build/partA.o
 .debug_macro   0x0000000000017fb0       0x3d build/partA.o
 .debug_macro   0x0000000000017fed       0x16 build/partA.o
 .debug_macro   0x0000000000018003      0x16f build/partA.o
 .debug_macro   0x0000000000018172       0x16 build/partA.o
 .debug_macro   0x0000000000018188       0x16 build/partA.o
 .debug_macro   0x000000000001819e       0x29 build/partA.o
 .debug_macro   0x00000000000181c7       0x5e build/partA.o
 .debug_macro   0x0000000000018225      0x295 build/partB_functions.o
 .debug_macro   0x00000000000184ba      0x18e lib_build/xmc_gpio.o
 .debug_macro   0x0000000000018648      0x19a lib_build/xmc4_gpio.o
 .debug_macro   0x00000000000187e2      0x2df lib_build/system_XMC4500.o
 .debug_macro   0x0000000000018ac1       0x22 lib_build/system_XMC4500.o
 .debug_macro   0x0000000000018ae3      0x16c lib_build/syscalls.o
 .debug_macro   0x0000000000018c4f       0x10 lib_build/syscalls.o
 .debug_macro   0x0000000000018c5f      0x23b lib_build/syscalls.o
