Archive member included to satisfy reference by file (symbol)

/usr/lib/gcc/arm-none-eabi/9.2.1/thumb/v7e-m/nofp/libgcc.a(_arm_addsubdf3.o)
                              build/main.o (__aeabi_ui2d)
/usr/lib/gcc/arm-none-eabi/9.2.1/thumb/v7e-m/nofp/libgcc.a(_arm_muldivdf3.o)
                              build/main.o (__aeabi_ddiv)
/usr/lib/gcc/arm-none-eabi/9.2.1/thumb/v7e-m/nofp/libgcc.a(_arm_truncdfsf2.o)
                              build/main.o (__aeabi_d2f)
/usr/lib/gcc/arm-none-eabi/9.2.1/../../../arm-none-eabi/lib/thumb/v7e-m/nofp/libg.a(lib_a-errno.o)
                              lib_build/syscalls.o (__errno)
/usr/lib/gcc/arm-none-eabi/9.2.1/../../../arm-none-eabi/lib/thumb/v7e-m/nofp/libg.a(lib_a-impure.o)
                              /usr/lib/gcc/arm-none-eabi/9.2.1/../../../arm-none-eabi/lib/thumb/v7e-m/nofp/libg.a(lib_a-errno.o) (_impure_ptr)
/usr/lib/gcc/arm-none-eabi/9.2.1/../../../arm-none-eabi/lib/thumb/v7e-m/nofp/libg.a(lib_a-init.o)
                              lib_build/startup_XMC4500.o (__libc_init_array)
/usr/lib/gcc/arm-none-eabi/9.2.1/../../../arm-none-eabi/lib/thumb/v7e-m/nofp/libg.a(lib_a-memcmp.o)
                              lib_build/HIDClassDevice.o (memcmp)
/usr/lib/gcc/arm-none-eabi/9.2.1/../../../arm-none-eabi/lib/thumb/v7e-m/nofp/libg.a(lib_a-memcpy.o)
                              lib_build/xmc_usbd.o (memcpy)
/usr/lib/gcc/arm-none-eabi/9.2.1/../../../arm-none-eabi/lib/thumb/v7e-m/nofp/libg.a(lib_a-memset.o)
                              lib_build/HIDClassDevice.o (memset)

Allocating common symbols
Common symbol       size              file

USB_IsInitialized   0x1               lib_build/USBTask.o
USB_DeviceState     0x1               lib_build/USBTask.o
event_handler_list  0x80              lib_build/xmc4_scu.o
buffer              0x8               build/KeyboardHID.o
endpoint0_in_buffer
                    0x100             lib_build/USBController_XMC4000.o
usbd_init           0x4               lib_build/xmc_usbd.o
log_high            0x190             build/main.o
USB_ControlRequest  0x8               lib_build/USBTask.o
log_low             0x190             build/main.o
endpoint0_out_buffer
                    0x100             lib_build/USBController_XMC4000.o
xmc_device          0x208             lib_build/xmc_usbd.o
device              0x140             lib_build/USBController_XMC4000.o

Discarded input sections

 .group         0x0000000000000000        0xc build/main.o
 .group         0x0000000000000000        0xc build/main.o
 .group         0x0000000000000000        0xc build/main.o
 .group         0x0000000000000000        0xc build/main.o
 .group         0x0000000000000000        0xc build/main.o
 .group         0x0000000000000000        0xc build/main.o
 .group         0x0000000000000000        0xc build/main.o
 .group         0x0000000000000000        0xc build/main.o
 .group         0x0000000000000000        0xc build/main.o
 .group         0x0000000000000000        0xc build/main.o
 .group         0x0000000000000000        0xc build/main.o
 .group         0x0000000000000000        0xc build/main.o
 .group         0x0000000000000000        0xc build/main.o
 .group         0x0000000000000000        0xc build/main.o
 .group         0x0000000000000000        0xc build/main.o
 .group         0x0000000000000000        0xc build/main.o
 .group         0x0000000000000000        0xc build/main.o
 .group         0x0000000000000000        0xc build/main.o
 .group         0x0000000000000000        0xc build/main.o
 .group         0x0000000000000000        0xc build/main.o
 .group         0x0000000000000000        0xc build/main.o
 .group         0x0000000000000000        0xc build/main.o
 .group         0x0000000000000000        0xc build/main.o
 .group         0x0000000000000000        0xc build/main.o
 .group         0x0000000000000000        0xc build/main.o
 .group         0x0000000000000000        0xc build/main.o
 .group         0x0000000000000000        0xc build/main.o
 .group         0x0000000000000000        0xc build/main.o
 .group         0x0000000000000000        0xc build/main.o
 .group         0x0000000000000000        0xc build/main.o
 .group         0x0000000000000000        0xc build/main.o
 .group         0x0000000000000000        0xc build/main.o
 .group         0x0000000000000000        0xc build/main.o
 .group         0x0000000000000000        0xc build/main.o
 .group         0x0000000000000000        0xc build/main.o
 .group         0x0000000000000000        0xc build/main.o
 .group         0x0000000000000000        0xc build/main.o
 .group         0x0000000000000000        0xc build/main.o
 .group         0x0000000000000000        0xc build/main.o
 .group         0x0000000000000000        0xc build/main.o
 .group         0x0000000000000000        0xc build/main.o
 .group         0x0000000000000000        0xc build/main.o
 .group         0x0000000000000000        0xc build/main.o
[...]
Memory Configuration

Name             Origin             Length             Attributes
FLASH_1_cached   0x0000000008000000 0x0000000000100000 xr
FLASH_1_uncached 0x000000000c000000 0x0000000000100000 xr
PSRAM_1          0x0000000010000000 0x0000000000010000 !xr
DSRAM_1_system   0x0000000020000000 0x0000000000010000 !xr
DSRAM_2_comm     0x0000000030000000 0x0000000000008000 !xr
*default*        0x0000000000000000 0xffffffffffffffff

Linker script and memory map

LOAD build/main.o
LOAD build/KeyboardHID.o
LOAD build/Descriptors.o
LOAD lib_build/xmc4_scu.o
LOAD lib_build/xmc_gpio.o
LOAD lib_build/HIDClassDevice.o
LOAD lib_build/memcpy.o
LOAD lib_build/Endpoint_XMC4000.o
LOAD lib_build/EndpointStream_XMC4000.o
LOAD lib_build/USBController_XMC4000.o
LOAD lib_build/xmc_usbd.o
LOAD lib_build/ConfigDescriptors.o
LOAD lib_build/HostStandardReq.o
LOAD lib_build/USBTask.o
LOAD lib_build/Events.o
LOAD lib_build/startup_XMC4500.o
LOAD lib_build/system_XMC4500.o
LOAD lib_build/syscalls.o
START GROUP
LOAD /usr/lib/gcc/arm-none-eabi/9.2.1/thumb/v7e-m/nofp/libgcc.a
LOAD /usr/lib/gcc/arm-none-eabi/9.2.1/../../../arm-none-eabi/lib/thumb/v7e-m/nofp/libg.a
LOAD /usr/lib/gcc/arm-none-eabi/9.2.1/../../../arm-none-eabi/lib/thumb/v7e-m/nofp/libc.a
END GROUP
START GROUP
LOAD /usr/lib/gcc/arm-none-eabi/9.2.1/thumb/v7e-m/nofp/libgcc.a
LOAD /usr/lib/gcc/arm-none-eabi/9.2.1/../../../arm-none-eabi/lib/thumb/v7e-m/nofp/libc.a
LOAD /usr/lib/gcc/arm-none-eabi/9.2.1/../../../arm-none-eabi/lib/thumb/v7e-m/nofp/libnosys.a
END GROUP
                0x0000000000000800                stack_size = DEFINED (stack_size)?stack_size:0x800
                0x0000000000000040                no_init_size = 0x40

.text           0x0000000008000000     0x72c8 load address 0x000000000c000000
                0x0000000008000000                sText = .
 *(.reset)
 .reset         0x0000000008000000      0x2b2 lib_build/startup_XMC4500.o
                0x0000000008000000                __Vectors
                0x0000000008000200                Reset_Handler
                0x00000000080002b0                VADC0_C0_3_IRQHandler
                0x00000000080002b0                DSD0_7_IRQHandler
                0x00000000080002b0                DebugMon_Handler
                0x00000000080002b0                VADC0_C0_0_IRQHandler
                0x00000000080002b0                CAN0_4_IRQHandler
                0x00000000080002b0                VADC0_G2_0_IRQHandler
                0x00000000080002b0                USIC0_5_IRQHandler
                0x00000000080002b0                POSIF0_0_IRQHandler
                0x00000000080002b0                POSIF1_0_IRQHandler
                0x00000000080002b0                HardFault_Handler
                0x00000000080002b0                VADC0_G1_1_IRQHandler
                0x00000000080002b0                SysTick_Handler
                0x00000000080002b0                PendSV_Handler
                0x00000000080002b0                NMI_Handler
                0x00000000080002b0                USIC1_3_IRQHandler
                0x00000000080002b0                CCU40_2_IRQHandler
                0x00000000080002b0                SCU_0_IRQHandler
                0x00000000080002b0                ERU0_0_IRQHandler
                0x00000000080002b0                CCU41_0_IRQHandler
                0x00000000080002b0                USIC1_5_IRQHandler
                0x00000000080002b0                DSD0_4_IRQHandler
                0x00000000080002b0                CCU80_1_IRQHandler
                0x00000000080002b0                CCU81_0_IRQHandler
                0x00000000080002b0                UsageFault_Handler
                0x00000000080002b0                USIC0_0_IRQHandler
                0x00000000080002b0                POSIF1_1_IRQHandler
                0x00000000080002b0                ERU0_2_IRQHandler
                0x00000000080002b0                CCU81_1_IRQHandler
                0x00000000080002b0                ERU1_1_IRQHandler
                0x00000000080002b0                VADC0_G2_3_IRQHandler
                0x00000000080002b0                VADC0_G2_2_IRQHandler
                0x00000000080002b0                CCU42_3_IRQHandler
                0x00000000080002b0                ERU0_3_IRQHandler
                0x00000000080002b0                DSD0_5_IRQHandler
                0x00000000080002b0                CAN0_6_IRQHandler
                0x00000000080002b0                CCU43_0_IRQHandler
                0x00000000080002b0                VADC0_G0_1_IRQHandler
                0x00000000080002b0                CCU81_2_IRQHandler
                0x00000000080002b0                USIC2_4_IRQHandler
                0x00000000080002b0                CCU81_3_IRQHandler
                0x00000000080002b0                CCU42_1_IRQHandler
                0x00000000080002b0                USIC1_1_IRQHandler
                0x00000000080002b0                USIC2_5_IRQHandler
                0x00000000080002b0                CCU40_0_IRQHandler
                0x00000000080002b0                CAN0_0_IRQHandler
                0x00000000080002b0                ERU1_0_IRQHandler
                0x00000000080002b0                CCU42_2_IRQHandler
                0x00000000080002b0                Default_Handler
                0x00000000080002b0                USIC1_4_IRQHandler
                0x00000000080002b0                ERU1_3_IRQHandler
                0x00000000080002b0                USIC1_0_IRQHandler
                0x00000000080002b0                POSIF0_1_IRQHandler
                0x00000000080002b0                VADC0_G0_0_IRQHandler
                0x00000000080002b0                DSD0_2_IRQHandler
                0x00000000080002b0                CCU80_3_IRQHandler
                0x00000000080002b0                CCU41_3_IRQHandler
                0x00000000080002b0                CCU80_2_IRQHandler
                0x00000000080002b0                VADC0_G1_3_IRQHandler
                0x00000000080002b0                VADC0_G0_3_IRQHandler
                0x00000000080002b0                GPDMA0_0_IRQHandler
                0x00000000080002b0                PMU0_0_IRQHandler
                0x00000000080002b0                CAN0_7_IRQHandler
                0x00000000080002b0                DSD0_1_IRQHandler
                0x00000000080002b0                CCU41_2_IRQHandler
                0x00000000080002b0                VADC0_C0_1_IRQHandler
                0x00000000080002b0                CCU43_2_IRQHandler
                0x00000000080002b0                USIC2_2_IRQHandler
                0x00000000080002b0                MemManage_Handler
                0x00000000080002b0                VADC0_G3_1_IRQHandler
                0x00000000080002b0                DAC0_0_IRQHandler
                0x00000000080002b0                SVC_Handler
                0x00000000080002b0                VADC0_G3_3_IRQHandler
                0x00000000080002b0                ERU1_2_IRQHandler
                0x00000000080002b0                CCU41_1_IRQHandler
                0x00000000080002b0                DSD0_6_IRQHandler
                0x00000000080002b0                CCU43_1_IRQHandler
                0x00000000080002b0                VADC0_G1_2_IRQHandler
                0x00000000080002b0                USIC2_3_IRQHandler
                0x00000000080002b0                CAN0_2_IRQHandler
                0x00000000080002b0                USIC2_0_IRQHandler
                0x00000000080002b0                VADC0_G0_2_IRQHandler
                0x00000000080002b0                VADC0_G2_1_IRQHandler
                0x00000000080002b0                CAN0_3_IRQHandler
                0x00000000080002b0                ETH0_0_IRQHandler
                0x00000000080002b0                USIC0_3_IRQHandler
                0x00000000080002b0                DSD0_0_IRQHandler
                0x00000000080002b0                VADC0_C0_2_IRQHandler
                0x00000000080002b0                CCU42_0_IRQHandler
                0x00000000080002b0                FCE0_0_IRQHandler
                0x00000000080002b0                VADC0_G1_0_IRQHandler
                0x00000000080002b0                CAN0_5_IRQHandler
                0x00000000080002b0                CCU80_0_IRQHandler
                0x00000000080002b0                CCU40_1_IRQHandler
                0x00000000080002b0                USIC2_1_IRQHandler
                0x00000000080002b0                USIC0_1_IRQHandler
                0x00000000080002b0                VADC0_G3_2_IRQHandler
                0x00000000080002b0                CCU40_3_IRQHandler
                0x00000000080002b0                BusFault_Handler
                0x00000000080002b0                LEDTS0_0_IRQHandler
                0x00000000080002b0                USIC0_4_IRQHandler
                0x00000000080002b0                CCU43_3_IRQHandler
                0x00000000080002b0                ERU0_1_IRQHandler
                0x00000000080002b0                VADC0_G3_0_IRQHandler
                0x00000000080002b0                USIC1_2_IRQHandler
                0x00000000080002b0                DSD0_3_IRQHandler
                0x00000000080002b0                SDMMC0_0_IRQHandler
                0x00000000080002b0                CAN0_1_IRQHandler
                0x00000000080002b0                USIC0_2_IRQHandler
                0x00000000080002b0                DAC0_1_IRQHandler
                0x00000000080002b0                GPDMA1_0_IRQHandler
 *(.text .text.* .gnu.linkonce.t.*)
 .text          0x00000000080002b2        0x0 build/main.o
 .text.XMC_GPIO_SetOutputHigh
                0x00000000080002b2       0x22 build/main.o
 .text.XMC_GPIO_SetOutputLow
                0x00000000080002d4       0x24 build/main.o
 .text.getMaxResponse
                0x00000000080002f8       0xb0 build/main.o
                0x00000000080002f8                getMaxResponse
 .text.main     0x00000000080003a8       0xec build/main.o
                0x00000000080003a8                main
 .text.CALLBACK_HID_Device_CreateHIDReport
                0x0000000008000494      0x3e0 build/main.o
                0x0000000008000494                CALLBACK_HID_Device_CreateHIDReport
 .text.CALLBACK_HID_Device_ProcessHIDReport
                0x0000000008000874       0xb0 build/main.o
                0x0000000008000874                CALLBACK_HID_Device_ProcessHIDReport
 .text.SystemCoreClockSetup
                0x0000000008000924       0x34 build/main.o
                0x0000000008000924                SystemCoreClockSetup
 .text          0x0000000008000958        0x0 build/KeyboardHID.o
 .text.__NVIC_GetPriorityGrouping
                0x0000000008000958       0x1c build/KeyboardHID.o
 .text.__NVIC_EnableIRQ
                0x0000000008000974       0x3c build/KeyboardHID.o
 .text.__NVIC_ClearPendingIRQ
                0x00000000080009b0       0x3c build/KeyboardHID.o
 .text.__NVIC_SetPriority
                0x00000000080009ec       0x54 build/KeyboardHID.o
 .text.NVIC_EncodePriority
                0x0000000008000a40       0x66 build/KeyboardHID.o
 *fill*         0x0000000008000aa6        0x2 
 .text.USB0_0_IRQHandler
                0x0000000008000aa8       0x14 build/KeyboardHID.o
                0x0000000008000aa8                USB0_0_IRQHandler
 .text.USB_Init
                0x0000000008000abc       0x48 build/KeyboardHID.o
                0x0000000008000abc                USB_Init
 .text.EVENT_USB_Device_
                0x0000000008000b04        0xe build/KeyboardHID.o
                0x0000000008000b04                EVENT_USB_Device_
 .text.EVENT_USB_Device_Connect
                0x0000000008000b12        0xe build/KeyboardHID.o
                0x0000000008000b12                EVENT_USB_Device_Connect
 .text.EVENT_USB_Device_Reset
                0x0000000008000b20       0x30 build/KeyboardHID.o
                0x0000000008000b20                EVENT_USB_Device_Reset
 .text.EVENT_USB_Device_ConfigurationChanged
                0x0000000008000b50       0x50 build/KeyboardHID.o
                0x0000000008000b50                EVENT_USB_Device_ConfigurationChanged
 .text.EVENT_USB_Device_ControlRequest
                0x0000000008000ba0       0x14 build/KeyboardHID.o
                0x0000000008000ba0                EVENT_USB_Device_ControlRequest
 .text.CALLBACK_HIDParser_FilterHIDReportItem
                0x0000000008000bb4       0x16 build/KeyboardHID.o
                0x0000000008000bb4                CALLBACK_HIDParser_FilterHIDReportItem
 .text          0x0000000008000bca        0x0 build/Descriptors.o
 *fill*         0x0000000008000bca        0x2 
 .text.CALLBACK_USB_GetDescriptor
                0x0000000008000bcc      0x14c build/Descriptors.o
                0x0000000008000bcc                CALLBACK_USB_GetDescriptor
 .text          0x0000000008000d18        0x0 lib_build/xmc4_scu.o
 .text.XMC_SCU_CLOCK_GetUsbClockSource
                0x0000000008000d18       0x1c lib_build/xmc4_scu.o
 .text.XMC_SCU_CLOCK_GetWdtClockSource
                0x0000000008000d34       0x1c lib_build/xmc4_scu.o
 .text.XMC_SCU_CLOCK_GetExternalOutputClockSource
                0x0000000008000d50       0x20 lib_build/xmc4_scu.o
 .text.XMC_SCU_CLOCK_GetSystemClockFrequency
                0x0000000008000d70       0x28 lib_build/xmc4_scu.o
 .text.XMC_SCU_CLOCK_GetCpuClockFrequency
                0x0000000008000d98       0x18 lib_build/xmc4_scu.o
 .text.XMC_SCU_GetMirrorStatus
                0x0000000008000db0       0x18 lib_build/xmc4_scu.o
 .text.XMC_SCU_lDelay
                0x0000000008000dc8       0x48 lib_build/xmc4_scu.o
 .text.XMC_SCU_INTERRUPT_EnableEvent
                0x0000000008000e10       0x24 lib_build/xmc4_scu.o
                0x0000000008000e10                XMC_SCU_INTERRUPT_EnableEvent
 .text.XMC_SCU_INTERRUPT_DisableEvent
                0x0000000008000e34       0x28 lib_build/xmc4_scu.o
                0x0000000008000e34                XMC_SCU_INTERRUPT_DisableEvent
 .text.XMC_SCU_INTERRUPT_TriggerEvent
                0x0000000008000e5c       0x24 lib_build/xmc4_scu.o
                0x0000000008000e5c                XMC_SCU_INTERRUPT_TriggerEvent
 .text.XMC_SCU_INTERUPT_GetEventStatus
                0x0000000008000e80       0x18 lib_build/xmc4_scu.o
                0x0000000008000e80                XMC_SCU_INTERUPT_GetEventStatus
 .text.XMC_SCU_INTERRUPT_ClearEventStatus
                0x0000000008000e98       0x20 lib_build/xmc4_scu.o
                0x0000000008000e98                XMC_SCU_INTERRUPT_ClearEventStatus
 .text.XMC_SCU_GetBootMode
                0x0000000008000eb8       0x1c lib_build/xmc4_scu.o
                0x0000000008000eb8                XMC_SCU_GetBootMode
 .text.XMC_SCU_SetBootMode
                0x0000000008000ed4       0x20 lib_build/xmc4_scu.o
                0x0000000008000ed4                XMC_SCU_SetBootMode
 .text.XMC_SCU_ReadGPR
                0x0000000008000ef4       0x24 lib_build/xmc4_scu.o
                0x0000000008000ef4                XMC_SCU_ReadGPR
 .text.XMC_SCU_WriteGPR
                0x0000000008000f18       0x28 lib_build/xmc4_scu.o
                0x0000000008000f18                XMC_SCU_WriteGPR
 .text.XMC_SCU_EnableOutOfRangeComparator
                0x0000000008000f40       0x38 lib_build/xmc4_scu.o
                0x0000000008000f40                XMC_SCU_EnableOutOfRangeComparator
 .text.XMC_SCU_DisableOutOfRangeComparator
                0x0000000008000f78       0x3c lib_build/xmc4_scu.o
                0x0000000008000f78                XMC_SCU_DisableOutOfRangeComparator
 .text.XMC_SCU_CalibrateTemperatureSensor
                0x0000000008000fb4       0x30 lib_build/xmc4_scu.o
                0x0000000008000fb4                XMC_SCU_CalibrateTemperatureSensor
 .text.XMC_SCU_EnableTemperatureSensor
                0x0000000008000fe4       0x24 lib_build/xmc4_scu.o
                0x0000000008000fe4                XMC_SCU_EnableTemperatureSensor
 .text.XMC_SCU_DisableTemperatureSensor
                0x0000000008001008       0x24 lib_build/xmc4_scu.o
                0x0000000008001008                XMC_SCU_DisableTemperatureSensor
 .text.XMC_SCU_IsTemperatureSensorEnabled
                0x000000000800102c       0x28 lib_build/xmc4_scu.o
                0x000000000800102c                XMC_SCU_IsTemperatureSensorEnabled
 .text.XMC_SCU_IsTemperatureSensorReady
                0x0000000008001054       0x28 lib_build/xmc4_scu.o
                0x0000000008001054                XMC_SCU_IsTemperatureSensorReady
 .text.XMC_SCU_StartTemperatureMeasurement
                0x000000000800107c       0x4c lib_build/xmc4_scu.o
                0x000000000800107c                XMC_SCU_StartTemperatureMeasurement
 .text.XMC_SCU_GetTemperatureMeasurement
                0x00000000080010c8       0x38 lib_build/xmc4_scu.o
                0x00000000080010c8                XMC_SCU_GetTemperatureMeasurement
 .text.XMC_SCU_IsTemperatureSensorBusy
                0x0000000008001100       0x28 lib_build/xmc4_scu.o
                0x0000000008001100                XMC_SCU_IsTemperatureSensorBusy
 .text.XMC_SCU_WriteToRetentionMemory
                0x0000000008001128       0x50 lib_build/xmc4_scu.o
                0x0000000008001128                XMC_SCU_WriteToRetentionMemory
 .text.XMC_SCU_ReadFromRetentionMemory
                0x0000000008001178       0x48 lib_build/xmc4_scu.o
                0x0000000008001178                XMC_SCU_ReadFromRetentionMemory
 .text.XMC_SCU_CLOCK_Init
                0x00000000080011c0       0xe6 lib_build/xmc4_scu.o
                0x00000000080011c0                XMC_SCU_CLOCK_Init
 *fill*         0x00000000080012a6        0x2 
 .text.XMC_SCU_TRAP_Enable
                0x00000000080012a8       0x28 lib_build/xmc4_scu.o
                0x00000000080012a8                XMC_SCU_TRAP_Enable
 .text.XMC_SCU_TRAP_Disable
                0x00000000080012d0       0x24 lib_build/xmc4_scu.o
                0x00000000080012d0                XMC_SCU_TRAP_Disable
 .text.XMC_SCU_TRAP_GetStatus
                0x00000000080012f4       0x18 lib_build/xmc4_scu.o
                0x00000000080012f4                XMC_SCU_TRAP_GetStatus
 .text.XMC_SCU_TRAP_Trigger
                0x000000000800130c       0x20 lib_build/xmc4_scu.o
                0x000000000800130c                XMC_SCU_TRAP_Trigger
 .text.XMC_SCU_TRAP_ClearStatus
                0x000000000800132c       0x20 lib_build/xmc4_scu.o
                0x000000000800132c                XMC_SCU_TRAP_ClearStatus
 .text.XMC_SCU_PARITY_ClearStatus
                0x000000000800134c       0x24 lib_build/xmc4_scu.o
                0x000000000800134c                XMC_SCU_PARITY_ClearStatus
 .text.XMC_SCU_PARITY_GetStatus
                0x0000000008001370       0x18 lib_build/xmc4_scu.o
                0x0000000008001370                XMC_SCU_PARITY_GetStatus
 .text.XMC_SCU_PARITY_Enable
                0x0000000008001388       0x24 lib_build/xmc4_scu.o
                0x0000000008001388                XMC_SCU_PARITY_Enable
 .text.XMC_SCU_PARITY_Disable
                0x00000000080013ac       0x28 lib_build/xmc4_scu.o
                0x00000000080013ac                XMC_SCU_PARITY_Disable
 .text.XMC_SCU_PARITY_EnableTrapGeneration
                0x00000000080013d4       0x24 lib_build/xmc4_scu.o
                0x00000000080013d4                XMC_SCU_PARITY_EnableTrapGeneration
 .text.XMC_SCU_PARITY_DisableTrapGeneration
                0x00000000080013f8       0x28 lib_build/xmc4_scu.o
                0x00000000080013f8                XMC_SCU_PARITY_DisableTrapGeneration
 .text.XMC_SCU_INTERRUPT_EnableNmiRequest
                0x0000000008001420       0x24 lib_build/xmc4_scu.o
                0x0000000008001420                XMC_SCU_INTERRUPT_EnableNmiRequest
 .text.XMC_SCU_INTERRUPT_DisableNmiRequest
                0x0000000008001444       0x28 lib_build/xmc4_scu.o
                0x0000000008001444                XMC_SCU_INTERRUPT_DisableNmiRequest
 .text.XMC_SCU_RESET_AssertPeripheralReset
                0x000000000800146c       0x3c lib_build/xmc4_scu.o
                0x000000000800146c                XMC_SCU_RESET_AssertPeripheralReset
 .text.XMC_SCU_RESET_DeassertPeripheralReset
                0x00000000080014a8       0x3c lib_build/xmc4_scu.o
                0x00000000080014a8                XMC_SCU_RESET_DeassertPeripheralReset
 .text.XMC_SCU_RESET_IsPeripheralResetAsserted
                0x00000000080014e4       0x48 lib_build/xmc4_scu.o
                0x00000000080014e4                XMC_SCU_RESET_IsPeripheralResetAsserted
 .text.XMC_SCU_CLOCK_GetSystemPllClockFrequency
                0x000000000800152c       0x7c lib_build/xmc4_scu.o
                0x000000000800152c                XMC_SCU_CLOCK_GetSystemPllClockFrequency
 .text.XMC_SCU_CLOCK_GetSystemPllClockSourceFrequency
                0x00000000080015a8       0x30 lib_build/xmc4_scu.o
                0x00000000080015a8                XMC_SCU_CLOCK_GetSystemPllClockSourceFrequency
 .text.XMC_SCU_CLOCK_GetUsbPllClockFrequency
                0x00000000080015d8       0x54 lib_build/xmc4_scu.o
                0x00000000080015d8                XMC_SCU_CLOCK_GetUsbPllClockFrequency
 .text.XMC_SCU_CLOCK_GetCcuClockFrequency
                0x000000000800162c       0x2c lib_build/xmc4_scu.o
                0x000000000800162c                XMC_SCU_CLOCK_GetCcuClockFrequency
 .text.XMC_SCU_CLOCK_GetUsbClockFrequency
                0x0000000008001658       0x48 lib_build/xmc4_scu.o
                0x0000000008001658                XMC_SCU_CLOCK_GetUsbClockFrequency
 .text.XMC_SCU_CLOCK_GetEbuClockFrequency
                0x00000000080016a0       0x28 lib_build/xmc4_scu.o
                0x00000000080016a0                XMC_SCU_CLOCK_GetEbuClockFrequency
 .text.XMC_SCU_CLOCK_GetWdtClockFrequency
                0x00000000080016c8       0x58 lib_build/xmc4_scu.o
                0x00000000080016c8                XMC_SCU_CLOCK_GetWdtClockFrequency
 .text.XMC_SCU_CLOCK_GetExternalOutputClockFrequency
                0x0000000008001720       0x70 lib_build/xmc4_scu.o
                0x0000000008001720                XMC_SCU_CLOCK_GetExternalOutputClockFrequency
 .text.XMC_SCU_CLOCK_GetPeripheralClockFrequency
                0x0000000008001790       0x20 lib_build/xmc4_scu.o
                0x0000000008001790                XMC_SCU_CLOCK_GetPeripheralClockFrequency
 .text.XMC_SCU_CLOCK_SetSystemClockSource
                0x00000000080017b0       0x28 lib_build/xmc4_scu.o
                0x00000000080017b0                XMC_SCU_CLOCK_SetSystemClockSource
 .text.XMC_SCU_CLOCK_SetUsbClockSource
                0x00000000080017d8       0x28 lib_build/xmc4_scu.o
                0x00000000080017d8                XMC_SCU_CLOCK_SetUsbClockSource
 .text.XMC_SCU_CLOCK_SetWdtClockSource
                0x0000000008001800       0x28 lib_build/xmc4_scu.o
                0x0000000008001800                XMC_SCU_CLOCK_SetWdtClockSource
 .text.XMC_SCU_CLOCK_SetExternalOutputClockSource
                0x0000000008001828       0x2c lib_build/xmc4_scu.o
                0x0000000008001828                XMC_SCU_CLOCK_SetExternalOutputClockSource
 .text.XMC_SCU_CLOCK_SetSystemPllClockSource
                0x0000000008001854       0x44 lib_build/xmc4_scu.o
                0x0000000008001854                XMC_SCU_CLOCK_SetSystemPllClockSource
 .text.XMC_SCU_HIB_SetRtcClockSource
                0x0000000008001898       0x40 lib_build/xmc4_scu.o
                0x0000000008001898                XMC_SCU_HIB_SetRtcClockSource
 .text.XMC_SCU_HIB_SetStandbyClockSource
                0x00000000080018d8       0x40 lib_build/xmc4_scu.o
                0x00000000080018d8                XMC_SCU_HIB_SetStandbyClockSource
 .text.XMC_SCU_CLOCK_SetSystemClockDivider
                0x0000000008001918       0x2c lib_build/xmc4_scu.o
                0x0000000008001918                XMC_SCU_CLOCK_SetSystemClockDivider
 .text.XMC_SCU_CLOCK_SetCcuClockDivider
                0x0000000008001944       0x2c lib_build/xmc4_scu.o
                0x0000000008001944                XMC_SCU_CLOCK_SetCcuClockDivider
 .text.XMC_SCU_CLOCK_SetCpuClockDivider
                0x0000000008001970       0x2c lib_build/xmc4_scu.o
                0x0000000008001970                XMC_SCU_CLOCK_SetCpuClockDivider
 .text.XMC_SCU_CLOCK_SetPeripheralClockDivider
                0x000000000800199c       0x2c lib_build/xmc4_scu.o
                0x000000000800199c                XMC_SCU_CLOCK_SetPeripheralClockDivider
 .text.XMC_SCU_CLOCK_SetUsbClockDivider
                0x00000000080019c8       0x2c lib_build/xmc4_scu.o
                0x00000000080019c8                XMC_SCU_CLOCK_SetUsbClockDivider
 .text.XMC_SCU_CLOCK_SetEbuClockDivider
                0x00000000080019f4       0x2c lib_build/xmc4_scu.o
                0x00000000080019f4                XMC_SCU_CLOCK_SetEbuClockDivider
 .text.XMC_SCU_CLOCK_SetWdtClockDivider
                0x0000000008001a20       0x2c lib_build/xmc4_scu.o
                0x0000000008001a20                XMC_SCU_CLOCK_SetWdtClockDivider
 .text.XMC_SCU_CLOCK_SetExternalOutputClockDivider
                0x0000000008001a4c       0x30 lib_build/xmc4_scu.o
                0x0000000008001a4c                XMC_SCU_CLOCK_SetExternalOutputClockDivider
 .text.XMC_SCU_CLOCK_EnableClock
                0x0000000008001a7c       0x20 lib_build/xmc4_scu.o
                0x0000000008001a7c                XMC_SCU_CLOCK_EnableClock
 .text.XMC_SCU_CLOCK_DisableClock
                0x0000000008001a9c       0x20 lib_build/xmc4_scu.o
                0x0000000008001a9c                XMC_SCU_CLOCK_DisableClock
 .text.XMC_SCU_CLOCK_IsClockEnabled
                0x0000000008001abc       0x2c lib_build/xmc4_scu.o
                0x0000000008001abc                XMC_SCU_CLOCK_IsClockEnabled
 .text.XMC_SCU_POWER_GetEVR13Voltage
                0x0000000008001ae8       0x30 lib_build/xmc4_scu.o
                0x0000000008001ae8                XMC_SCU_POWER_GetEVR13Voltage
 .text.XMC_SCU_POWER_GetEVR33Voltage
                0x0000000008001b18       0x34 lib_build/xmc4_scu.o
                0x0000000008001b18                XMC_SCU_POWER_GetEVR33Voltage
 .text.XMC_SCU_CLOCK_EnableUsbPll
                0x0000000008001b4c       0x24 lib_build/xmc4_scu.o
                0x0000000008001b4c                XMC_SCU_CLOCK_EnableUsbPll
 .text.XMC_SCU_CLOCK_DisableUsbPll
                0x0000000008001b70       0x24 lib_build/xmc4_scu.o
                0x0000000008001b70                XMC_SCU_CLOCK_DisableUsbPll
 .text.XMC_SCU_CLOCK_StartUsbPll
                0x0000000008001b94       0x78 lib_build/xmc4_scu.o
                0x0000000008001b94                XMC_SCU_CLOCK_StartUsbPll
 .text.XMC_SCU_CLOCK_StopUsbPll
                0x0000000008001c0c       0x1c lib_build/xmc4_scu.o
                0x0000000008001c0c                XMC_SCU_CLOCK_StopUsbPll
 .text.XMC_SCU_CLOCK_SetBackupClockCalibrationMode
                0x0000000008001c28       0x4c lib_build/xmc4_scu.o
                0x0000000008001c28                XMC_SCU_CLOCK_SetBackupClockCalibrationMode
 .text.XMC_SCU_POWER_EnableUsb
                0x0000000008001c74       0x1c lib_build/xmc4_scu.o
                0x0000000008001c74                XMC_SCU_POWER_EnableUsb
 .text.XMC_SCU_POWER_DisableUsb
                0x0000000008001c90       0x1c lib_build/xmc4_scu.o
                0x0000000008001c90                XMC_SCU_POWER_DisableUsb
 .text.XMC_SCU_CLOCK_IsUsbPllLocked
                0x0000000008001cac       0x24 lib_build/xmc4_scu.o
                0x0000000008001cac                XMC_SCU_CLOCK_IsUsbPllLocked
 .text.XMC_SCU_HIB_EnableHibernateDomain
                0x0000000008001cd0       0x58 lib_build/xmc4_scu.o
                0x0000000008001cd0                XMC_SCU_HIB_EnableHibernateDomain
 .text.XMC_SCU_HIB_DisableHibernateDomain
                0x0000000008001d28       0x24 lib_build/xmc4_scu.o
                0x0000000008001d28                XMC_SCU_HIB_DisableHibernateDomain
 .text.XMC_SCU_HIB_IsHibernateDomainEnabled
                0x0000000008001d4c       0x3c lib_build/xmc4_scu.o
                0x0000000008001d4c                XMC_SCU_HIB_IsHibernateDomainEnabled
 .text.XMC_SCU_HIB_EnableInternalSlowClock
                0x0000000008001d88       0x34 lib_build/xmc4_scu.o
                0x0000000008001d88                XMC_SCU_HIB_EnableInternalSlowClock
 .text.XMC_SCU_HIB_DisableInternalSlowClock
                0x0000000008001dbc       0x34 lib_build/xmc4_scu.o
                0x0000000008001dbc                XMC_SCU_HIB_DisableInternalSlowClock
 .text.XMC_SCU_HIB_ClearEventStatus
                0x0000000008001df0       0x34 lib_build/xmc4_scu.o
                0x0000000008001df0                XMC_SCU_HIB_ClearEventStatus
 .text.XMC_SCU_HIB_TriggerEvent
                0x0000000008001e24       0x34 lib_build/xmc4_scu.o
                0x0000000008001e24                XMC_SCU_HIB_TriggerEvent
 .text.XMC_SCU_HIB_EnableEvent
                0x0000000008001e58       0x38 lib_build/xmc4_scu.o
                0x0000000008001e58                XMC_SCU_HIB_EnableEvent
 .text.XMC_SCU_HIB_DisableEvent
                0x0000000008001e90       0x3c lib_build/xmc4_scu.o
                0x0000000008001e90                XMC_SCU_HIB_DisableEvent
 .text.XMC_SCU_HIB_EnterHibernateState
                0x0000000008001ecc       0x34 lib_build/xmc4_scu.o
                0x0000000008001ecc                XMC_SCU_HIB_EnterHibernateState
 .text.XMC_SCU_HIB_EnterHibernateStateEx
                0x0000000008001f00       0x1c lib_build/xmc4_scu.o
                0x0000000008001f00                XMC_SCU_HIB_EnterHibernateStateEx
 .text.XMC_SCU_HIB_SetWakeupTriggerInput
                0x0000000008001f1c       0x50 lib_build/xmc4_scu.o
                0x0000000008001f1c                XMC_SCU_HIB_SetWakeupTriggerInput
 .text.XMC_SCU_HIB_SetPinMode
                0x0000000008001f6c       0x54 lib_build/xmc4_scu.o
                0x0000000008001f6c                XMC_SCU_HIB_SetPinMode
 .text.XMC_SCU_HIB_SetPinOutputLevel
                0x0000000008001fc0       0x58 lib_build/xmc4_scu.o
                0x0000000008001fc0                XMC_SCU_HIB_SetPinOutputLevel
 .text.XMC_SCU_HIB_SetInput0
                0x0000000008002018       0x50 lib_build/xmc4_scu.o
                0x0000000008002018                XMC_SCU_HIB_SetInput0
 .text.XMC_SCU_HIB_SetSR0Input
                0x0000000008002068       0x40 lib_build/xmc4_scu.o
                0x0000000008002068                XMC_SCU_HIB_SetSR0Input
 .text.XMC_SCU_CLOCK_IsLowPowerOscillatorStable
                0x00000000080020a8       0x24 lib_build/xmc4_scu.o
                0x00000000080020a8                XMC_SCU_CLOCK_IsLowPowerOscillatorStable
 .text.XMC_SCU_CLOCK_EnableLowPowerOscillator
                0x00000000080020cc       0x6c lib_build/xmc4_scu.o
                0x00000000080020cc                XMC_SCU_CLOCK_EnableLowPowerOscillator
 .text.XMC_SCU_CLOCK_DisableLowPowerOscillator
                0x0000000008002138       0x34 lib_build/xmc4_scu.o
                0x0000000008002138                XMC_SCU_CLOCK_DisableLowPowerOscillator
 .text.XMC_SCU_CLOCK_EnableLowPowerOscillatorGeneralPurposeInput
                0x000000000800216c       0x34 lib_build/xmc4_scu.o
                0x000000000800216c                XMC_SCU_CLOCK_EnableLowPowerOscillatorGeneralPurposeInput
 .text.XMC_SCU_CLOCK_DisableLowPowerOscillatorGeneralPurposeInput
                0x00000000080021a0       0x38 lib_build/xmc4_scu.o
                0x00000000080021a0                XMC_SCU_CLOCK_DisableLowPowerOscillatorGeneralPurposeInput
 .text.XMC_SCU_CLOCK_GetLowPowerOscillatorGeneralPurposeInputStatus
                0x00000000080021d8       0x1c lib_build/xmc4_scu.o
                0x00000000080021d8                XMC_SCU_CLOCK_GetLowPowerOscillatorGeneralPurposeInputStatus
 .text.XMC_SCU_CLOCK_EnableHighPerformanceOscillator
                0x00000000080021f4       0x50 lib_build/xmc4_scu.o
                0x00000000080021f4                XMC_SCU_CLOCK_EnableHighPerformanceOscillator
 .text.XMC_SCU_CLOCK_IsHighPerformanceOscillatorStable
                0x0000000008002244       0x28 lib_build/xmc4_scu.o
                0x0000000008002244                XMC_SCU_CLOCK_IsHighPerformanceOscillatorStable
 .text.XMC_SCU_CLOCK_DisableHighPerformanceOscillator
                0x000000000800226c       0x20 lib_build/xmc4_scu.o
                0x000000000800226c                XMC_SCU_CLOCK_DisableHighPerformanceOscillator
 .text.XMC_SCU_CLOCK_EnableHighPerformanceOscillatorGeneralPurposeInput
                0x000000000800228c       0x20 lib_build/xmc4_scu.o
                0x000000000800228c                XMC_SCU_CLOCK_EnableHighPerformanceOscillatorGeneralPurposeInput
 .text.XMC_SCU_CLOCK_DisableHighPerformanceOscillatorGeneralPurposeInput
                0x00000000080022ac       0x20 lib_build/xmc4_scu.o
                0x00000000080022ac                XMC_SCU_CLOCK_DisableHighPerformanceOscillatorGeneralPurposeInput
 .text.XMC_SCU_CLOCK_GetHighPerformanceOscillatorGeneralPurposeInputStatus
                0x00000000080022cc       0x1c lib_build/xmc4_scu.o
                0x00000000080022cc                XMC_SCU_CLOCK_GetHighPerformanceOscillatorGeneralPurposeInputStatus
 .text.XMC_SCU_CLOCK_EnableSystemPll
                0x00000000080022e8       0x24 lib_build/xmc4_scu.o
                0x00000000080022e8                XMC_SCU_CLOCK_EnableSystemPll
 .text.XMC_SCU_CLOCK_DisableSystemPll
                0x000000000800230c       0x24 lib_build/xmc4_scu.o
                0x000000000800230c                XMC_SCU_CLOCK_DisableSystemPll
 .text.XMC_SCU_CLOCK_StartSystemPll
                0x0000000008002330      0x178 lib_build/xmc4_scu.o
                0x0000000008002330                XMC_SCU_CLOCK_StartSystemPll
 .text.XMC_SCU_CLOCK_StopSystemPll
                0x00000000080024a8       0x20 lib_build/xmc4_scu.o
                0x00000000080024a8                XMC_SCU_CLOCK_StopSystemPll
 .text.XMC_SCU_CLOCK_StepSystemPllFrequency
                0x00000000080024c8       0x30 lib_build/xmc4_scu.o
                0x00000000080024c8                XMC_SCU_CLOCK_StepSystemPllFrequency
 .text.XMC_SCU_CLOCK_IsSystemPllLocked
                0x00000000080024f8       0x24 lib_build/xmc4_scu.o
                0x00000000080024f8                XMC_SCU_CLOCK_IsSystemPllLocked
 .text.XMC_SCU_INTERRUPT_SetEventHandler
                0x000000000800251c       0x58 lib_build/xmc4_scu.o
                0x000000000800251c                XMC_SCU_INTERRUPT_SetEventHandler
 .text.XMC_SCU_IRQHandler
                0x0000000008002574       0x64 lib_build/xmc4_scu.o
                0x0000000008002574                XMC_SCU_IRQHandler
 .text          0x00000000080025d8        0x0 lib_build/xmc_gpio.o
 .text.XMC_GPIO_SetMode
                0x00000000080025d8       0x82 lib_build/xmc_gpio.o
                0x00000000080025d8                XMC_GPIO_SetMode
 .text.XMC_GPIO_SetHardwareControl
                0x000000000800265a       0x46 lib_build/xmc_gpio.o
                0x000000000800265a                XMC_GPIO_SetHardwareControl
 .text          0x00000000080026a0        0x0 lib_build/HIDClassDevice.o
 .text.HID_Device_ProcessControlRequest
                0x00000000080026a0      0x3d8 lib_build/HIDClassDevice.o
                0x00000000080026a0                HID_Device_ProcessControlRequest
 .text.HID_Device_ConfigureEndpoints
                0x0000000008002a78       0x50 lib_build/HIDClassDevice.o
                0x0000000008002a78                HID_Device_ConfigureEndpoints
 .text.HID_Device_USBTask
                0x0000000008002ac8      0x1b4 lib_build/HIDClassDevice.o
                0x0000000008002ac8                HID_Device_USBTask
 .text          0x0000000008002c7c        0x0 lib_build/memcpy.o
 .text.thumb2_memcpy
                0x0000000008002c7c       0x3e lib_build/memcpy.o
                0x0000000008002c7c                thumb2_memcpy
 .text          0x0000000008002cba        0x0 lib_build/Endpoint_XMC4000.o
 *fill*         0x0000000008002cba        0x2 
 .text.__NVIC_EnableIRQ
                0x0000000008002cbc       0x3c lib_build/Endpoint_XMC4000.o
 .text.__NVIC_DisableIRQ
                0x0000000008002cf8       0x48 lib_build/Endpoint_XMC4000.o
 .text.Endpoint_WaitUntilReady
                0x0000000008002d40      0x124 lib_build/Endpoint_XMC4000.o
                0x0000000008002d40                Endpoint_WaitUntilReady
 .text.Endpoint_ClearOUT
                0x0000000008002e64       0x98 lib_build/Endpoint_XMC4000.o
                0x0000000008002e64                Endpoint_ClearOUT
 .text.Endpoint_ClearIN
                0x0000000008002efc       0xf0 lib_build/Endpoint_XMC4000.o
                0x0000000008002efc                Endpoint_ClearIN
 .text.Endpoint_IsReadWriteAllowed
                0x0000000008002fec       0x64 lib_build/Endpoint_XMC4000.o
                0x0000000008002fec                Endpoint_IsReadWriteAllowed
 .text.Endpoint_Write_8
                0x0000000008003050       0x6c lib_build/Endpoint_XMC4000.o
                0x0000000008003050                Endpoint_Write_8
 .text.Endpoint_Read_8
                0x00000000080030bc       0x70 lib_build/Endpoint_XMC4000.o
                0x00000000080030bc                Endpoint_Read_8
 .text.Endpoint_Write_32_LE
                0x000000000800312c       0x6c lib_build/Endpoint_XMC4000.o
                0x000000000800312c                Endpoint_Write_32_LE
 .text.Endpoint_Read_32_LE
                0x0000000008003198       0x70 lib_build/Endpoint_XMC4000.o
                0x0000000008003198                Endpoint_Read_32_LE
 .text.Endpoint_ConfigureEndpointTable
                0x0000000008003208      0x150 lib_build/Endpoint_XMC4000.o
                0x0000000008003208                Endpoint_ConfigureEndpointTable
 .text          0x0000000008003358        0x0 lib_build/EndpointStream_XMC4000.o
 .text.Endpoint_Write_Stream_LE
                0x0000000008003358      0x114 lib_build/EndpointStream_XMC4000.o
                0x0000000008003358                Endpoint_Write_Stream_LE
 .text.SwapCopy
                0x000000000800346c       0x46 lib_build/EndpointStream_XMC4000.o
                0x000000000800346c                SwapCopy
 *fill*         0x00000000080034b2        0x2 
 .text.Endpoint_Write_Stream_BE
                0x00000000080034b4       0xe8 lib_build/EndpointStream_XMC4000.o
                0x00000000080034b4                Endpoint_Write_Stream_BE
 .text.Endpoint_Read_Stream_LE
                0x000000000800359c       0xf0 lib_build/EndpointStream_XMC4000.o
                0x000000000800359c                Endpoint_Read_Stream_LE
 .text.Endpoint_Read_Stream_BE
                0x000000000800368c       0xf0 lib_build/EndpointStream_XMC4000.o
                0x000000000800368c                Endpoint_Read_Stream_BE
 .text.Endpoint_Write_Control_Stream_LE
                0x000000000800377c       0x70 lib_build/EndpointStream_XMC4000.o
                0x000000000800377c                Endpoint_Write_Control_Stream_LE
 .text.Endpoint_Write_Control_Stream_BE
                0x00000000080037ec       0x20 lib_build/EndpointStream_XMC4000.o
                0x00000000080037ec                Endpoint_Write_Control_Stream_BE
 .text.Endpoint_Read_Control_Stream_LE
                0x000000000800380c       0x68 lib_build/EndpointStream_XMC4000.o
                0x000000000800380c                Endpoint_Read_Control_Stream_LE
 .text.Endpoint_Read_Control_Stream_BE
                0x0000000008003874       0x20 lib_build/EndpointStream_XMC4000.o
                0x0000000008003874                Endpoint_Read_Control_Stream_BE
 .text.Endpoint_Null_Stream
                0x0000000008003894       0xdc lib_build/EndpointStream_XMC4000.o
                0x0000000008003894                Endpoint_Null_Stream
 .text          0x0000000008003970        0x0 lib_build/USBController_XMC4000.o
 .text.USBD_HandleEP0_Stall
                0x0000000008003970       0x2c lib_build/USBController_XMC4000.o
                0x0000000008003970                USBD_HandleEP0_Stall
 .text.USB_Device_ProcessControlRequest
                0x000000000800399c      0x43c lib_build/USBController_XMC4000.o
                0x000000000800399c                USB_Device_ProcessControlRequest
 .text.USBD_HandleEP0_IN
                0x0000000008003dd8       0x4c lib_build/USBController_XMC4000.o
                0x0000000008003dd8                USBD_HandleEP0_IN
 .text.USBD_HandleEP0_OUT
                0x0000000008003e24       0x54 lib_build/USBController_XMC4000.o
                0x0000000008003e24                USBD_HandleEP0_OUT
 .text.USBD_HandleEP0_SETUP
                0x0000000008003e78       0x94 lib_build/USBController_XMC4000.o
                0x0000000008003e78                USBD_HandleEP0_SETUP
 .text.USBD_SignalDeviceEventHandler
                0x0000000008003f0c      0x228 lib_build/USBController_XMC4000.o
                0x0000000008003f0c                USBD_SignalDeviceEventHandler
 .text.USBD_SignalEndpointEvent_Handler
                0x0000000008004134      0x1a0 lib_build/USBController_XMC4000.o
                0x0000000008004134                USBD_SignalEndpointEvent_Handler
 .text.USBD_Initialize
                0x00000000080042d4       0xcc lib_build/USBController_XMC4000.o
                0x00000000080042d4                USBD_Initialize
 .text.USB_IsEnumDone
                0x00000000080043a0       0x20 lib_build/USBController_XMC4000.o
                0x00000000080043a0                USB_IsEnumDone
 .text.USBD_SetEndpointBuffer
                0x00000000080043c0       0x7c lib_build/USBController_XMC4000.o
                0x00000000080043c0                USBD_SetEndpointBuffer
 .text          0x000000000800443c        0x0 lib_build/xmc_usbd.o
 .text.XMC_USBD_lDeviceActive
                0x000000000800443c       0x68 lib_build/xmc_usbd.o
                0x000000000800443c                XMC_USBD_lDeviceActive
 .text.XMC_USBD_lReadFifo
                0x00000000080044a4       0xe8 lib_build/xmc_usbd.o
 .text.XMC_USBD_lWriteFifo
                0x000000000800458c       0xa4 lib_build/xmc_usbd.o
 .text.XMC_USBD_lFlushTXFifo
                0x0000000008004630       0x80 lib_build/xmc_usbd.o
 .text.XMC_USBD_lFlushRXFifo
                0x00000000080046b0       0x6c lib_build/xmc_usbd.o
 .text.XMC_USBD_lAssignTXFifo
                0x000000000800471c       0x70 lib_build/xmc_usbd.o
 .text.XMC_USBD_lUnassignFifo
                0x000000000800478c       0x38 lib_build/xmc_usbd.o
 .text.XMC_USBD_lStartReadXfer
                0x00000000080047c4      0x178 lib_build/xmc_usbd.o
 .text.XMC_USBD_lStartWriteXfer
                0x000000000800493c      0x198 lib_build/xmc_usbd.o
 .text.XMC_USBD_lHandleUSBReset
                0x0000000008004ad4      0x150 lib_build/xmc_usbd.o
 .text.XMC_USBD_lHandleOTGInt
                0x0000000008004c24       0x48 lib_build/xmc_usbd.o
 .text.XMC_USBD_lHandleEnumDone
                0x0000000008004c6c       0x78 lib_build/xmc_usbd.o
 .text.XMC_USBD_lHandleOEPInt
                0x0000000008004ce4      0x1b4 lib_build/xmc_usbd.o
 .text.XMC_USBD_lHandleIEPInt
                0x0000000008004e98      0x1bc lib_build/xmc_usbd.o
 .text.XMC_USBD_lHandleRxFLvl
                0x0000000008005054       0x84 lib_build/xmc_usbd.o
 .text.XMC_USBD_IRQHandler
                0x00000000080050d8      0x150 lib_build/xmc_usbd.o
                0x00000000080050d8                XMC_USBD_IRQHandler
 .text.XMC_USBD_Enable
                0x0000000008005228       0x18 lib_build/xmc_usbd.o
                0x0000000008005228                XMC_USBD_Enable
 .text.XMC_USBD_Disable
                0x0000000008005240       0x18 lib_build/xmc_usbd.o
                0x0000000008005240                XMC_USBD_Disable
 .text.XMC_USBD_ClearEvent
                0x0000000008005258       0xcc lib_build/xmc_usbd.o
                0x0000000008005258                XMC_USBD_ClearEvent
 .text.XMC_USBD_lClearEventOTG
                0x0000000008005324       0x2c lib_build/xmc_usbd.o
 .text.XMC_USBD_ClearEventINEP
                0x0000000008005350       0x30 lib_build/xmc_usbd.o
                0x0000000008005350                XMC_USBD_ClearEventINEP
 .text.XMC_USBD_ClearEventOUTEP
                0x0000000008005380       0x30 lib_build/xmc_usbd.o
                0x0000000008005380                XMC_USBD_ClearEventOUTEP
 .text.XMC_USBD_EnableEventOUTEP
                0x00000000080053b0       0x30 lib_build/xmc_usbd.o
                0x00000000080053b0                XMC_USBD_EnableEventOUTEP
 .text.XMC_USBD_EnableEventINEP
                0x00000000080053e0       0x30 lib_build/xmc_usbd.o
                0x00000000080053e0                XMC_USBD_EnableEventINEP
 .text.XMC_USBD_GetCapabilities
                0x0000000008005410       0x68 lib_build/xmc_usbd.o
                0x0000000008005410                XMC_USBD_GetCapabilities
 .text.XMC_USBD_Init
                0x0000000008005478      0x23c lib_build/xmc_usbd.o
                0x0000000008005478                XMC_USBD_Init
 .text.XMC_USBD_Uninitialize
                0x00000000080056b4       0x3c lib_build/xmc_usbd.o
                0x00000000080056b4                XMC_USBD_Uninitialize
 .text.XMC_USBD_DeviceConnect
                0x00000000080056f0       0x34 lib_build/xmc_usbd.o
                0x00000000080056f0                XMC_USBD_DeviceConnect
 .text.XMC_USBD_DeviceDisconnect
                0x0000000008005724       0x34 lib_build/xmc_usbd.o
                0x0000000008005724                XMC_USBD_DeviceDisconnect
 .text.XMC_USBD_DeviceGetState
                0x0000000008005758       0x64 lib_build/xmc_usbd.o
                0x0000000008005758                XMC_USBD_DeviceGetState
 .text.XMC_USBD_EndpointReadStart
                0x00000000080057bc       0x88 lib_build/xmc_usbd.o
                0x00000000080057bc                XMC_USBD_EndpointReadStart
 .text.XMC_USBD_EndpointRead
                0x0000000008005844       0x78 lib_build/xmc_usbd.o
                0x0000000008005844                XMC_USBD_EndpointRead
 .text.XMC_USBD_EndpointWrite
                0x00000000080058bc       0xa4 lib_build/xmc_usbd.o
                0x00000000080058bc                XMC_USBD_EndpointWrite
 .text.XMC_USBD_DeviceSetAddress
                0x0000000008005960       0x4c lib_build/xmc_usbd.o
                0x0000000008005960                XMC_USBD_DeviceSetAddress
 .text.XMC_USBD_EndpointStall
                0x00000000080059ac      0x14c lib_build/xmc_usbd.o
                0x00000000080059ac                XMC_USBD_EndpointStall
 .text.XMC_USBD_EndpointAbort
                0x0000000008005af8       0x88 lib_build/xmc_usbd.o
                0x0000000008005af8                XMC_USBD_EndpointAbort
 .text.XMC_USBD_EndpointConfigure
                0x0000000008005b80      0x2f8 lib_build/xmc_usbd.o
                0x0000000008005b80                XMC_USBD_EndpointConfigure
 .text.XMC_USBD_EndpointUnconfigure
                0x0000000008005e78      0x170 lib_build/xmc_usbd.o
                0x0000000008005e78                XMC_USBD_EndpointUnconfigure
 .text.XMC_USBD_GetFrameNumber
                0x0000000008005fe8       0x2c lib_build/xmc_usbd.o
                0x0000000008005fe8                XMC_USBD_GetFrameNumber
 .text.XMC_USBD_IsEnumDone
                0x0000000008006014       0x38 lib_build/xmc_usbd.o
                0x0000000008006014                XMC_USBD_IsEnumDone
 .text          0x000000000800604c        0x0 lib_build/ConfigDescriptors.o
 .text.USB_GetNextDescriptor
                0x000000000800604c       0x4c lib_build/ConfigDescriptors.o
 .text.USB_GetNextDescriptorOfType
                0x0000000008006098       0x36 lib_build/ConfigDescriptors.o
                0x0000000008006098                USB_GetNextDescriptorOfType
 .text.USB_GetNextDescriptorOfTypeBefore
                0x00000000080060ce       0x52 lib_build/ConfigDescriptors.o
                0x00000000080060ce                USB_GetNextDescriptorOfTypeBefore
 .text.USB_GetNextDescriptorOfTypeAfter
                0x0000000008006120       0x3e lib_build/ConfigDescriptors.o
                0x0000000008006120                USB_GetNextDescriptorOfTypeAfter
 .text.USB_GetNextDescriptorComp
                0x000000000800615e       0x5e lib_build/ConfigDescriptors.o
                0x000000000800615e                USB_GetNextDescriptorComp
 .text          0x00000000080061bc        0x0 lib_build/HostStandardReq.o
 .text          0x00000000080061bc        0x0 lib_build/USBTask.o
 .text.USB_USBTask
                0x00000000080061bc        0xc lib_build/USBTask.o
                0x00000000080061bc                USB_USBTask
 .text.USB_DeviceTask
                0x00000000080061c8       0x84 lib_build/USBTask.o
 .text          0x000000000800624c        0x0 lib_build/Events.o
 .text.USB_Event_Stub
                0x000000000800624c        0xe lib_build/Events.o
                0x000000000800624c                EVENT_USB_Device_WakeUp
                0x000000000800624c                USB_Event_Stub
                0x000000000800624c                EVENT_USB_Device_Suspend
                0x000000000800624c                EVENT_USB_Device_StartOfFrame
                0x000000000800624c                EVENT_USB_Device_Disconnect
 .text          0x000000000800625a        0x0 lib_build/startup_XMC4500.o
 .text          0x000000000800625a        0x0 lib_build/system_XMC4500.o
 .text.delay    0x000000000800625a       0x2c lib_build/system_XMC4500.o
 *fill*         0x0000000008006286        0x2 
 .text.SystemInit
                0x0000000008006288       0x24 lib_build/system_XMC4500.o
                0x0000000008006288                SystemInit
 .text.SystemCoreSetup
                0x00000000080062ac       0x78 lib_build/system_XMC4500.o
                0x00000000080062ac                SystemCoreSetup
 .text.SystemCoreClockSetup
                0x0000000008006324      0x208 lib_build/system_XMC4500.o
 .text.SystemCoreClockUpdate
                0x000000000800652c       0xd4 lib_build/system_XMC4500.o
                0x000000000800652c                SystemCoreClockUpdate
 .text.OSCHP_GetFrequency
                0x0000000008006600       0x14 lib_build/system_XMC4500.o
                0x0000000008006600                OSCHP_GetFrequency
 .text          0x0000000008006614        0x0 lib_build/syscalls.o
 .text._sbrk    0x0000000008006614       0x68 lib_build/syscalls.o
                0x0000000008006614                _sbrk
 .text._init    0x000000000800667c        0xe lib_build/syscalls.o
                0x000000000800667c                _init
 *fill*         0x000000000800668a        0x2 
 .text          0x000000000800668c      0x378 /usr/lib/gcc/arm-none-eabi/9.2.1/thumb/v7e-m/nofp/libgcc.a(_arm_addsubdf3.o)
                0x000000000800668c                __aeabi_drsub
                0x0000000008006694                __aeabi_dsub
                0x0000000008006694                __subdf3
                0x0000000008006698                __adddf3
                0x0000000008006698                __aeabi_dadd
                0x0000000008006910                __aeabi_ui2d
                0x0000000008006910                __floatunsidf
                0x0000000008006930                __floatsidf
                0x0000000008006930                __aeabi_i2d
                0x0000000008006954                __extendsfdf2
                0x0000000008006954                __aeabi_f2d
                0x0000000008006998                __aeabi_ul2d
                0x0000000008006998                __floatundidf
                0x00000000080069a8                __floatdidf
                0x00000000080069a8                __aeabi_l2d
 .text          0x0000000008006a04      0x424 /usr/lib/gcc/arm-none-eabi/9.2.1/thumb/v7e-m/nofp/libgcc.a(_arm_muldivdf3.o)
                0x0000000008006a04                __aeabi_dmul
                0x0000000008006a04                __muldf3
                0x0000000008006c58                __aeabi_ddiv
                0x0000000008006c58                __divdf3
 .text          0x0000000008006e28       0xa0 /usr/lib/gcc/arm-none-eabi/9.2.1/thumb/v7e-m/nofp/libgcc.a(_arm_truncdfsf2.o)
                0x0000000008006e28                __aeabi_d2f
                0x0000000008006e28                __truncdfsf2
 .text          0x0000000008006ec8        0xc /usr/lib/gcc/arm-none-eabi/9.2.1/../../../arm-none-eabi/lib/thumb/v7e-m/nofp/libg.a(lib_a-errno.o)
                0x0000000008006ec8                __errno
 .text          0x0000000008006ed4        0x0 /usr/lib/gcc/arm-none-eabi/9.2.1/../../../arm-none-eabi/lib/thumb/v7e-m/nofp/libg.a(lib_a-impure.o)
 .text          0x0000000008006ed4       0x48 /usr/lib/gcc/arm-none-eabi/9.2.1/../../../arm-none-eabi/lib/thumb/v7e-m/nofp/libg.a(lib_a-init.o)
                0x0000000008006ed4                __libc_init_array
 .text          0x0000000008006f1c       0x60 /usr/lib/gcc/arm-none-eabi/9.2.1/../../../arm-none-eabi/lib/thumb/v7e-m/nofp/libg.a(lib_a-memcmp.o)
                0x0000000008006f1c                memcmp
 .text          0x0000000008006f7c      0x134 /usr/lib/gcc/arm-none-eabi/9.2.1/../../../arm-none-eabi/lib/thumb/v7e-m/nofp/libg.a(lib_a-memcpy.o)
                0x0000000008006f7c                memcpy
 .text          0x00000000080070b0       0xa0 /usr/lib/gcc/arm-none-eabi/9.2.1/../../../arm-none-eabi/lib/thumb/v7e-m/nofp/libg.a(lib_a-memset.o)
                0x00000000080070b0                memset
 *(.init)
 *(.fini)
 *crtbegin.o(.ctors)
 *crtbegin?.o(.ctors)
 *(EXCLUDE_FILE(*crtend.o *crtend?.o) .ctors)
 *(SORT_BY_NAME(.ctors.*))
 *(.ctors)
 *crtbegin.o(.dtors)
 *crtbegin?.o(.dtors)
 *(EXCLUDE_FILE(*crtend.o *crtend?.o) .dtors)
 *(SORT_BY_NAME(.dtors.*))
 *(.dtors)
 *(.rodata .rodata.*)
 .rodata        0x0000000008007150       0x14 build/main.o
                0x0000000008007150                clock_config
 .rodata        0x0000000008007164      0x11e build/Descriptors.o
                0x0000000008007164                KeyboardReport
                0x00000000080071a4                DeviceDescriptor
                0x00000000080071b8                ConfigurationDescriptor
                0x00000000080071dc                LanguageString
                0x00000000080071e4                ManufacturerString
                0x0000000008007238                ProductString
 *fill*         0x0000000008007282        0x2 
 .rodata        0x0000000008007284       0x40 lib_build/xmc_usbd.o
                0x0000000008007284                Driver_USBD0
 .rodata        0x00000000080072c4        0x4 /usr/lib/gcc/arm-none-eabi/9.2.1/../../../arm-none-eabi/lib/thumb/v7e-m/nofp/libg.a(lib_a-impure.o)
                0x00000000080072c4                _global_impure_ptr
 *(.gnu.linkonce.r*)
 *(vtable)
                0x00000000080072c8                . = ALIGN (0x4)

.glue_7         0x00000000080072c8        0x0 load address 0x000000000c0072c8
 .glue_7        0x00000000080072c8        0x0 linker stubs

.glue_7t        0x00000000080072c8        0x0 load address 0x000000000c0072c8
 .glue_7t       0x00000000080072c8        0x0 linker stubs

.vfp11_veneer   0x00000000080072c8        0x0 load address 0x000000000c0072c8
 .vfp11_veneer  0x00000000080072c8        0x0 linker stubs

.v4_bx          0x00000000080072c8        0x0 load address 0x000000000c0072c8
 .v4_bx         0x00000000080072c8        0x0 linker stubs

.iplt           0x00000000080072c8        0x0 load address 0x000000000c0072c8
 .iplt          0x00000000080072c8        0x0 build/main.o

.rel.dyn        0x00000000080072c8        0x0 load address 0x000000000c0072c8
 .rel.iplt      0x00000000080072c8        0x0 build/main.o

.eh_frame_hdr
 *(.eh_frame_hdr)

.eh_frame
 *(.eh_frame)

.ARM.extab
 *(.ARM.extab* .gnu.linkonce.armextab.*)
                0x00000000080072c8                . = ALIGN (0x4)
                0x00000000080072c8                __exidx_start = .

.ARM.exidx
 *(.ARM.exidx* .gnu.linkonce.armexidx.*)
                0x00000000080072c8                __exidx_end = .
                0x00000000080072c8                . = ALIGN (0x4)

Stack           0x0000000010000000      0x800
                0x0000000010000000                __stack_start = .
                0x0000000010000800                . = (. + stack_size)
 *fill*         0x0000000010000000      0x800 
                0x0000000010000800                __stack_end = .
                0x0000000010000800                __initial_sp = .

.ram_code       0x0000000010000800        0x0 load address 0x000000000c0072c8
                0x0000000010000800                . = ALIGN (0x4)
                0x0000000010000800                __ram_code_start = .
 *(.ram_code)
                0x0000000010000800                . = ALIGN (0x4)
                0x0000000010000800                __ram_code_end = .
                0x000000000c0072c8                __ram_code_load = LOADADDR (.ram_code)
                0x0000000000000000                __ram_code_size = (__ram_code_end - __ram_code_start)

PSRAM_DATA      0x0000000010000800        0x0 load address 0x000000000c0072c8
                0x0000000010000800                . = ALIGN (0x4)
                0x0000000010000800                __data3_start = .
 *(PSRAM_DATA)
                0x0000000010000800                . = ALIGN (0x4)
                0x0000000010000800                __data3_end = .
                0x000000000c0072c8                __data3_load = LOADADDR (PSRAM_DATA)
                0x0000000000000000                __data3_size = (__data3_end - __data3_start)

PSRAM_BSS       0x0000000010000800        0x0 load address 0x000000000c0072c8
                0x0000000010000800                . = ALIGN (0x4)
                0x0000000010000800                __bss3_start = .
 *(PSRAM_BSS)
                0x0000000010000800                . = ALIGN (0x4)
                0x0000000010000800                __bss3_end = .
                0x0000000010000800                . = ALIGN (0x8)
                0x0000000010000800                Heap_Bank3_Start = .
                0x0000000000000000                __bss3_size = (__bss3_end - __bss3_start)

.data           0x0000000020000000      0x800 load address 0x000000000c0072c8
                0x0000000020000000                . = ALIGN (0x4)
                0x0000000020000000                __data_start = .
 *(.data)
 .data          0x0000000020000000      0x3a8 build/main.o
                0x0000000020000000                keys
 .data          0x00000000200003a8       0x28 build/KeyboardHID.o
                0x00000000200003a8                Keyboard_HID_Interface
                0x00000000200003c0                USB_runtime
 .data          0x00000000200003d0        0x0 build/Descriptors.o
 .data          0x00000000200003d0        0x0 lib_build/xmc4_scu.o
 .data          0x00000000200003d0        0x0 lib_build/xmc_gpio.o
 .data          0x00000000200003d0        0x0 lib_build/HIDClassDevice.o
 .data          0x00000000200003d0        0x0 lib_build/memcpy.o
 .data          0x00000000200003d0        0x0 lib_build/Endpoint_XMC4000.o
 .data          0x00000000200003d0        0x0 lib_build/EndpointStream_XMC4000.o
 .data          0x00000000200003d0        0x0 lib_build/USBController_XMC4000.o
 .data          0x00000000200003d0        0x0 lib_build/xmc_usbd.o
 .data          0x00000000200003d0        0x0 lib_build/ConfigDescriptors.o
 .data          0x00000000200003d0        0x0 lib_build/HostStandardReq.o
 .data          0x00000000200003d0        0x0 lib_build/USBTask.o
 .data          0x00000000200003d0        0x0 lib_build/Events.o
 .data          0x00000000200003d0        0x0 lib_build/startup_XMC4500.o
 .data          0x00000000200003d0        0x0 lib_build/system_XMC4500.o
 .data          0x00000000200003d0        0x0 lib_build/syscalls.o
 .data          0x00000000200003d0        0x0 /usr/lib/gcc/arm-none-eabi/9.2.1/thumb/v7e-m/nofp/libgcc.a(_arm_addsubdf3.o)
 .data          0x00000000200003d0        0x0 /usr/lib/gcc/arm-none-eabi/9.2.1/thumb/v7e-m/nofp/libgcc.a(_arm_muldivdf3.o)
 .data          0x00000000200003d0        0x0 /usr/lib/gcc/arm-none-eabi/9.2.1/thumb/v7e-m/nofp/libgcc.a(_arm_truncdfsf2.o)
 .data          0x00000000200003d0        0x0 /usr/lib/gcc/arm-none-eabi/9.2.1/../../../arm-none-eabi/lib/thumb/v7e-m/nofp/libg.a(lib_a-errno.o)
 .data          0x00000000200003d0      0x430 /usr/lib/gcc/arm-none-eabi/9.2.1/../../../arm-none-eabi/lib/thumb/v7e-m/nofp/libg.a(lib_a-impure.o)
                0x00000000200003d0                _impure_ptr
 .data          0x0000000020000800        0x0 /usr/lib/gcc/arm-none-eabi/9.2.1/../../../arm-none-eabi/lib/thumb/v7e-m/nofp/libg.a(lib_a-init.o)
 .data          0x0000000020000800        0x0 /usr/lib/gcc/arm-none-eabi/9.2.1/../../../arm-none-eabi/lib/thumb/v7e-m/nofp/libg.a(lib_a-memcmp.o)
 .data          0x0000000020000800        0x0 /usr/lib/gcc/arm-none-eabi/9.2.1/../../../arm-none-eabi/lib/thumb/v7e-m/nofp/libg.a(lib_a-memcpy.o)
 .data          0x0000000020000800        0x0 /usr/lib/gcc/arm-none-eabi/9.2.1/../../../arm-none-eabi/lib/thumb/v7e-m/nofp/libg.a(lib_a-memset.o)
 *(.data*)
 *(*.data)
 *(.gnu.linkonce.d*)
                0x0000000020000800                . = ALIGN (0x4)
                0x0000000020000800                PROVIDE (__preinit_array_start = .)
 *(.preinit_array)
                0x0000000020000800                PROVIDE (__preinit_array_end = .)
                0x0000000020000800                . = ALIGN (0x4)
                0x0000000020000800                PROVIDE (__init_array_start = .)
 *(SORT_BY_NAME(.init_array.*))
 *(.init_array)
                0x0000000020000800                PROVIDE (__init_array_end = .)
                0x0000000020000800                . = ALIGN (0x4)
                [!provide]                        PROVIDE (__fini_array_start = .)
 *(SORT_BY_NAME(.fini_array.*))
 *(.fini_array)
                [!provide]                        PROVIDE (__fini_array_end = .)
                0x0000000020000800                . = ALIGN (0x4)
                0x0000000020000800                __data_end = .
                0x000000000c0072c8                __data_load = LOADADDR (.data)
                0x0000000000000800                __data_size = (__data_end - __data_start)

.igot.plt       0x0000000020000800        0x0 load address 0x000000000c007ac8
 .igot.plt      0x0000000020000800        0x0 build/main.o

.bss            0x0000000020000800      0xa38 load address 0x000000000c007ac8
                0x0000000020000800                . = ALIGN (0x4)
                0x0000000020000800                __bss_start = .
 *(.bss)
 .bss           0x0000000020000800       0xec build/main.o
                0x0000000020000800                feedback_received
                0x0000000020000801                cracked
                0x0000000020000802                sent
                0x0000000020000803                initial_feedback
                0x0000000020000804                max_found
                0x0000000020000805                mReset
                0x0000000020000806                p
                0x0000000020000807                NUMLOCK_PRESSES
                0x0000000020000808                ready_to_Enter
                0x0000000020000809                maxI
                0x000000002000080a                maxJ
                0x000000002000080c                sending_time
                0x0000000020000810                response_time
                0x0000000020000814                millisec
 .bss           0x00000000200008ec        0x8 build/KeyboardHID.o
 .bss           0x00000000200008f4        0x0 build/Descriptors.o
 .bss           0x00000000200008f4        0x0 lib_build/xmc4_scu.o
 .bss           0x00000000200008f4        0x0 lib_build/xmc_gpio.o
 .bss           0x00000000200008f4        0x0 lib_build/HIDClassDevice.o
 .bss           0x00000000200008f4        0x0 lib_build/memcpy.o
 .bss           0x00000000200008f4        0x0 lib_build/Endpoint_XMC4000.o
 .bss           0x00000000200008f4        0x1 lib_build/EndpointStream_XMC4000.o
                0x00000000200008f4                zlp_flag
 .bss           0x00000000200008f5        0x0 lib_build/USBController_XMC4000.o
 *fill*         0x00000000200008f5        0x3 
 .bss           0x00000000200008f8       0x38 lib_build/xmc_usbd.o
                0x00000000200008f8                XMC_USBD_EP_OUT_BUFFERSIZE
                0x0000000020000914                XMC_USBD_EP_IN_BUFFERSIZE
 .bss           0x0000000020000930        0x0 lib_build/ConfigDescriptors.o
 .bss           0x0000000020000930        0x0 lib_build/HostStandardReq.o
 .bss           0x0000000020000930        0x0 lib_build/USBTask.o
 .bss           0x0000000020000930        0x0 lib_build/Events.o
 .bss           0x0000000020000930        0x0 lib_build/startup_XMC4500.o
 .bss           0x0000000020000930        0x0 lib_build/system_XMC4500.o
 .bss           0x0000000020000930        0x8 lib_build/syscalls.o
                0x0000000020000930                __dso_handle
 .bss           0x0000000020000938        0x0 /usr/lib/gcc/arm-none-eabi/9.2.1/thumb/v7e-m/nofp/libgcc.a(_arm_addsubdf3.o)
 .bss           0x0000000020000938        0x0 /usr/lib/gcc/arm-none-eabi/9.2.1/thumb/v7e-m/nofp/libgcc.a(_arm_muldivdf3.o)
 .bss           0x0000000020000938        0x0 /usr/lib/gcc/arm-none-eabi/9.2.1/thumb/v7e-m/nofp/libgcc.a(_arm_truncdfsf2.o)
 .bss           0x0000000020000938        0x0 /usr/lib/gcc/arm-none-eabi/9.2.1/../../../arm-none-eabi/lib/thumb/v7e-m/nofp/libg.a(lib_a-errno.o)
 .bss           0x0000000020000938        0x0 /usr/lib/gcc/arm-none-eabi/9.2.1/../../../arm-none-eabi/lib/thumb/v7e-m/nofp/libg.a(lib_a-impure.o)
 .bss           0x0000000020000938        0x0 /usr/lib/gcc/arm-none-eabi/9.2.1/../../../arm-none-eabi/lib/thumb/v7e-m/nofp/libg.a(lib_a-init.o)
 .bss           0x0000000020000938        0x0 /usr/lib/gcc/arm-none-eabi/9.2.1/../../../arm-none-eabi/lib/thumb/v7e-m/nofp/libg.a(lib_a-memcmp.o)
 .bss           0x0000000020000938        0x0 /usr/lib/gcc/arm-none-eabi/9.2.1/../../../arm-none-eabi/lib/thumb/v7e-m/nofp/libg.a(lib_a-memcpy.o)
 .bss           0x0000000020000938        0x0 /usr/lib/gcc/arm-none-eabi/9.2.1/../../../arm-none-eabi/lib/thumb/v7e-m/nofp/libg.a(lib_a-memset.o)
 *(.bss*)
 *(COMMON)
 COMMON         0x0000000020000938      0x320 build/main.o
                0x0000000020000938                log_high
                0x0000000020000ac8                log_low
 COMMON         0x0000000020000c58        0x8 build/KeyboardHID.o
                0x0000000020000c58                buffer
 COMMON         0x0000000020000c60       0x80 lib_build/xmc4_scu.o
                0x0000000020000c60                event_handler_list
 COMMON         0x0000000020000ce0      0x340 lib_build/USBController_XMC4000.o
                0x0000000020000ce0                endpoint0_in_buffer
                0x0000000020000de0                endpoint0_out_buffer
                0x0000000020000ee0                device
 COMMON         0x0000000020001020      0x20c lib_build/xmc_usbd.o
                0x0000000020001020                usbd_init
                0x0000000020001024                xmc_device
 COMMON         0x000000002000122c        0xc lib_build/USBTask.o
                0x000000002000122c                USB_IsInitialized
                0x000000002000122d                USB_DeviceState
                0x0000000020001230                USB_ControlRequest
 *(.gnu.linkonce.b*)
                0x0000000020001238                . = ALIGN (0x4)
                0x0000000020001238                __bss_end = .
                0x0000000020001238                . = ALIGN (0x8)
                0x0000000020001238                Heap_Bank1_Start = .
                0x0000000000000a38                __bss_size = (__bss_end - __bss_start)

.no_init        0x000000002000ffc0       0x14
                0x000000002000ffc0                Heap_Bank1_End = .
 *(.no_init)
 .no_init       0x000000002000ffc0       0x14 lib_build/system_XMC4500.o
                0x000000002000ffc0                SystemCoreClock
                0x000000002000ffc4                g_chipid

DSRAM2_DATA     0x0000000030000000        0x0 load address 0x000000000c007ac8
                0x0000000030000000                . = ALIGN (0x4)
                0x0000000030000000                __data2_start = .
 *(DSRAM2_DATA)
                0x0000000030000000                . = ALIGN (0x4)
                0x0000000030000000                __data2_end = .
                0x000000000c007ac8                __data2_load = LOADADDR (DSRAM2_DATA)
                0x0000000000000000                __data2_size = (__data2_end - __data2_start)
                0x0000000000007ac8                __text_size = (((((__exidx_end - sText) + __data_size) + __ram_code_size) + __data2_size) + __data3_size)
                0x0000000008007ac8                eText = (sText + __text_size)

DSRAM2_BSS      0x0000000030000000      0xe00 load address 0x000000000c007ac8
                0x0000000030000000                . = ALIGN (0x4)
                0x0000000030000000                __bss2_start = .
 *(ETH_RAM)
 *(USB_RAM)
 USB_RAM        0x0000000030000000      0xe00 lib_build/xmc_usbd.o
 *(DSRAM2_BSS)
                0x0000000030000e00                . = ALIGN (0x4)
                0x0000000030000e00                __bss2_end = .
                0x0000000030000e00                . = ALIGN (0x8)
                0x0000000030000e00                Heap_Bank2_Start = .
                0x0000000000000e00                __bss2_size = (__bss2_end - __bss2_start)
                0x000000000000ed88                Heap_Bank1_Size = (Heap_Bank1_End - Heap_Bank1_Start)
                0x0000000000007200                Heap_Bank2_Size = (LENGTH (DSRAM_2_comm) - (Heap_Bank2_Start - ORIGIN (DSRAM_2_comm)))
                0x000000000000f800                Heap_Bank3_Size = (LENGTH (PSRAM_1) - (Heap_Bank3_Start - ORIGIN (PSRAM_1)))
                0x0000000000000001                ASSERT ((Heap_Bank1_Start <= Heap_Bank1_End), region SRAM_combined overflowed no_init section)

/DISCARD/
 *(.comment)

.stab
 *(.stab)

.stabstr
 *(.stabstr)

.debug
 *(.debug)

.line
 *(.line)

.debug_srcinfo
 *(.debug_srcinfo)

.debug_sfnames
 *(.debug_sfnames)

.debug_aranges  0x0000000000000000      0xa10
 *(.debug_aranges)
 .debug_aranges
                0x0000000000000000       0x50 build/main.o
 .debug_aranges
                0x0000000000000050       0x80 build/KeyboardHID.o
 .debug_aranges
                0x00000000000000d0       0x20 build/Descriptors.o
 .debug_aranges
                0x00000000000000f0      0x3c8 lib_build/xmc4_scu.o
 .debug_aranges
                0x00000000000004b8       0x28 lib_build/xmc_gpio.o
 .debug_aranges
                0x00000000000004e0       0x30 lib_build/HIDClassDevice.o
 .debug_aranges
                0x0000000000000510       0x20 lib_build/memcpy.o
 .debug_aranges
                0x0000000000000530       0x70 lib_build/Endpoint_XMC4000.o
 .debug_aranges
                0x00000000000005a0       0x68 lib_build/EndpointStream_XMC4000.o
 .debug_aranges
                0x0000000000000608       0x68 lib_build/USBController_XMC4000.o
 .debug_aranges
                0x0000000000000670      0x158 lib_build/xmc_usbd.o
 .debug_aranges
                0x00000000000007c8       0x40 lib_build/ConfigDescriptors.o
 .debug_aranges
                0x0000000000000808       0x18 lib_build/HostStandardReq.o
 .debug_aranges
                0x0000000000000820       0x28 lib_build/USBTask.o
 .debug_aranges
                0x0000000000000848       0x20 lib_build/Events.o
 .debug_aranges
                0x0000000000000868       0x20 lib_build/startup_XMC4500.o
 .debug_aranges
                0x0000000000000888       0x48 lib_build/system_XMC4500.o
 .debug_aranges
                0x00000000000008d0       0x28 lib_build/syscalls.o
 .debug_aranges
                0x00000000000008f8       0x20 /usr/lib/gcc/arm-none-eabi/9.2.1/thumb/v7e-m/nofp/libgcc.a(_arm_addsubdf3.o)
 .debug_aranges
                0x0000000000000918       0x20 /usr/lib/gcc/arm-none-eabi/9.2.1/thumb/v7e-m/nofp/libgcc.a(_arm_muldivdf3.o)
 .debug_aranges
                0x0000000000000938       0x20 /usr/lib/gcc/arm-none-eabi/9.2.1/thumb/v7e-m/nofp/libgcc.a(_arm_truncdfsf2.o)
 .debug_aranges
                0x0000000000000958       0x20 /usr/lib/gcc/arm-none-eabi/9.2.1/../../../arm-none-eabi/lib/thumb/v7e-m/nofp/libg.a(lib_a-errno.o)
 .debug_aranges
                0x0000000000000978       0x18 /usr/lib/gcc/arm-none-eabi/9.2.1/../../../arm-none-eabi/lib/thumb/v7e-m/nofp/libg.a(lib_a-impure.o)
 .debug_aranges
                0x0000000000000990       0x20 /usr/lib/gcc/arm-none-eabi/9.2.1/../../../arm-none-eabi/lib/thumb/v7e-m/nofp/libg.a(lib_a-init.o)
 .debug_aranges
                0x00000000000009b0       0x20 /usr/lib/gcc/arm-none-eabi/9.2.1/../../../arm-none-eabi/lib/thumb/v7e-m/nofp/libg.a(lib_a-memcmp.o)
 .debug_aranges
                0x00000000000009d0       0x20 /usr/lib/gcc/arm-none-eabi/9.2.1/../../../arm-none-eabi/lib/thumb/v7e-m/nofp/libg.a(lib_a-memcpy.o)
 .debug_aranges
                0x00000000000009f0       0x20 /usr/lib/gcc/arm-none-eabi/9.2.1/../../../arm-none-eabi/lib/thumb/v7e-m/nofp/libg.a(lib_a-memset.o)

.debug_pubnames
 *(.debug_pubnames)

.debug_pubtypes
 *(.debug_pubtypes)

.debug_info     0x0000000000000000    0x22dcc
 *(.debug_info .gnu.linkonce.wi.*)
 .debug_info    0x0000000000000000     0x2be3 build/main.o
 .debug_info    0x0000000000002be3     0x2c25 build/KeyboardHID.o
 .debug_info    0x0000000000005808     0x26f3 build/Descriptors.o
 .debug_info    0x0000000000007efb     0x2c15 lib_build/xmc4_scu.o
 .debug_info    0x000000000000ab10      0xd3a lib_build/xmc_gpio.o
 .debug_info    0x000000000000b84a     0x25e5 lib_build/HIDClassDevice.o
 .debug_info    0x000000000000de2f      0xa42 lib_build/memcpy.o
 .debug_info    0x000000000000e871     0x29b6 lib_build/Endpoint_XMC4000.o
 .debug_info    0x0000000000011227     0x2580 lib_build/EndpointStream_XMC4000.o
 .debug_info    0x00000000000137a7     0x2403 lib_build/USBController_XMC4000.o
 .debug_info    0x0000000000015baa     0x441a lib_build/xmc_usbd.o
 .debug_info    0x0000000000019fc4      0xcf5 lib_build/ConfigDescriptors.o
 .debug_info    0x000000000001acb9      0xa42 lib_build/HostStandardReq.o
 .debug_info    0x000000000001b6fb     0x21dd lib_build/USBTask.o
 .debug_info    0x000000000001d8d8      0xa65 lib_build/Events.o
 .debug_info    0x000000000001e33d       0x26 lib_build/startup_XMC4500.o
 .debug_info    0x000000000001e363     0x129e lib_build/system_XMC4500.o
 .debug_info    0x000000000001f601      0xab9 lib_build/syscalls.o
 .debug_info    0x00000000000200ba       0x26 /usr/lib/gcc/arm-none-eabi/9.2.1/thumb/v7e-m/nofp/libgcc.a(_arm_addsubdf3.o)
 .debug_info    0x00000000000200e0       0x26 /usr/lib/gcc/arm-none-eabi/9.2.1/thumb/v7e-m/nofp/libgcc.a(_arm_muldivdf3.o)
 .debug_info    0x0000000000020106       0x26 /usr/lib/gcc/arm-none-eabi/9.2.1/thumb/v7e-m/nofp/libgcc.a(_arm_truncdfsf2.o)
 .debug_info    0x000000000002012c      0x953 /usr/lib/gcc/arm-none-eabi/9.2.1/../../../arm-none-eabi/lib/thumb/v7e-m/nofp/libg.a(lib_a-errno.o)
 .debug_info    0x0000000000020a7f      0x92a /usr/lib/gcc/arm-none-eabi/9.2.1/../../../arm-none-eabi/lib/thumb/v7e-m/nofp/libg.a(lib_a-impure.o)
 .debug_info    0x00000000000213a9      0x11a /usr/lib/gcc/arm-none-eabi/9.2.1/../../../arm-none-eabi/lib/thumb/v7e-m/nofp/libg.a(lib_a-init.o)
 .debug_info    0x00000000000214c3      0x9c2 /usr/lib/gcc/arm-none-eabi/9.2.1/../../../arm-none-eabi/lib/thumb/v7e-m/nofp/libg.a(lib_a-memcmp.o)
 .debug_info    0x0000000000021e85       0x26 /usr/lib/gcc/arm-none-eabi/9.2.1/../../../arm-none-eabi/lib/thumb/v7e-m/nofp/libg.a(lib_a-memcpy.o)
 .debug_info    0x0000000000021eab      0xf21 /usr/lib/gcc/arm-none-eabi/9.2.1/../../../arm-none-eabi/lib/thumb/v7e-m/nofp/libg.a(lib_a-memset.o)

.debug_abbrev   0x0000000000000000     0x3bf6
 *(.debug_abbrev)
 .debug_abbrev  0x0000000000000000      0x3da build/main.o
 .debug_abbrev  0x00000000000003da      0x3ce build/KeyboardHID.o
 .debug_abbrev  0x00000000000007a8      0x2cb build/Descriptors.o
 .debug_abbrev  0x0000000000000a73      0x3a9 lib_build/xmc4_scu.o
 .debug_abbrev  0x0000000000000e1c      0x226 lib_build/xmc_gpio.o
 .debug_abbrev  0x0000000000001042      0x392 lib_build/HIDClassDevice.o
 .debug_abbrev  0x00000000000013d4      0x1b7 lib_build/memcpy.o
 .debug_abbrev  0x000000000000158b      0x3fe lib_build/Endpoint_XMC4000.o
 .debug_abbrev  0x0000000000001989      0x36f lib_build/EndpointStream_XMC4000.o
 .debug_abbrev  0x0000000000001cf8      0x3cc lib_build/USBController_XMC4000.o
 .debug_abbrev  0x00000000000020c4      0x4bb lib_build/xmc_usbd.o
 .debug_abbrev  0x000000000000257f      0x25c lib_build/ConfigDescriptors.o
 .debug_abbrev  0x00000000000027db      0x199 lib_build/HostStandardReq.o
 .debug_abbrev  0x0000000000002974      0x33a lib_build/USBTask.o
 .debug_abbrev  0x0000000000002cae      0x1b9 lib_build/Events.o
 .debug_abbrev  0x0000000000002e67       0x14 lib_build/startup_XMC4500.o
 .debug_abbrev  0x0000000000002e7b      0x2c5 lib_build/system_XMC4500.o
 .debug_abbrev  0x0000000000003140      0x208 lib_build/syscalls.o
 .debug_abbrev  0x0000000000003348       0x14 /usr/lib/gcc/arm-none-eabi/9.2.1/thumb/v7e-m/nofp/libgcc.a(_arm_addsubdf3.o)
 .debug_abbrev  0x000000000000335c       0x14 /usr/lib/gcc/arm-none-eabi/9.2.1/thumb/v7e-m/nofp/libgcc.a(_arm_muldivdf3.o)
 .debug_abbrev  0x0000000000003370       0x14 /usr/lib/gcc/arm-none-eabi/9.2.1/thumb/v7e-m/nofp/libgcc.a(_arm_truncdfsf2.o)
 .debug_abbrev  0x0000000000003384      0x1d6 /usr/lib/gcc/arm-none-eabi/9.2.1/../../../arm-none-eabi/lib/thumb/v7e-m/nofp/libg.a(lib_a-errno.o)
 .debug_abbrev  0x000000000000355a      0x1b8 /usr/lib/gcc/arm-none-eabi/9.2.1/../../../arm-none-eabi/lib/thumb/v7e-m/nofp/libg.a(lib_a-impure.o)
 .debug_abbrev  0x0000000000003712       0xcc /usr/lib/gcc/arm-none-eabi/9.2.1/../../../arm-none-eabi/lib/thumb/v7e-m/nofp/libg.a(lib_a-init.o)
 .debug_abbrev  0x00000000000037de      0x1ed /usr/lib/gcc/arm-none-eabi/9.2.1/../../../arm-none-eabi/lib/thumb/v7e-m/nofp/libg.a(lib_a-memcmp.o)
 .debug_abbrev  0x00000000000039cb       0x14 /usr/lib/gcc/arm-none-eabi/9.2.1/../../../arm-none-eabi/lib/thumb/v7e-m/nofp/libg.a(lib_a-memcpy.o)
 .debug_abbrev  0x00000000000039df      0x217 /usr/lib/gcc/arm-none-eabi/9.2.1/../../../arm-none-eabi/lib/thumb/v7e-m/nofp/libg.a(lib_a-memset.o)

.debug_line     0x0000000000000000     0xcc2b
 *(.debug_line)
 .debug_line    0x0000000000000000     0x117f build/main.o
 .debug_line    0x000000000000117f     0x1047 build/KeyboardHID.o
 .debug_line    0x00000000000021c6      0xe87 build/Descriptors.o
 .debug_line    0x000000000000304d     0x175a lib_build/xmc4_scu.o
 .debug_line    0x00000000000047a7      0x3a5 lib_build/xmc_gpio.o
 .debug_line    0x0000000000004b4c     0x13c8 lib_build/HIDClassDevice.o
 .debug_line    0x0000000000005f14      0x26f lib_build/memcpy.o
 .debug_line    0x0000000000006183      0xf26 lib_build/Endpoint_XMC4000.o
 .debug_line    0x00000000000070a9      0xd10 lib_build/EndpointStream_XMC4000.o
 .debug_line    0x0000000000007db9      0xef5 lib_build/USBController_XMC4000.o
 .debug_line    0x0000000000008cae     0x1498 lib_build/xmc_usbd.o
 .debug_line    0x000000000000a146      0x533 lib_build/ConfigDescriptors.o
 .debug_line    0x000000000000a679      0x3fe lib_build/HostStandardReq.o
 .debug_line    0x000000000000aa77      0x926 lib_build/USBTask.o
 .debug_line    0x000000000000b39d      0x413 lib_build/Events.o
 .debug_line    0x000000000000b7b0       0xd1 lib_build/startup_XMC4500.o
 .debug_line    0x000000000000b881      0x56c lib_build/system_XMC4500.o
 .debug_line    0x000000000000bded      0x29b lib_build/syscalls.o
 .debug_line    0x000000000000c088      0x186 /usr/lib/gcc/arm-none-eabi/9.2.1/thumb/v7e-m/nofp/libgcc.a(_arm_addsubdf3.o)
 .debug_line    0x000000000000c20e      0x19b /usr/lib/gcc/arm-none-eabi/9.2.1/thumb/v7e-m/nofp/libgcc.a(_arm_muldivdf3.o)
 .debug_line    0x000000000000c3a9       0x8d /usr/lib/gcc/arm-none-eabi/9.2.1/thumb/v7e-m/nofp/libgcc.a(_arm_truncdfsf2.o)
 .debug_line    0x000000000000c436      0x108 /usr/lib/gcc/arm-none-eabi/9.2.1/../../../arm-none-eabi/lib/thumb/v7e-m/nofp/libg.a(lib_a-errno.o)
 .debug_line    0x000000000000c53e       0xe3 /usr/lib/gcc/arm-none-eabi/9.2.1/../../../arm-none-eabi/lib/thumb/v7e-m/nofp/libg.a(lib_a-impure.o)
 .debug_line    0x000000000000c621      0x10d /usr/lib/gcc/arm-none-eabi/9.2.1/../../../arm-none-eabi/lib/thumb/v7e-m/nofp/libg.a(lib_a-init.o)
 .debug_line    0x000000000000c72e      0x1d4 /usr/lib/gcc/arm-none-eabi/9.2.1/../../../arm-none-eabi/lib/thumb/v7e-m/nofp/libg.a(lib_a-memcmp.o)
 .debug_line    0x000000000000c902       0xbe /usr/lib/gcc/arm-none-eabi/9.2.1/../../../arm-none-eabi/lib/thumb/v7e-m/nofp/libg.a(lib_a-memcpy.o)
 .debug_line    0x000000000000c9c0      0x26b /usr/lib/gcc/arm-none-eabi/9.2.1/../../../arm-none-eabi/lib/thumb/v7e-m/nofp/libg.a(lib_a-memset.o)

.debug_frame    0x0000000000000000     0x23d8
 *(.debug_frame)
 .debug_frame   0x0000000000000000      0x110 build/main.o
 .debug_frame   0x0000000000000110      0x1cc build/KeyboardHID.o
 .debug_frame   0x00000000000002dc       0x38 build/Descriptors.o
 .debug_frame   0x0000000000000314     0x10c8 lib_build/xmc4_scu.o
 .debug_frame   0x00000000000013dc       0x60 lib_build/xmc_gpio.o
 .debug_frame   0x000000000000143c       0x8c lib_build/HIDClassDevice.o
 .debug_frame   0x00000000000014c8       0x20 lib_build/memcpy.o
 .debug_frame   0x00000000000014e8      0x1bc lib_build/Endpoint_XMC4000.o
 .debug_frame   0x00000000000016a4      0x17c lib_build/EndpointStream_XMC4000.o
 .debug_frame   0x0000000000001820      0x164 lib_build/USBController_XMC4000.o
 .debug_frame   0x0000000000001984      0x5fc lib_build/xmc_usbd.o
 .debug_frame   0x0000000000001f80       0xc8 lib_build/ConfigDescriptors.o
 .debug_frame   0x0000000000002048       0x50 lib_build/USBTask.o
 .debug_frame   0x0000000000002098       0x30 lib_build/Events.o
 .debug_frame   0x00000000000020c8       0xe0 lib_build/system_XMC4500.o
 .debug_frame   0x00000000000021a8       0x54 lib_build/syscalls.o
 .debug_frame   0x00000000000021fc       0xac /usr/lib/gcc/arm-none-eabi/9.2.1/thumb/v7e-m/nofp/libgcc.a(_arm_addsubdf3.o)
 .debug_frame   0x00000000000022a8       0x50 /usr/lib/gcc/arm-none-eabi/9.2.1/thumb/v7e-m/nofp/libgcc.a(_arm_muldivdf3.o)
 .debug_frame   0x00000000000022f8       0x24 /usr/lib/gcc/arm-none-eabi/9.2.1/thumb/v7e-m/nofp/libgcc.a(_arm_truncdfsf2.o)
 .debug_frame   0x000000000000231c       0x20 /usr/lib/gcc/arm-none-eabi/9.2.1/../../../arm-none-eabi/lib/thumb/v7e-m/nofp/libg.a(lib_a-errno.o)
 .debug_frame   0x000000000000233c       0x2c /usr/lib/gcc/arm-none-eabi/9.2.1/../../../arm-none-eabi/lib/thumb/v7e-m/nofp/libg.a(lib_a-init.o)
 .debug_frame   0x0000000000002368       0x38 /usr/lib/gcc/arm-none-eabi/9.2.1/../../../arm-none-eabi/lib/thumb/v7e-m/nofp/libg.a(lib_a-memcmp.o)
 .debug_frame   0x00000000000023a0       0x38 /usr/lib/gcc/arm-none-eabi/9.2.1/../../../arm-none-eabi/lib/thumb/v7e-m/nofp/libg.a(lib_a-memset.o)

.debug_str      0x0000000000000000    0x84273
 *(.debug_str)
 .debug_str     0x0000000000000000    0x7d699 build/main.o
                                      0x7db62 (size before relaxing)
 .debug_str     0x000000000007d699      0x921 build/KeyboardHID.o
                                      0x7d270 (size before relaxing)
 .debug_str     0x000000000007dfba      0x6c5 build/Descriptors.o
                                      0x79319 (size before relaxing)
 .debug_str     0x000000000007e67f     0x2075 lib_build/xmc4_scu.o
                                      0x721fe (size before relaxing)
 .debug_str     0x00000000000806f4       0xe3 lib_build/xmc_gpio.o
                                      0x7380e (size before relaxing)
 .debug_str     0x00000000000807d7      0x318 lib_build/HIDClassDevice.o
                                      0x78f87 (size before relaxing)
 .debug_str     0x0000000000080aef       0x76 lib_build/memcpy.o
                                       0x714b (size before relaxing)
 .debug_str     0x0000000000080b65      0x2d1 lib_build/Endpoint_XMC4000.o
                                      0x73d78 (size before relaxing)
 .debug_str     0x0000000000080e36      0x333 lib_build/EndpointStream_XMC4000.o
                                      0x7369e (size before relaxing)
 .debug_str     0x0000000000081169      0x309 lib_build/USBController_XMC4000.o
                                      0x73722 (size before relaxing)
 .debug_str     0x0000000000081472     0x11d4 lib_build/xmc_usbd.o
                                      0x73088 (size before relaxing)
 .debug_str     0x0000000000082646      0x25a lib_build/ConfigDescriptors.o
                                      0x70c50 (size before relaxing)
 .debug_str     0x00000000000828a0       0x61 lib_build/HostStandardReq.o
                                      0x704e4 (size before relaxing)
 .debug_str     0x0000000000082901       0xb7 lib_build/USBTask.o
                                      0x734ca (size before relaxing)
 .debug_str     0x00000000000829b8       0x80 lib_build/Events.o
                                      0x70514 (size before relaxing)
 .debug_str     0x0000000000082a38       0xb0 lib_build/startup_XMC4500.o
 .debug_str     0x0000000000082ae8      0xb55 lib_build/system_XMC4500.o
                                      0x7007f (size before relaxing)
 .debug_str     0x000000000008363d      0x51a lib_build/syscalls.o
                                       0x793a (size before relaxing)
 .debug_str     0x0000000000083b57       0x99 /usr/lib/gcc/arm-none-eabi/9.2.1/thumb/v7e-m/nofp/libgcc.a(_arm_addsubdf3.o)
                                         0xa5 (size before relaxing)
 .debug_str     0x0000000000083bf0       0xa5 /usr/lib/gcc/arm-none-eabi/9.2.1/thumb/v7e-m/nofp/libgcc.a(_arm_muldivdf3.o)
 .debug_str     0x0000000000083bf0       0xa5 /usr/lib/gcc/arm-none-eabi/9.2.1/thumb/v7e-m/nofp/libgcc.a(_arm_truncdfsf2.o)
 .debug_str     0x0000000000083bf0      0x121 /usr/lib/gcc/arm-none-eabi/9.2.1/../../../arm-none-eabi/lib/thumb/v7e-m/nofp/libg.a(lib_a-errno.o)
                                        0x5ac (size before relaxing)
 .debug_str     0x0000000000083d11       0x98 /usr/lib/gcc/arm-none-eabi/9.2.1/../../../arm-none-eabi/lib/thumb/v7e-m/nofp/libg.a(lib_a-impure.o)
                                        0x59a (size before relaxing)
 .debug_str     0x0000000000083da9       0xe8 /usr/lib/gcc/arm-none-eabi/9.2.1/../../../arm-none-eabi/lib/thumb/v7e-m/nofp/libg.a(lib_a-init.o)
                                        0x21e (size before relaxing)
 .debug_str     0x0000000000083e91       0x95 /usr/lib/gcc/arm-none-eabi/9.2.1/../../../arm-none-eabi/lib/thumb/v7e-m/nofp/libg.a(lib_a-memcmp.o)
                                        0x59e (size before relaxing)
 .debug_str     0x0000000000083f26       0xa2 /usr/lib/gcc/arm-none-eabi/9.2.1/../../../arm-none-eabi/lib/thumb/v7e-m/nofp/libg.a(lib_a-memcpy.o)
                                         0xae (size before relaxing)
 .debug_str     0x0000000000083fc8      0x2ab /usr/lib/gcc/arm-none-eabi/9.2.1/../../../arm-none-eabi/lib/thumb/v7e-m/nofp/libg.a(lib_a-memset.o)
                                        0x8c7 (size before relaxing)

.debug_loc      0x0000000000000000     0x4c8f
 *(.debug_loc)
 .debug_loc     0x0000000000000000      0x218 build/main.o
 .debug_loc     0x0000000000000218      0x398 build/KeyboardHID.o
 .debug_loc     0x00000000000005b0       0x5c build/Descriptors.o
 .debug_loc     0x000000000000060c     0x2504 lib_build/xmc4_scu.o
 .debug_loc     0x0000000000002b10       0xb8 lib_build/xmc_gpio.o
 .debug_loc     0x0000000000002bc8       0xf2 lib_build/HIDClassDevice.o
 .debug_loc     0x0000000000002cba      0x3c4 lib_build/Endpoint_XMC4000.o
 .debug_loc     0x000000000000307e      0x32c lib_build/EndpointStream_XMC4000.o
 .debug_loc     0x00000000000033aa      0x29c lib_build/USBController_XMC4000.o
 .debug_loc     0x0000000000003646      0xd34 lib_build/xmc_usbd.o
 .debug_loc     0x000000000000437a      0x19c lib_build/ConfigDescriptors.o
 .debug_loc     0x0000000000004516       0x7c lib_build/USBTask.o
 .debug_loc     0x0000000000004592       0x44 lib_build/Events.o
 .debug_loc     0x00000000000045d6      0x1a4 lib_build/system_XMC4500.o
 .debug_loc     0x000000000000477a       0x94 lib_build/syscalls.o
 .debug_loc     0x000000000000480e       0xba /usr/lib/gcc/arm-none-eabi/9.2.1/../../../arm-none-eabi/lib/thumb/v7e-m/nofp/libg.a(lib_a-init.o)
 .debug_loc     0x00000000000048c8      0x196 /usr/lib/gcc/arm-none-eabi/9.2.1/../../../arm-none-eabi/lib/thumb/v7e-m/nofp/libg.a(lib_a-memcmp.o)
 .debug_loc     0x0000000000004a5e      0x231 /usr/lib/gcc/arm-none-eabi/9.2.1/../../../arm-none-eabi/lib/thumb/v7e-m/nofp/libg.a(lib_a-memset.o)

.debug_macinfo
 *(.debug_macinfo)

.debug_ranges   0x0000000000000000      0x7c0
 *(.debug_ranges)
 .debug_ranges  0x0000000000000000       0x40 build/main.o
 .debug_ranges  0x0000000000000040       0x70 build/KeyboardHID.o
 .debug_ranges  0x00000000000000b0       0x10 build/Descriptors.o
 .debug_ranges  0x00000000000000c0      0x3b8 lib_build/xmc4_scu.o
 .debug_ranges  0x0000000000000478       0x18 lib_build/xmc_gpio.o
 .debug_ranges  0x0000000000000490       0x20 lib_build/HIDClassDevice.o
 .debug_ranges  0x00000000000004b0       0x10 lib_build/memcpy.o
 .debug_ranges  0x00000000000004c0       0x60 lib_build/Endpoint_XMC4000.o
 .debug_ranges  0x0000000000000520       0x58 lib_build/EndpointStream_XMC4000.o
 .debug_ranges  0x0000000000000578       0x58 lib_build/USBController_XMC4000.o
 .debug_ranges  0x00000000000005d0      0x148 lib_build/xmc_usbd.o
 .debug_ranges  0x0000000000000718       0x30 lib_build/ConfigDescriptors.o
 .debug_ranges  0x0000000000000748       0x18 lib_build/USBTask.o
 .debug_ranges  0x0000000000000760       0x10 lib_build/Events.o
 .debug_ranges  0x0000000000000770       0x38 lib_build/system_XMC4500.o
 .debug_ranges  0x00000000000007a8       0x18 lib_build/syscalls.o

.debug_weaknames
 *(.debug_weaknames)

.debug_funcnames
 *(.debug_funcnames)

.debug_typenames
 *(.debug_typenames)

.debug_varnames
 *(.debug_varnames)

.build_attributes
                0x0000000000000000      0x4d3
 *(.ARM.attributes)
 .ARM.attributes
                0x0000000000000000       0x32 build/main.o
 .ARM.attributes
                0x0000000000000032       0x32 build/KeyboardHID.o
 .ARM.attributes
                0x0000000000000064       0x32 build/Descriptors.o
 .ARM.attributes
                0x0000000000000096       0x32 lib_build/xmc4_scu.o
 .ARM.attributes
                0x00000000000000c8       0x32 lib_build/xmc_gpio.o
 .ARM.attributes
                0x00000000000000fa       0x32 lib_build/HIDClassDevice.o
 .ARM.attributes
                0x000000000000012c       0x32 lib_build/memcpy.o
 .ARM.attributes
                0x000000000000015e       0x32 lib_build/Endpoint_XMC4000.o
 .ARM.attributes
                0x0000000000000190       0x32 lib_build/EndpointStream_XMC4000.o
 .ARM.attributes
                0x00000000000001c2       0x32 lib_build/USBController_XMC4000.o
 .ARM.attributes
                0x00000000000001f4       0x32 lib_build/xmc_usbd.o
 .ARM.attributes
                0x0000000000000226       0x32 lib_build/ConfigDescriptors.o
 .ARM.attributes
                0x0000000000000258       0x37 lib_build/HostStandardReq.o
 .ARM.attributes
                0x000000000000028f       0x32 lib_build/USBTask.o
 .ARM.attributes
                0x00000000000002c1       0x32 lib_build/Events.o
 .ARM.attributes
                0x00000000000002f3       0x20 lib_build/startup_XMC4500.o
 .ARM.attributes
                0x0000000000000313       0x32 lib_build/system_XMC4500.o
 .ARM.attributes
                0x0000000000000345       0x32 lib_build/syscalls.o
 .ARM.attributes
                0x0000000000000377       0x1e /usr/lib/gcc/arm-none-eabi/9.2.1/thumb/v7e-m/nofp/libgcc.a(_arm_addsubdf3.o)
 .ARM.attributes
                0x0000000000000395       0x1e /usr/lib/gcc/arm-none-eabi/9.2.1/thumb/v7e-m/nofp/libgcc.a(_arm_muldivdf3.o)
 .ARM.attributes
                0x00000000000003b3       0x1e /usr/lib/gcc/arm-none-eabi/9.2.1/thumb/v7e-m/nofp/libgcc.a(_arm_truncdfsf2.o)
 .ARM.attributes
                0x00000000000003d1       0x2e /usr/lib/gcc/arm-none-eabi/9.2.1/../../../arm-none-eabi/lib/thumb/v7e-m/nofp/libg.a(lib_a-errno.o)
 .ARM.attributes
                0x00000000000003ff       0x2e /usr/lib/gcc/arm-none-eabi/9.2.1/../../../arm-none-eabi/lib/thumb/v7e-m/nofp/libg.a(lib_a-impure.o)
 .ARM.attributes
                0x000000000000042d       0x2e /usr/lib/gcc/arm-none-eabi/9.2.1/../../../arm-none-eabi/lib/thumb/v7e-m/nofp/libg.a(lib_a-init.o)
 .ARM.attributes
                0x000000000000045b       0x2e /usr/lib/gcc/arm-none-eabi/9.2.1/../../../arm-none-eabi/lib/thumb/v7e-m/nofp/libg.a(lib_a-memcmp.o)
 .ARM.attributes
                0x0000000000000489       0x1c /usr/lib/gcc/arm-none-eabi/9.2.1/../../../arm-none-eabi/lib/thumb/v7e-m/nofp/libg.a(lib_a-memcpy.o)
 .ARM.attributes
                0x00000000000004a5       0x2e /usr/lib/gcc/arm-none-eabi/9.2.1/../../../arm-none-eabi/lib/thumb/v7e-m/nofp/libg.a(lib_a-memset.o)
OUTPUT(build/main.elf elf32-littlearm)
LOAD linker stubs

.debug_macro    0x0000000000000000    0x1ca3c
 .debug_macro   0x0000000000000000      0x543 build/main.o
 .debug_macro   0x0000000000000543      0xa9c build/main.o
 .debug_macro   0x0000000000000fdf       0x22 build/main.o
 .debug_macro   0x0000000000001001       0x52 build/main.o
 .debug_macro   0x0000000000001053       0x18 build/main.o
 .debug_macro   0x000000000000106b       0x94 build/main.o
 .debug_macro   0x00000000000010ff       0x35 build/main.o
 .debug_macro   0x0000000000001134       0x34 build/main.o
 .debug_macro   0x0000000000001168      0x16d build/main.o
 .debug_macro   0x00000000000012d5       0x16 build/main.o
 .debug_macro   0x00000000000012eb       0x43 build/main.o
 .debug_macro   0x000000000000132e       0x57 build/main.o
 .debug_macro   0x0000000000001385       0x34 build/main.o
 .debug_macro   0x00000000000013b9       0x10 build/main.o
 .debug_macro   0x00000000000013c9       0x52 build/main.o