Archive member included to satisfy reference by file (symbol)

/usr/lib/gcc/arm-none-eabi/9.2.1/thumb/v7e-m/nofp/libgcc.a(_arm_addsubdf3.o)
                              build/partB.o (__aeabi_ui2d)
/usr/lib/gcc/arm-none-eabi/9.2.1/thumb/v7e-m/nofp/libgcc.a(_arm_muldivdf3.o)
                              build/partB.o (__aeabi_ddiv)
/usr/lib/gcc/arm-none-eabi/9.2.1/thumb/v7e-m/nofp/libgcc.a(_arm_truncdfsf2.o)
                              build/partB.o (__aeabi_d2f)
/usr/lib/gcc/arm-none-eabi/9.2.1/../../../arm-none-eabi/lib/thumb/v7e-m/nofp/libg.a(lib_a-errno.o)
                              lib_build/syscalls.o (__errno)
/usr/lib/gcc/arm-none-eabi/9.2.1/../../../arm-none-eabi/lib/thumb/v7e-m/nofp/libg.a(lib_a-impure.o)
                              /usr/lib/gcc/arm-none-eabi/9.2.1/../../../arm-none-eabi/lib/thumb/v7e-m/nofp/libg.a(lib_a-errno.o) (_impure_ptr)
/usr/lib/gcc/arm-none-eabi/9.2.1/../../../arm-none-eabi/lib/thumb/v7e-m/nofp/libg.a(lib_a-init.o)
                              lib_build/startup_XMC4500.o (__libc_init_array)
/usr/lib/gcc/arm-none-eabi/9.2.1/../../../arm-none-eabi/lib/thumb/v7e-m/nofp/libg.a(lib_a-itoa.o)
                              build/partB.o (itoa)
/usr/lib/gcc/arm-none-eabi/9.2.1/../../../arm-none-eabi/lib/thumb/v7e-m/nofp/libg.a(lib_a-strlen.o)
                              build/partB_functions.o (strlen)
/usr/lib/gcc/arm-none-eabi/9.2.1/../../../arm-none-eabi/lib/thumb/v7e-m/nofp/libg.a(lib_a-utoa.o)
                              /usr/lib/gcc/arm-none-eabi/9.2.1/../../../arm-none-eabi/lib/thumb/v7e-m/nofp/libg.a(lib_a-itoa.o) (__utoa)

Allocating common symbols
Common symbol       size              file

log                 0x190             build/partB_functions.o
usTicks             0x4               build/partB_functions.o
msgB                0x64              build/partB_functions.o

Discarded input sections

 .group         0x0000000000000000        0xc build/partB.o
 .group         0x0000000000000000        0xc build/partB.o
 .group         0x0000000000000000        0xc build/partB.o
 .group         0x0000000000000000        0xc build/partB.o
 .group         0x0000000000000000        0xc build/partB.o
 .group         0x0000000000000000        0xc build/partB.o
 .group         0x0000000000000000        0xc build/partB.o
 .group         0x0000000000000000        0xc build/partB.o
 .group         0x0000000000000000        0xc build/partB.o
 .group         0x0000000000000000        0xc build/partB.o
 .group         0x0000000000000000        0xc build/partB.o
 .group         0x0000000000000000        0xc build/partB.o
 .group         0x0000000000000000        0xc build/partB.o
 .group         0x0000000000000000        0xc build/partB.o
 .group         0x0000000000000000        0xc build/partB.o
 .group         0x0000000000000000        0xc build/partB.o
 .group         0x0000000000000000        0xc build/partB.o
 .group         0x0000000000000000        0xc build/partB.o
 .group         0x0000000000000000        0xc build/partB.o
 .group         0x0000000000000000        0xc build/partB.o
 .group         0x0000000000000000        0xc build/partB.o
 .group         0x0000000000000000        0xc build/partB.o
 .group         0x0000000000000000        0xc build/partB.o
 .group         0x0000000000000000        0xc build/partB.o
 .group         0x0000000000000000        0xc build/partB.o
 .group         0x0000000000000000        0xc build/partB.o
 .group         0x0000000000000000        0xc build/partB.o
 .group         0x0000000000000000        0xc build/partB.o
 .group         0x0000000000000000        0xc build/partB.o
 .group         0x0000000000000000        0xc build/partB.o
 .group         0x0000000000000000        0xc build/partB.o
 .group         0x0000000000000000        0xc build/partB.o
 .group         0x0000000000000000        0xc build/partB.o
 .group         0x0000000000000000        0xc build/partB.o
 .group         0x0000000000000000        0xc build/partB.o
 .group         0x0000000000000000        0xc build/partB.o
 .group         0x0000000000000000        0xc build/partB.o
 .group         0x0000000000000000        0xc build/partB.o
 .group         0x0000000000000000        0xc build/partB.o
 .group         0x0000000000000000        0xc build/partB.o
 .group         0x0000000000000000        0xc build/partB.o
 .group         0x0000000000000000        0xc build/partB.o
 .group         0x0000000000000000        0xc build/partB.o
 .group         0x0000000000000000        0xc build/partB.o
 .group         0x0000000000000000        0xc build/partB.o
 .group         0x0000000000000000        0xc build/partB.o
 .group         0x0000000000000000        0xc build/partB.o
 .group         0x0000000000000000        0xc build/partB.o
 .group         0x0000000000000000        0xc build/partB.o
 .group         0x0000000000000000        0xc build/partB.o
 .comment       0x0000000000000000       0x5a build/partB.o
 .group         0x0000000000000000        0xc build/partB_functions.o
 .group         0x0000000000000000        0xc build/partB_functions.o
 .group         0x0000000000000000        0xc build/partB_functions.o
 .group         0x0000000000000000        0xc build/partB_functions.o
 .group         0x0000000000000000        0xc build/partB_functions.o
 .group         0x0000000000000000        0xc build/partB_functions.o
 .group         0x0000000000000000        0xc build/partB_functions.o
 .group         0x0000000000000000        0xc build/partB_functions.o
 .group         0x0000000000000000        0xc build/partB_functions.o
 .group         0x0000000000000000        0xc build/partB_functions.o
 .group         0x0000000000000000        0xc build/partB_functions.o
 .group         0x0000000000000000        0xc build/partB_functions.o
 .group         0x0000000000000000        0xc build/partB_functions.o
 .group         0x0000000000000000        0xc build/partB_functions.o
 .group         0x0000000000000000        0xc build/partB_functions.o
 .group         0x0000000000000000        0xc build/partB_functions.o
 .group         0x0000000000000000        0xc build/partB_functions.o
 .group         0x0000000000000000        0xc build/partB_functions.o
 .group         0x0000000000000000        0xc build/partB_functions.o
 .group         0x0000000000000000        0xc build/partB_functions.o
 .group         0x0000000000000000        0xc build/partB_functions.o
 .group         0x0000000000000000        0xc build/partB_functions.o
 .group         0x0000000000000000        0xc build/partB_functions.o
 .group         0x0000000000000000        0xc build/partB_functions.o
 .group         0x0000000000000000        0xc build/partB_functions.o
 .group         0x0000000000000000        0xc build/partB_functions.o
 .group         0x0000000000000000        0xc build/partB_functions.o
 .group         0x0000000000000000        0xc build/partB_functions.o
 .group         0x0000000000000000        0xc build/partB_functions.o
 .group         0x0000000000000000        0xc build/partB_functions.o
 .group         0x0000000000000000        0xc build/partB_functions.o
 .group         0x0000000000000000        0xc build/partB_functions.o
 .group         0x0000000000000000        0xc build/partB_functions.o
 .group         0x0000000000000000        0xc build/partB_functions.o
 .group         0x0000000000000000        0xc build/partB_functions.o
 .group         0x0000000000000000        0xc build/partB_functions.o
 .group         0x0000000000000000        0xc build/partB_functions.o
 .group         0x0000000000000000        0xc build/partB_functions.o
 .group         0x0000000000000000        0xc build/partB_functions.o
 .group         0x0000000000000000        0xc build/partB_functions.o
 .group         0x0000000000000000        0xc build/partB_functions.o
 .group         0x0000000000000000        0xc build/partB_functions.o
 .group         0x0000000000000000        0xc build/partB_functions.o
 .group         0x0000000000000000        0xc build/partB_functions.o
 .group         0x0000000000000000        0xc build/partB_functions.o
 .group         0x0000000000000000        0xc build/partB_functions.o
 .group         0x0000000000000000        0xc build/partB_functions.o
 .group         0x0000000000000000        0xc build/partB_functions.o
 .group         0x0000000000000000        0xc build/partB_functions.o
 .group         0x0000000000000000        0xc build/partB_functions.o
 .debug_macro   0x0000000000000000      0xa9c build/partB_functions.o
 .debug_macro   0x0000000000000000      0x16d build/partB_functions.o
 .debug_macro   0x0000000000000000      0x34e build/partB_functions.o
 .debug_macro   0x0000000000000000       0x22 build/partB_functions.o
 .debug_macro   0x0000000000000000       0x22 build/partB_functions.o
 .debug_macro   0x0000000000000000       0x52 build/partB_functions.o
 .debug_macro   0x0000000000000000       0x18 build/partB_functions.o
 .debug_macro   0x0000000000000000       0x94 build/partB_functions.o
 .debug_macro   0x0000000000000000       0x35 build/partB_functions.o
 .debug_macro   0x0000000000000000       0x34 build/partB_functions.o
 .debug_macro   0x0000000000000000       0x16 build/partB_functions.o
 .debug_macro   0x0000000000000000       0x43 build/partB_functions.o
 .debug_macro   0x0000000000000000       0x57 build/partB_functions.o
 .debug_macro   0x0000000000000000       0x34 build/partB_functions.o
 .debug_macro   0x0000000000000000       0x10 build/partB_functions.o
 .debug_macro   0x0000000000000000       0x52 build/partB_functions.o
 .debug_macro   0x0000000000000000      0x182 build/partB_functions.o
 .debug_macro   0x0000000000000000      0x35c build/partB_functions.o
 .debug_macro   0x0000000000000000       0x10 build/partB_functions.o
 .debug_macro   0x0000000000000000       0x35 build/partB_functions.o
 .debug_macro   0x0000000000000000      0x167 build/partB_functions.o
 .debug_macro   0x0000000000000000       0x2d build/partB_functions.o
 .debug_macro   0x0000000000000000       0x28 build/partB_functions.o
 .debug_macro   0x0000000000000000       0xaf build/partB_functions.o
 .debug_macro   0x0000000000000000      0xfe7 build/partB_functions.o
 .debug_macro   0x0000000000000000       0x16 build/partB_functions.o
 .debug_macro   0x0000000000000000    0x1474b build/partB_functions.o
 .debug_macro   0x0000000000000000       0x12 build/partB_functions.o
 .debug_macro   0x0000000000000000       0x4c build/partB_functions.o
 .debug_macro   0x0000000000000000       0x22 build/partB_functions.o
 .debug_macro   0x0000000000000000      0x861 build/partB_functions.o
 .debug_macro   0x0000000000000000       0xa5 build/partB_functions.o
 .debug_macro   0x0000000000000000       0x1c build/partB_functions.o
 .debug_macro   0x0000000000000000       0x10 build/partB_functions.o
 .debug_macro   0x0000000000000000       0x10 build/partB_functions.o
 .debug_macro   0x0000000000000000       0x6a build/partB_functions.o
 .debug_macro   0x0000000000000000       0x1c build/partB_functions.o
 .debug_macro   0x0000000000000000       0x52 build/partB_functions.o
 .debug_macro   0x0000000000000000       0x22 build/partB_functions.o
 .debug_macro   0x0000000000000000       0x10 build/partB_functions.o
 .debug_macro   0x0000000000000000       0x40 build/partB_functions.o
 .debug_macro   0x0000000000000000       0xd5 build/partB_functions.o
 .debug_macro   0x0000000000000000       0x1c build/partB_functions.o
 .debug_macro   0x0000000000000000       0x3d build/partB_functions.o
 .debug_macro   0x0000000000000000       0x16 build/partB_functions.o
 .debug_macro   0x0000000000000000      0x16f build/partB_functions.o
 .debug_macro   0x0000000000000000       0x16 build/partB_functions.o
 .debug_macro   0x0000000000000000       0x16 build/partB_functions.o
 .debug_macro   0x0000000000000000       0x29 build/partB_functions.o
 .debug_macro   0x0000000000000000       0x5e build/partB_functions.o
 .comment       0x0000000000000000       0x5a build/partB_functions.o
 .group         0x0000000000000000        0xc lib_build/xmc_gpio.o
 .group         0x0000000000000000        0xc lib_build/xmc_gpio.o
 .group         0x0000000000000000        0xc lib_build/xmc_gpio.o
 .group         0x0000000000000000        0xc lib_build/xmc_gpio.o
 .group         0x0000000000000000        0xc lib_build/xmc_gpio.o
 .group         0x0000000000000000        0xc lib_build/xmc_gpio.o
 .group         0x0000000000000000        0xc lib_build/xmc_gpio.o
 .group         0x0000000000000000        0xc lib_build/xmc_gpio.o
 .group         0x0000000000000000        0xc lib_build/xmc_gpio.o
 .group         0x0000000000000000        0xc lib_build/xmc_gpio.o
 .group         0x0000000000000000        0xc lib_build/xmc_gpio.o
 .group         0x0000000000000000        0xc lib_build/xmc_gpio.o
 .group         0x0000000000000000        0xc lib_build/xmc_gpio.o
 .group         0x0000000000000000        0xc lib_build/xmc_gpio.o
 .group         0x0000000000000000        0xc lib_build/xmc_gpio.o
 .group         0x0000000000000000        0xc lib_build/xmc_gpio.o
 .group         0x0000000000000000        0xc lib_build/xmc_gpio.o
 .group         0x0000000000000000        0xc lib_build/xmc_gpio.o
 .group         0x0000000000000000        0xc lib_build/xmc_gpio.o
 .group         0x0000000000000000        0xc lib_build/xmc_gpio.o
 .group         0x0000000000000000        0xc lib_build/xmc_gpio.o
 .group         0x0000000000000000        0xc lib_build/xmc_gpio.o
 .group         0x0000000000000000        0xc lib_build/xmc_gpio.o
 .group         0x0000000000000000        0xc lib_build/xmc_gpio.o
 .group         0x0000000000000000        0xc lib_build/xmc_gpio.o
 .group         0x0000000000000000        0xc lib_build/xmc_gpio.o
 .group         0x0000000000000000        0xc lib_build/xmc_gpio.o
 .group         0x0000000000000000        0xc lib_build/xmc_gpio.o
 .group         0x0000000000000000        0xc lib_build/xmc_gpio.o
 .group         0x0000000000000000        0xc lib_build/xmc_gpio.o
 .group         0x0000000000000000        0xc lib_build/xmc_gpio.o
 .group         0x0000000000000000        0xc lib_build/xmc_gpio.o
 .debug_macro   0x0000000000000000      0xa9c lib_build/xmc_gpio.o
 .debug_macro   0x0000000000000000      0x16d lib_build/xmc_gpio.o
 .debug_macro   0x0000000000000000      0x34e lib_build/xmc_gpio.o
 .debug_macro   0x0000000000000000       0x22 lib_build/xmc_gpio.o
 .debug_macro   0x0000000000000000       0x22 lib_build/xmc_gpio.o
 .debug_macro   0x0000000000000000       0x52 lib_build/xmc_gpio.o
 .debug_macro   0x0000000000000000       0x18 lib_build/xmc_gpio.o
 .debug_macro   0x0000000000000000       0x94 lib_build/xmc_gpio.o
 .debug_macro   0x0000000000000000       0x35 lib_build/xmc_gpio.o
 .debug_macro   0x0000000000000000       0x34 lib_build/xmc_gpio.o
 .debug_macro   0x0000000000000000       0x16 lib_build/xmc_gpio.o
 .debug_macro   0x0000000000000000       0x43 lib_build/xmc_gpio.o
 .debug_macro   0x0000000000000000       0x57 lib_build/xmc_gpio.o
 .debug_macro   0x0000000000000000       0x34 lib_build/xmc_gpio.o
 .debug_macro   0x0000000000000000       0x10 lib_build/xmc_gpio.o
 .debug_macro   0x0000000000000000       0x52 lib_build/xmc_gpio.o
 .debug_macro   0x0000000000000000      0x182 lib_build/xmc_gpio.o
 .debug_macro   0x0000000000000000      0x35c lib_build/xmc_gpio.o
 .debug_macro   0x0000000000000000       0x10 lib_build/xmc_gpio.o
 .debug_macro   0x0000000000000000       0x35 lib_build/xmc_gpio.o
 .debug_macro   0x0000000000000000      0x167 lib_build/xmc_gpio.o
 .debug_macro   0x0000000000000000       0x2d lib_build/xmc_gpio.o
 .debug_macro   0x0000000000000000       0x28 lib_build/xmc_gpio.o
 .debug_macro   0x0000000000000000       0xaf lib_build/xmc_gpio.o
 .debug_macro   0x0000000000000000      0xfe7 lib_build/xmc_gpio.o
 .debug_macro   0x0000000000000000       0x16 lib_build/xmc_gpio.o
 .debug_macro   0x0000000000000000    0x1474b lib_build/xmc_gpio.o
 .debug_macro   0x0000000000000000       0x12 lib_build/xmc_gpio.o
 .debug_macro   0x0000000000000000       0x4c lib_build/xmc_gpio.o
 .debug_macro   0x0000000000000000       0x22 lib_build/xmc_gpio.o
 .debug_macro   0x0000000000000000      0x861 lib_build/xmc_gpio.o
 .debug_macro   0x0000000000000000       0xa5 lib_build/xmc_gpio.o
 .comment       0x0000000000000000       0x5a lib_build/xmc_gpio.o
 .group         0x0000000000000000        0xc lib_build/xmc4_gpio.o
 .group         0x0000000000000000        0xc lib_build/xmc4_gpio.o
 .group         0x0000000000000000        0xc lib_build/xmc4_gpio.o
 .group         0x0000000000000000        0xc lib_build/xmc4_gpio.o
 .group         0x0000000000000000        0xc lib_build/xmc4_gpio.o
 .group         0x0000000000000000        0xc lib_build/xmc4_gpio.o
 .group         0x0000000000000000        0xc lib_build/xmc4_gpio.o
 .group         0x0000000000000000        0xc lib_build/xmc4_gpio.o
 .group         0x0000000000000000        0xc lib_build/xmc4_gpio.o
 .group         0x0000000000000000        0xc lib_build/xmc4_gpio.o
 .group         0x0000000000000000        0xc lib_build/xmc4_gpio.o
 .group         0x0000000000000000        0xc lib_build/xmc4_gpio.o
 .group         0x0000000000000000        0xc lib_build/xmc4_gpio.o
 .group         0x0000000000000000        0xc lib_build/xmc4_gpio.o
 .group         0x0000000000000000        0xc lib_build/xmc4_gpio.o
 .group         0x0000000000000000        0xc lib_build/xmc4_gpio.o
 .group         0x0000000000000000        0xc lib_build/xmc4_gpio.o
 .group         0x0000000000000000        0xc lib_build/xmc4_gpio.o
 .group         0x0000000000000000        0xc lib_build/xmc4_gpio.o
 .group         0x0000000000000000        0xc lib_build/xmc4_gpio.o
 .group         0x0000000000000000        0xc lib_build/xmc4_gpio.o
 .group         0x0000000000000000        0xc lib_build/xmc4_gpio.o
 .group         0x0000000000000000        0xc lib_build/xmc4_gpio.o
 .group         0x0000000000000000        0xc lib_build/xmc4_gpio.o
 .group         0x0000000000000000        0xc lib_build/xmc4_gpio.o
 .group         0x0000000000000000        0xc lib_build/xmc4_gpio.o
 .group         0x0000000000000000        0xc lib_build/xmc4_gpio.o
 .group         0x0000000000000000        0xc lib_build/xmc4_gpio.o
 .group         0x0000000000000000        0xc lib_build/xmc4_gpio.o
 .group         0x0000000000000000        0xc lib_build/xmc4_gpio.o
 .group         0x0000000000000000        0xc lib_build/xmc4_gpio.o
 .group         0x0000000000000000        0xc lib_build/xmc4_gpio.o
 .debug_macro   0x0000000000000000      0xa9c lib_build/xmc4_gpio.o
 .debug_macro   0x0000000000000000      0x16d lib_build/xmc4_gpio.o
 .debug_macro   0x0000000000000000      0x34e lib_build/xmc4_gpio.o
 .debug_macro   0x0000000000000000       0x22 lib_build/xmc4_gpio.o
 .debug_macro   0x0000000000000000       0x22 lib_build/xmc4_gpio.o
 .debug_macro   0x0000000000000000       0x52 lib_build/xmc4_gpio.o
 .debug_macro   0x0000000000000000       0x18 lib_build/xmc4_gpio.o
 .debug_macro   0x0000000000000000       0x94 lib_build/xmc4_gpio.o
 .debug_macro   0x0000000000000000       0x35 lib_build/xmc4_gpio.o
 .debug_macro   0x0000000000000000       0x34 lib_build/xmc4_gpio.o
 .debug_macro   0x0000000000000000       0x16 lib_build/xmc4_gpio.o
 .debug_macro   0x0000000000000000       0x43 lib_build/xmc4_gpio.o
 .debug_macro   0x0000000000000000       0x57 lib_build/xmc4_gpio.o
 .debug_macro   0x0000000000000000       0x34 lib_build/xmc4_gpio.o
 .debug_macro   0x0000000000000000       0x10 lib_build/xmc4_gpio.o
 .debug_macro   0x0000000000000000       0x52 lib_build/xmc4_gpio.o
 .debug_macro   0x0000000000000000      0x182 lib_build/xmc4_gpio.o
 .debug_macro   0x0000000000000000      0x35c lib_build/xmc4_gpio.o
 .debug_macro   0x0000000000000000       0x10 lib_build/xmc4_gpio.o
 .debug_macro   0x0000000000000000       0x35 lib_build/xmc4_gpio.o
 .debug_macro   0x0000000000000000      0x167 lib_build/xmc4_gpio.o
 .debug_macro   0x0000000000000000       0x2d lib_build/xmc4_gpio.o
 .debug_macro   0x0000000000000000       0x28 lib_build/xmc4_gpio.o
 .debug_macro   0x0000000000000000       0xaf lib_build/xmc4_gpio.o
 .debug_macro   0x0000000000000000      0xfe7 lib_build/xmc4_gpio.o
 .debug_macro   0x0000000000000000       0x16 lib_build/xmc4_gpio.o
 .debug_macro   0x0000000000000000    0x1474b lib_build/xmc4_gpio.o
 .debug_macro   0x0000000000000000       0x12 lib_build/xmc4_gpio.o
 .debug_macro   0x0000000000000000       0x4c lib_build/xmc4_gpio.o
 .debug_macro   0x0000000000000000       0x22 lib_build/xmc4_gpio.o
 .debug_macro   0x0000000000000000      0x861 lib_build/xmc4_gpio.o
 .debug_macro   0x0000000000000000       0xa5 lib_build/xmc4_gpio.o
 .comment       0x0000000000000000       0x5a lib_build/xmc4_gpio.o
 .group         0x0000000000000000        0xc lib_build/system_XMC4500.o
 .group         0x0000000000000000        0xc lib_build/system_XMC4500.o
 .group         0x0000000000000000        0xc lib_build/system_XMC4500.o
 .group         0x0000000000000000        0xc lib_build/system_XMC4500.o
 .group         0x0000000000000000        0xc lib_build/system_XMC4500.o
 .group         0x0000000000000000        0xc lib_build/system_XMC4500.o
 .group         0x0000000000000000        0xc lib_build/system_XMC4500.o
 .group         0x0000000000000000        0xc lib_build/system_XMC4500.o
 .group         0x0000000000000000        0xc lib_build/system_XMC4500.o
 .group         0x0000000000000000        0xc lib_build/system_XMC4500.o
 .group         0x0000000000000000        0xc lib_build/system_XMC4500.o
 .group         0x0000000000000000        0xc lib_build/system_XMC4500.o
 .group         0x0000000000000000        0xc lib_build/system_XMC4500.o
 .group         0x0000000000000000        0xc lib_build/system_XMC4500.o
 .group         0x0000000000000000        0xc lib_build/system_XMC4500.o
 .group         0x0000000000000000        0xc lib_build/system_XMC4500.o
 .group         0x0000000000000000        0xc lib_build/system_XMC4500.o
 .group         0x0000000000000000        0xc lib_build/system_XMC4500.o
 .group         0x0000000000000000        0xc lib_build/system_XMC4500.o
 .group         0x0000000000000000        0xc lib_build/system_XMC4500.o
 .group         0x0000000000000000        0xc lib_build/system_XMC4500.o
 .group         0x0000000000000000        0xc lib_build/system_XMC4500.o
 .group         0x0000000000000000        0xc lib_build/system_XMC4500.o
 .group         0x0000000000000000        0xc lib_build/system_XMC4500.o
 .group         0x0000000000000000        0xc lib_build/system_XMC4500.o
 .debug_macro   0x0000000000000000      0xa9c lib_build/system_XMC4500.o
 .debug_macro   0x0000000000000000       0x22 lib_build/system_XMC4500.o
 .debug_macro   0x0000000000000000       0x52 lib_build/system_XMC4500.o
 .debug_macro   0x0000000000000000       0x18 lib_build/system_XMC4500.o
 .debug_macro   0x0000000000000000       0x94 lib_build/system_XMC4500.o
 .debug_macro   0x0000000000000000       0x35 lib_build/system_XMC4500.o
 .debug_macro   0x0000000000000000       0x34 lib_build/system_XMC4500.o
 .debug_macro   0x0000000000000000      0x16d lib_build/system_XMC4500.o
 .debug_macro   0x0000000000000000       0x16 lib_build/system_XMC4500.o
 .debug_macro   0x0000000000000000       0x43 lib_build/system_XMC4500.o
 .debug_macro   0x0000000000000000       0x57 lib_build/system_XMC4500.o
 .debug_macro   0x0000000000000000       0x34 lib_build/system_XMC4500.o
 .debug_macro   0x0000000000000000       0x10 lib_build/system_XMC4500.o
 .debug_macro   0x0000000000000000       0x52 lib_build/system_XMC4500.o
 .debug_macro   0x0000000000000000      0x182 lib_build/system_XMC4500.o
 .debug_macro   0x0000000000000000      0x35c lib_build/system_XMC4500.o
 .debug_macro   0x0000000000000000       0x10 lib_build/system_XMC4500.o
 .debug_macro   0x0000000000000000       0x35 lib_build/system_XMC4500.o
 .debug_macro   0x0000000000000000       0x2d lib_build/system_XMC4500.o
 .debug_macro   0x0000000000000000      0x34e lib_build/system_XMC4500.o
 .debug_macro   0x0000000000000000       0xaf lib_build/system_XMC4500.o
 .debug_macro   0x0000000000000000      0xfe7 lib_build/system_XMC4500.o
 .debug_macro   0x0000000000000000       0x16 lib_build/system_XMC4500.o
 .debug_macro   0x0000000000000000    0x1474b lib_build/system_XMC4500.o
 .comment       0x0000000000000000       0x5a lib_build/system_XMC4500.o
 .group         0x0000000000000000        0xc lib_build/syscalls.o
 .group         0x0000000000000000        0xc lib_build/syscalls.o
 .group         0x0000000000000000        0xc lib_build/syscalls.o
 .group         0x0000000000000000        0xc lib_build/syscalls.o
 .group         0x0000000000000000        0xc lib_build/syscalls.o
 .group         0x0000000000000000        0xc lib_build/syscalls.o
 .group         0x0000000000000000        0xc lib_build/syscalls.o
 .group         0x0000000000000000        0xc lib_build/syscalls.o
 .group         0x0000000000000000        0xc lib_build/syscalls.o
 .group         0x0000000000000000        0xc lib_build/syscalls.o
 .group         0x0000000000000000        0xc lib_build/syscalls.o
 .group         0x0000000000000000        0xc lib_build/syscalls.o
 .group         0x0000000000000000        0xc lib_build/syscalls.o
 .group         0x0000000000000000        0xc lib_build/syscalls.o
 .group         0x0000000000000000        0xc lib_build/syscalls.o
 .group         0x0000000000000000        0xc lib_build/syscalls.o
 .group         0x0000000000000000        0xc lib_build/syscalls.o
 .group         0x0000000000000000        0xc lib_build/syscalls.o
 .group         0x0000000000000000        0xc lib_build/syscalls.o
 .group         0x0000000000000000        0xc lib_build/syscalls.o
 .group         0x0000000000000000        0xc lib_build/syscalls.o
 .group         0x0000000000000000        0xc lib_build/syscalls.o
 .group         0x0000000000000000        0xc lib_build/syscalls.o
 .group         0x0000000000000000        0xc lib_build/syscalls.o
 .group         0x0000000000000000        0xc lib_build/syscalls.o
 .group         0x0000000000000000        0xc lib_build/syscalls.o
 .group         0x0000000000000000        0xc lib_build/syscalls.o
 .group         0x0000000000000000        0xc lib_build/syscalls.o
 .group         0x0000000000000000        0xc lib_build/syscalls.o
 .debug_macro   0x0000000000000000      0xa9c lib_build/syscalls.o
 .debug_macro   0x0000000000000000      0x34e lib_build/syscalls.o
 .debug_macro   0x0000000000000000       0x22 lib_build/syscalls.o
 .debug_macro   0x0000000000000000       0x52 lib_build/syscalls.o
 .debug_macro   0x0000000000000000       0x18 lib_build/syscalls.o
 .debug_macro   0x0000000000000000       0x94 lib_build/syscalls.o
 .debug_macro   0x0000000000000000       0x35 lib_build/syscalls.o
 .debug_macro   0x0000000000000000       0x34 lib_build/syscalls.o
 .debug_macro   0x0000000000000000      0x16d lib_build/syscalls.o
 .debug_macro   0x0000000000000000       0x16 lib_build/syscalls.o
 .debug_macro   0x0000000000000000       0x43 lib_build/syscalls.o
 .debug_macro   0x0000000000000000       0x57 lib_build/syscalls.o
 .debug_macro   0x0000000000000000       0x34 lib_build/syscalls.o
 .debug_macro   0x0000000000000000       0x10 lib_build/syscalls.o
 .debug_macro   0x0000000000000000       0x52 lib_build/syscalls.o
 .debug_macro   0x0000000000000000      0x182 lib_build/syscalls.o
 .debug_macro   0x0000000000000000      0x35c lib_build/syscalls.o
 .debug_macro   0x0000000000000000       0x10 lib_build/syscalls.o
 .debug_macro   0x0000000000000000       0x6a lib_build/syscalls.o
 .debug_macro   0x0000000000000000       0x1c lib_build/syscalls.o
 .debug_macro   0x0000000000000000       0x52 lib_build/syscalls.o
 .debug_macro   0x0000000000000000       0x22 lib_build/syscalls.o
 .debug_macro   0x0000000000000000       0x10 lib_build/syscalls.o
 .debug_macro   0x0000000000000000       0x40 lib_build/syscalls.o
 .debug_macro   0x0000000000000000       0xd5 lib_build/syscalls.o
 .debug_macro   0x0000000000000000       0x1c lib_build/syscalls.o
 .debug_macro   0x0000000000000000       0x3d lib_build/syscalls.o
 .comment       0x0000000000000000       0x5a lib_build/syscalls.o
 .comment       0x0000000000000000       0x4f /usr/lib/gcc/arm-none-eabi/9.2.1/../../../arm-none-eabi/lib/thumb/v7e-m/nofp/libg.a(lib_a-errno.o)
 .comment       0x0000000000000000       0x4f /usr/lib/gcc/arm-none-eabi/9.2.1/../../../arm-none-eabi/lib/thumb/v7e-m/nofp/libg.a(lib_a-impure.o)
 .comment       0x0000000000000000       0x4f /usr/lib/gcc/arm-none-eabi/9.2.1/../../../arm-none-eabi/lib/thumb/v7e-m/nofp/libg.a(lib_a-init.o)
 .comment       0x0000000000000000       0x4f /usr/lib/gcc/arm-none-eabi/9.2.1/../../../arm-none-eabi/lib/thumb/v7e-m/nofp/libg.a(lib_a-itoa.o)
 .comment       0x0000000000000000       0x4f /usr/lib/gcc/arm-none-eabi/9.2.1/../../../arm-none-eabi/lib/thumb/v7e-m/nofp/libg.a(lib_a-utoa.o)

Memory Configuration

Name             Origin             Length             Attributes
FLASH_1_cached   0x0000000008000000 0x0000000000100000 xr
FLASH_1_uncached 0x000000000c000000 0x0000000000100000 xr
PSRAM_1          0x0000000010000000 0x0000000000010000 !xr
DSRAM_1_system   0x0000000020000000 0x0000000000010000 !xr
DSRAM_2_comm     0x0000000030000000 0x0000000000008000 !xr
*default*        0x0000000000000000 0xffffffffffffffff

Linker script and memory map

LOAD build/partB.o
LOAD build/partB_functions.o
LOAD lib_build/xmc_gpio.o
LOAD lib_build/xmc4_gpio.o
LOAD lib_build/startup_XMC4500.o
LOAD lib_build/system_XMC4500.o
LOAD lib_build/syscalls.o
START GROUP
LOAD /usr/lib/gcc/arm-none-eabi/9.2.1/thumb/v7e-m/nofp/libgcc.a
LOAD /usr/lib/gcc/arm-none-eabi/9.2.1/../../../arm-none-eabi/lib/thumb/v7e-m/nofp/libg.a
LOAD /usr/lib/gcc/arm-none-eabi/9.2.1/../../../arm-none-eabi/lib/thumb/v7e-m/nofp/libc.a
END GROUP
START GROUP
LOAD /usr/lib/gcc/arm-none-eabi/9.2.1/thumb/v7e-m/nofp/libgcc.a
LOAD /usr/lib/gcc/arm-none-eabi/9.2.1/../../../arm-none-eabi/lib/thumb/v7e-m/nofp/libc.a
LOAD /usr/lib/gcc/arm-none-eabi/9.2.1/../../../arm-none-eabi/lib/thumb/v7e-m/nofp/libnosys.a
END GROUP
                0x0000000000000800                stack_size = DEFINED (stack_size)?stack_size:0x800
                0x0000000000000040                no_init_size = 0x40

.text           0x0000000008000000     0x1a08 load address 0x000000000c000000
                0x0000000008000000                sText = .
 *(.reset)
 .reset         0x0000000008000000      0x2b2 lib_build/startup_XMC4500.o
                0x0000000008000000                __Vectors
                0x0000000008000200                Reset_Handler
                0x00000000080002b0                VADC0_C0_3_IRQHandler
                0x00000000080002b0                DSD0_7_IRQHandler
                0x00000000080002b0                DebugMon_Handler
                0x00000000080002b0                VADC0_C0_0_IRQHandler
                0x00000000080002b0                CAN0_4_IRQHandler
                0x00000000080002b0                VADC0_G2_0_IRQHandler
                0x00000000080002b0                USIC0_5_IRQHandler
                0x00000000080002b0                POSIF0_0_IRQHandler
                0x00000000080002b0                POSIF1_0_IRQHandler
                0x00000000080002b0                HardFault_Handler
                0x00000000080002b0                VADC0_G1_1_IRQHandler
                0x00000000080002b0                PendSV_Handler
                0x00000000080002b0                NMI_Handler
                0x00000000080002b0                USIC1_3_IRQHandler
                0x00000000080002b0                CCU40_2_IRQHandler
                0x00000000080002b0                SCU_0_IRQHandler
                0x00000000080002b0                ERU0_0_IRQHandler
                0x00000000080002b0                CCU41_0_IRQHandler
                0x00000000080002b0                USIC1_5_IRQHandler
                0x00000000080002b0                DSD0_4_IRQHandler
                0x00000000080002b0                CCU80_1_IRQHandler
                0x00000000080002b0                CCU81_0_IRQHandler
                0x00000000080002b0                UsageFault_Handler
                0x00000000080002b0                USIC0_0_IRQHandler
                0x00000000080002b0                POSIF1_1_IRQHandler
                0x00000000080002b0                ERU0_2_IRQHandler
                0x00000000080002b0                CCU81_1_IRQHandler
                0x00000000080002b0                ERU1_1_IRQHandler
                0x00000000080002b0                VADC0_G2_3_IRQHandler
                0x00000000080002b0                VADC0_G2_2_IRQHandler
                0x00000000080002b0                CCU42_3_IRQHandler
                0x00000000080002b0                ERU0_3_IRQHandler
                0x00000000080002b0                DSD0_5_IRQHandler
                0x00000000080002b0                CAN0_6_IRQHandler
                0x00000000080002b0                CCU43_0_IRQHandler
                0x00000000080002b0                VADC0_G0_1_IRQHandler
                0x00000000080002b0                CCU81_2_IRQHandler
                0x00000000080002b0                USIC2_4_IRQHandler
                0x00000000080002b0                CCU81_3_IRQHandler
                0x00000000080002b0                CCU42_1_IRQHandler
                0x00000000080002b0                USIC1_1_IRQHandler
                0x00000000080002b0                USIC2_5_IRQHandler
                0x00000000080002b0                CCU40_0_IRQHandler
                0x00000000080002b0                CAN0_0_IRQHandler
                0x00000000080002b0                ERU1_0_IRQHandler
                0x00000000080002b0                CCU42_2_IRQHandler
                0x00000000080002b0                Default_Handler
                0x00000000080002b0                USIC1_4_IRQHandler
                0x00000000080002b0                ERU1_3_IRQHandler
                0x00000000080002b0                USIC1_0_IRQHandler
                0x00000000080002b0                POSIF0_1_IRQHandler
                0x00000000080002b0                VADC0_G0_0_IRQHandler
                0x00000000080002b0                DSD0_2_IRQHandler
                0x00000000080002b0                CCU80_3_IRQHandler
                0x00000000080002b0                CCU41_3_IRQHandler
                0x00000000080002b0                CCU80_2_IRQHandler
                0x00000000080002b0                VADC0_G1_3_IRQHandler
                0x00000000080002b0                VADC0_G0_3_IRQHandler
                0x00000000080002b0                GPDMA0_0_IRQHandler
                0x00000000080002b0                PMU0_0_IRQHandler
                0x00000000080002b0                CAN0_7_IRQHandler
                0x00000000080002b0                DSD0_1_IRQHandler
                0x00000000080002b0                CCU41_2_IRQHandler
                0x00000000080002b0                VADC0_C0_1_IRQHandler
                0x00000000080002b0                CCU43_2_IRQHandler
                0x00000000080002b0                USIC2_2_IRQHandler
                0x00000000080002b0                MemManage_Handler
                0x00000000080002b0                VADC0_G3_1_IRQHandler
                0x00000000080002b0                DAC0_0_IRQHandler
                0x00000000080002b0                SVC_Handler
                0x00000000080002b0                VADC0_G3_3_IRQHandler
                0x00000000080002b0                ERU1_2_IRQHandler
                0x00000000080002b0                CCU41_1_IRQHandler
                0x00000000080002b0                DSD0_6_IRQHandler
                0x00000000080002b0                CCU43_1_IRQHandler
                0x00000000080002b0                VADC0_G1_2_IRQHandler
                0x00000000080002b0                USIC2_3_IRQHandler
                0x00000000080002b0                CAN0_2_IRQHandler
                0x00000000080002b0                USIC2_0_IRQHandler
                0x00000000080002b0                VADC0_G0_2_IRQHandler
                0x00000000080002b0                VADC0_G2_1_IRQHandler
                0x00000000080002b0                CAN0_3_IRQHandler
                0x00000000080002b0                ETH0_0_IRQHandler
                0x00000000080002b0                USIC0_3_IRQHandler
                0x00000000080002b0                DSD0_0_IRQHandler
                0x00000000080002b0                VADC0_C0_2_IRQHandler
                0x00000000080002b0                CCU42_0_IRQHandler
                0x00000000080002b0                FCE0_0_IRQHandler
                0x00000000080002b0                VADC0_G1_0_IRQHandler
                0x00000000080002b0                USB0_0_IRQHandler
                0x00000000080002b0                CAN0_5_IRQHandler
                0x00000000080002b0                CCU80_0_IRQHandler
                0x00000000080002b0                CCU40_1_IRQHandler
                0x00000000080002b0                USIC2_1_IRQHandler
                0x00000000080002b0                USIC0_1_IRQHandler
                0x00000000080002b0                VADC0_G3_2_IRQHandler
                0x00000000080002b0                CCU40_3_IRQHandler
                0x00000000080002b0                BusFault_Handler
                0x00000000080002b0                LEDTS0_0_IRQHandler
                0x00000000080002b0                USIC0_4_IRQHandler
                0x00000000080002b0                CCU43_3_IRQHandler
                0x00000000080002b0                ERU0_1_IRQHandler
                0x00000000080002b0                VADC0_G3_0_IRQHandler
                0x00000000080002b0                USIC1_2_IRQHandler
                0x00000000080002b0                DSD0_3_IRQHandler
                0x00000000080002b0                SDMMC0_0_IRQHandler
                0x00000000080002b0                CAN0_1_IRQHandler
                0x00000000080002b0                USIC0_2_IRQHandler
                0x00000000080002b0                DAC0_1_IRQHandler
                0x00000000080002b0                GPDMA1_0_IRQHandler
 *(.text .text.* .gnu.linkonce.t.*)
 .text          0x00000000080002b2        0x0 build/partB.o
 .text.XMC_GPIO_GetInput
                0x00000000080002b2       0x26 build/partB.o
 .text.main     0x00000000080002d8      0x1b4 build/partB.o
                0x00000000080002d8                main
 .text          0x000000000800048c        0x0 build/partB_functions.o
 .text.__NVIC_SetPriority
                0x000000000800048c       0x54 build/partB_functions.o
 .text.SysTick_Config
                0x00000000080004e0       0x44 build/partB_functions.o
 .text.XMC_GPIO_ToggleOutput
                0x0000000008000524       0x24 build/partB_functions.o
 .text.getMORSE
                0x0000000008000548       0x28 build/partB_functions.o
                0x0000000008000548                getMORSE
 .text.SysTick_Handler
                0x0000000008000570       0x24 build/partB_functions.o
                0x0000000008000570                SysTick_Handler
 .text.DelayInit
                0x0000000008000594       0x28 build/partB_functions.o
                0x0000000008000594                DelayInit
 .text.DelayUs  0x00000000080005bc       0x2c build/partB_functions.o
                0x00000000080005bc                DelayUs
 .text.DelayMs  0x00000000080005e8       0x26 build/partB_functions.o
                0x00000000080005e8                DelayMs
 *fill*         0x000000000800060e        0x2 
 .text.SEND     0x0000000008000610      0x104 build/partB_functions.o
                0x0000000008000610                SEND
 .text.MORSE    0x0000000008000714      0x13c build/partB_functions.o
                0x0000000008000714                MORSE
 .text.recordTime
                0x0000000008000850       0x28 build/partB_functions.o
                0x0000000008000850                recordTime
 .text          0x0000000008000878        0x0 lib_build/xmc_gpio.o
 .text.XMC_GPIO_SetMode
                0x0000000008000878       0x82 lib_build/xmc_gpio.o
                0x0000000008000878                XMC_GPIO_SetMode
 .text.XMC_GPIO_SetHardwareControl
                0x00000000080008fa       0x46 lib_build/xmc_gpio.o
                0x00000000080008fa                XMC_GPIO_SetHardwareControl
 .text          0x0000000008000940        0x0 lib_build/xmc4_gpio.o
 .text.XMC_GPIO_Init
                0x0000000008000940      0x144 lib_build/xmc4_gpio.o
                0x0000000008000940                XMC_GPIO_Init
 .text.XMC_GPIO_SetOutputStrength
                0x0000000008000a84       0x86 lib_build/xmc4_gpio.o
                0x0000000008000a84                XMC_GPIO_SetOutputStrength
 .text          0x0000000008000b0a        0x0 lib_build/startup_XMC4500.o
 .text          0x0000000008000b0a        0x0 lib_build/system_XMC4500.o
 .text.delay    0x0000000008000b0a       0x2c lib_build/system_XMC4500.o
 *fill*         0x0000000008000b36        0x2 
 .text.SystemInit
                0x0000000008000b38       0x24 lib_build/system_XMC4500.o
                0x0000000008000b38                SystemInit
 .text.SystemCoreSetup
                0x0000000008000b5c       0x78 lib_build/system_XMC4500.o
                0x0000000008000b5c                SystemCoreSetup
 .text.SystemCoreClockSetup
                0x0000000008000bd4      0x208 lib_build/system_XMC4500.o
                0x0000000008000bd4                SystemCoreClockSetup
 .text.SystemCoreClockUpdate
                0x0000000008000ddc       0xd4 lib_build/system_XMC4500.o
                0x0000000008000ddc                SystemCoreClockUpdate
 .text.OSCHP_GetFrequency
                0x0000000008000eb0       0x14 lib_build/system_XMC4500.o
                0x0000000008000eb0                OSCHP_GetFrequency
 .text          0x0000000008000ec4        0x0 lib_build/syscalls.o
 .text._sbrk    0x0000000008000ec4       0x68 lib_build/syscalls.o
                0x0000000008000ec4                _sbrk
 .text._init    0x0000000008000f2c        0xe lib_build/syscalls.o
                0x0000000008000f2c                _init
 *fill*         0x0000000008000f3a        0x2 
 .text          0x0000000008000f3c      0x378 /usr/lib/gcc/arm-none-eabi/9.2.1/thumb/v7e-m/nofp/libgcc.a(_arm_addsubdf3.o)
                0x0000000008000f3c                __aeabi_drsub
                0x0000000008000f44                __aeabi_dsub
                0x0000000008000f44                __subdf3
                0x0000000008000f48                __adddf3
                0x0000000008000f48                __aeabi_dadd
                0x00000000080011c0                __aeabi_ui2d
                0x00000000080011c0                __floatunsidf
                0x00000000080011e0                __floatsidf
                0x00000000080011e0                __aeabi_i2d
                0x0000000008001204                __extendsfdf2
                0x0000000008001204                __aeabi_f2d
                0x0000000008001248                __aeabi_ul2d
                0x0000000008001248                __floatundidf
                0x0000000008001258                __floatdidf
                0x0000000008001258                __aeabi_l2d
 .text          0x00000000080012b4      0x424 /usr/lib/gcc/arm-none-eabi/9.2.1/thumb/v7e-m/nofp/libgcc.a(_arm_muldivdf3.o)
                0x00000000080012b4                __aeabi_dmul
                0x00000000080012b4                __muldf3
                0x0000000008001508                __aeabi_ddiv
                0x0000000008001508                __divdf3
 .text          0x00000000080016d8       0xa0 /usr/lib/gcc/arm-none-eabi/9.2.1/thumb/v7e-m/nofp/libgcc.a(_arm_truncdfsf2.o)
                0x00000000080016d8                __aeabi_d2f
                0x00000000080016d8                __truncdfsf2
 .text          0x0000000008001778        0xc /usr/lib/gcc/arm-none-eabi/9.2.1/../../../arm-none-eabi/lib/thumb/v7e-m/nofp/libg.a(lib_a-errno.o)
                0x0000000008001778                __errno
 .text          0x0000000008001784        0x0 /usr/lib/gcc/arm-none-eabi/9.2.1/../../../arm-none-eabi/lib/thumb/v7e-m/nofp/libg.a(lib_a-impure.o)
 .text          0x0000000008001784       0x48 /usr/lib/gcc/arm-none-eabi/9.2.1/../../../arm-none-eabi/lib/thumb/v7e-m/nofp/libg.a(lib_a-init.o)
                0x0000000008001784                __libc_init_array
 .text          0x00000000080017cc       0x3c /usr/lib/gcc/arm-none-eabi/9.2.1/../../../arm-none-eabi/lib/thumb/v7e-m/nofp/libg.a(lib_a-itoa.o)
                0x00000000080017cc                __itoa
                0x0000000008001804                itoa
 *fill*         0x0000000008001808       0x38 
 .text          0x0000000008001840       0xdc /usr/lib/gcc/arm-none-eabi/9.2.1/../../../arm-none-eabi/lib/thumb/v7e-m/nofp/libg.a(lib_a-strlen.o)
                0x0000000008001840                strlen
 .text          0x000000000800191c       0x90 /usr/lib/gcc/arm-none-eabi/9.2.1/../../../arm-none-eabi/lib/thumb/v7e-m/nofp/libg.a(lib_a-utoa.o)
                0x000000000800191c                __utoa
                0x00000000080019a8                utoa
 *(.init)
 *(.fini)
 *crtbegin.o(.ctors)
 *crtbegin?.o(.ctors)
 *(EXCLUDE_FILE(*crtend.o *crtend?.o) .ctors)
 *(SORT_BY_NAME(.ctors.*))
 *(.ctors)
 *crtbegin.o(.dtors)
 *crtbegin?.o(.dtors)
 *(EXCLUDE_FILE(*crtend.o *crtend?.o) .dtors)
 *(SORT_BY_NAME(.dtors.*))
 *(.dtors)
 *(.rodata .rodata.*)
 .rodata        0x00000000080019ac       0x30 build/partB_functions.o
                0x00000000080019ac                out_config
                0x00000000080019b8                in_config
                0x00000000080019c4                LED_config
 .rodata        0x00000000080019dc        0x4 /usr/lib/gcc/arm-none-eabi/9.2.1/../../../arm-none-eabi/lib/thumb/v7e-m/nofp/libg.a(lib_a-impure.o)
                0x00000000080019dc                _global_impure_ptr
 .rodata.str1.4
                0x00000000080019e0       0x25 /usr/lib/gcc/arm-none-eabi/9.2.1/../../../arm-none-eabi/lib/thumb/v7e-m/nofp/libg.a(lib_a-utoa.o)
 *(.gnu.linkonce.r*)
 *(vtable)
                0x0000000008001a08                . = ALIGN (0x4)
 *fill*         0x0000000008001a05        0x3 

.glue_7         0x0000000008001a08        0x0 load address 0x000000000c001a08
 .glue_7        0x0000000008001a08        0x0 linker stubs

.glue_7t        0x0000000008001a08        0x0 load address 0x000000000c001a08
 .glue_7t       0x0000000008001a08        0x0 linker stubs

.vfp11_veneer   0x0000000008001a08        0x0 load address 0x000000000c001a08
 .vfp11_veneer  0x0000000008001a08        0x0 linker stubs

.v4_bx          0x0000000008001a08        0x0 load address 0x000000000c001a08
 .v4_bx         0x0000000008001a08        0x0 linker stubs

.iplt           0x0000000008001a08        0x0 load address 0x000000000c001a08
 .iplt          0x0000000008001a08        0x0 build/partB.o

.rel.dyn        0x0000000008001a08        0x0 load address 0x000000000c001a08
 .rel.iplt      0x0000000008001a08        0x0 build/partB.o

.eh_frame_hdr
 *(.eh_frame_hdr)

.eh_frame
 *(.eh_frame)

.ARM.extab
 *(.ARM.extab* .gnu.linkonce.armextab.*)
                0x0000000008001a08                . = ALIGN (0x4)
                0x0000000008001a08                __exidx_start = .

.ARM.exidx
 *(.ARM.exidx* .gnu.linkonce.armexidx.*)
                0x0000000008001a08                __exidx_end = .
                0x0000000008001a08                . = ALIGN (0x4)

Stack           0x0000000010000000      0x800
                0x0000000010000000                __stack_start = .
                0x0000000010000800                . = (. + stack_size)
 *fill*         0x0000000010000000      0x800 
                0x0000000010000800                __stack_end = .
                0x0000000010000800                __initial_sp = .

.ram_code       0x0000000010000800        0x0 load address 0x000000000c001a08
                0x0000000010000800                . = ALIGN (0x4)
                0x0000000010000800                __ram_code_start = .
 *(.ram_code)
                0x0000000010000800                . = ALIGN (0x4)
                0x0000000010000800                __ram_code_end = .
                0x000000000c001a08                __ram_code_load = LOADADDR (.ram_code)
                0x0000000000000000                __ram_code_size = (__ram_code_end - __ram_code_start)

PSRAM_DATA      0x0000000010000800        0x0 load address 0x000000000c001a08
                0x0000000010000800                . = ALIGN (0x4)
                0x0000000010000800                __data3_start = .
 *(PSRAM_DATA)
                0x0000000010000800                . = ALIGN (0x4)
                0x0000000010000800                __data3_end = .
                0x000000000c001a08                __data3_load = LOADADDR (PSRAM_DATA)
                0x0000000000000000                __data3_size = (__data3_end - __data3_start)

PSRAM_BSS       0x0000000010000800        0x0 load address 0x000000000c001a08
                0x0000000010000800                . = ALIGN (0x4)
                0x0000000010000800                __bss3_start = .
 *(PSRAM_BSS)
                0x0000000010000800                . = ALIGN (0x4)
                0x0000000010000800                __bss3_end = .
                0x0000000010000800                . = ALIGN (0x8)
                0x0000000010000800                Heap_Bank3_Start = .
                0x0000000000000000                __bss3_size = (__bss3_end - __bss3_start)

.data           0x0000000020000000     0x3ed0 load address 0x000000000c001a08
                0x0000000020000000                . = ALIGN (0x4)
                0x0000000020000000                __data_start = .
 *(.data)
 .data          0x0000000020000000        0x0 build/partB.o
 .data          0x0000000020000000     0x3a9c build/partB_functions.o
                0x0000000020000000                DEBUG_TIME_FACTOR
                0x0000000020000004                MORSE_DICT
 .data          0x0000000020003a9c        0x0 lib_build/xmc_gpio.o
 .data          0x0000000020003a9c        0x0 lib_build/xmc4_gpio.o
 .data          0x0000000020003a9c        0x0 lib_build/startup_XMC4500.o
 .data          0x0000000020003a9c        0x0 lib_build/system_XMC4500.o
 .data          0x0000000020003a9c        0x0 lib_build/syscalls.o
 .data          0x0000000020003a9c        0x0 /usr/lib/gcc/arm-none-eabi/9.2.1/thumb/v7e-m/nofp/libgcc.a(_arm_addsubdf3.o)
 .data          0x0000000020003a9c        0x0 /usr/lib/gcc/arm-none-eabi/9.2.1/thumb/v7e-m/nofp/libgcc.a(_arm_muldivdf3.o)
 .data          0x0000000020003a9c        0x0 /usr/lib/gcc/arm-none-eabi/9.2.1/thumb/v7e-m/nofp/libgcc.a(_arm_truncdfsf2.o)
 .data          0x0000000020003a9c        0x0 /usr/lib/gcc/arm-none-eabi/9.2.1/../../../arm-none-eabi/lib/thumb/v7e-m/nofp/libg.a(lib_a-errno.o)
 *fill*         0x0000000020003a9c        0x4 
 .data          0x0000000020003aa0      0x430 /usr/lib/gcc/arm-none-eabi/9.2.1/../../../arm-none-eabi/lib/thumb/v7e-m/nofp/libg.a(lib_a-impure.o)
                0x0000000020003aa0                _impure_ptr
 .data          0x0000000020003ed0        0x0 /usr/lib/gcc/arm-none-eabi/9.2.1/../../../arm-none-eabi/lib/thumb/v7e-m/nofp/libg.a(lib_a-init.o)
 .data          0x0000000020003ed0        0x0 /usr/lib/gcc/arm-none-eabi/9.2.1/../../../arm-none-eabi/lib/thumb/v7e-m/nofp/libg.a(lib_a-itoa.o)
 .data          0x0000000020003ed0        0x0 /usr/lib/gcc/arm-none-eabi/9.2.1/../../../arm-none-eabi/lib/thumb/v7e-m/nofp/libg.a(lib_a-strlen.o)
 .data          0x0000000020003ed0        0x0 /usr/lib/gcc/arm-none-eabi/9.2.1/../../../arm-none-eabi/lib/thumb/v7e-m/nofp/libg.a(lib_a-utoa.o)
 *(.data*)
 *(*.data)
 *(.gnu.linkonce.d*)
                0x0000000020003ed0                . = ALIGN (0x4)
                0x0000000020003ed0                PROVIDE (__preinit_array_start = .)
 *(.preinit_array)
                0x0000000020003ed0                PROVIDE (__preinit_array_end = .)
                0x0000000020003ed0                . = ALIGN (0x4)
                0x0000000020003ed0                PROVIDE (__init_array_start = .)
 *(SORT_BY_NAME(.init_array.*))
 *(.init_array)
                0x0000000020003ed0                PROVIDE (__init_array_end = .)
                0x0000000020003ed0                . = ALIGN (0x4)
                [!provide]                        PROVIDE (__fini_array_start = .)
 *(SORT_BY_NAME(.fini_array.*))
 *(.fini_array)
                [!provide]                        PROVIDE (__fini_array_end = .)
                0x0000000020003ed0                . = ALIGN (0x4)
                0x0000000020003ed0                __data_end = .
                0x000000000c001a08                __data_load = LOADADDR (.data)
                0x0000000000003ed0                __data_size = (__data_end - __data_start)

.igot.plt       0x0000000020003ed0        0x0 load address 0x000000000c0058d8
 .igot.plt      0x0000000020003ed0        0x0 build/partB.o

.bss            0x0000000020003ed0      0x208 load address 0x000000000c0058d8
                0x0000000020003ed0                . = ALIGN (0x4)
                0x0000000020003ed0                __bss_start = .
 *(.bss)
 .bss           0x0000000020003ed0        0x0 build/partB.o
 .bss           0x0000000020003ed0        0x8 build/partB_functions.o
                0x0000000020003ed0                history
                0x0000000020003ed1                busy
                0x0000000020003ed4                millisec
 .bss           0x0000000020003ed8        0x0 lib_build/xmc_gpio.o
 .bss           0x0000000020003ed8        0x0 lib_build/xmc4_gpio.o
 .bss           0x0000000020003ed8        0x0 lib_build/startup_XMC4500.o
 .bss           0x0000000020003ed8        0x0 lib_build/system_XMC4500.o
 .bss           0x0000000020003ed8        0x8 lib_build/syscalls.o
                0x0000000020003ed8                __dso_handle
 .bss           0x0000000020003ee0        0x0 /usr/lib/gcc/arm-none-eabi/9.2.1/thumb/v7e-m/nofp/libgcc.a(_arm_addsubdf3.o)
 .bss           0x0000000020003ee0        0x0 /usr/lib/gcc/arm-none-eabi/9.2.1/thumb/v7e-m/nofp/libgcc.a(_arm_muldivdf3.o)
 .bss           0x0000000020003ee0        0x0 /usr/lib/gcc/arm-none-eabi/9.2.1/thumb/v7e-m/nofp/libgcc.a(_arm_truncdfsf2.o)
 .bss           0x0000000020003ee0        0x0 /usr/lib/gcc/arm-none-eabi/9.2.1/../../../arm-none-eabi/lib/thumb/v7e-m/nofp/libg.a(lib_a-errno.o)
 .bss           0x0000000020003ee0        0x0 /usr/lib/gcc/arm-none-eabi/9.2.1/../../../arm-none-eabi/lib/thumb/v7e-m/nofp/libg.a(lib_a-impure.o)
 .bss           0x0000000020003ee0        0x0 /usr/lib/gcc/arm-none-eabi/9.2.1/../../../arm-none-eabi/lib/thumb/v7e-m/nofp/libg.a(lib_a-init.o)
 .bss           0x0000000020003ee0        0x0 /usr/lib/gcc/arm-none-eabi/9.2.1/../../../arm-none-eabi/lib/thumb/v7e-m/nofp/libg.a(lib_a-itoa.o)
 .bss           0x0000000020003ee0        0x0 /usr/lib/gcc/arm-none-eabi/9.2.1/../../../arm-none-eabi/lib/thumb/v7e-m/nofp/libg.a(lib_a-strlen.o)
 .bss           0x0000000020003ee0        0x0 /usr/lib/gcc/arm-none-eabi/9.2.1/../../../arm-none-eabi/lib/thumb/v7e-m/nofp/libg.a(lib_a-utoa.o)
 *(.bss*)
 *(COMMON)
 COMMON         0x0000000020003ee0      0x1f8 build/partB_functions.o
                0x0000000020003ee0                log
                0x0000000020004070                usTicks
                0x0000000020004074                msgB
 *(.gnu.linkonce.b*)
                0x00000000200040d8                . = ALIGN (0x4)
                0x00000000200040d8                __bss_end = .
                0x00000000200040d8                . = ALIGN (0x8)
                0x00000000200040d8                Heap_Bank1_Start = .
                0x0000000000000208                __bss_size = (__bss_end - __bss_start)

.no_init        0x000000002000ffc0       0x14
                0x000000002000ffc0                Heap_Bank1_End = .
 *(.no_init)
 .no_init       0x000000002000ffc0       0x14 lib_build/system_XMC4500.o
                0x000000002000ffc0                SystemCoreClock
                0x000000002000ffc4                g_chipid

DSRAM2_DATA     0x0000000030000000        0x0 load address 0x000000000c0058d8
                0x0000000030000000                . = ALIGN (0x4)
                0x0000000030000000                __data2_start = .
 *(DSRAM2_DATA)
                0x0000000030000000                . = ALIGN (0x4)
                0x0000000030000000                __data2_end = .
                0x000000000c0058d8                __data2_load = LOADADDR (DSRAM2_DATA)
                0x0000000000000000                __data2_size = (__data2_end - __data2_start)
                0x00000000000058d8                __text_size = (((((__exidx_end - sText) + __data_size) + __ram_code_size) + __data2_size) + __data3_size)
                0x00000000080058d8                eText = (sText + __text_size)

DSRAM2_BSS      0x0000000030000000        0x0 load address 0x000000000c0058d8
                0x0000000030000000                . = ALIGN (0x4)
                0x0000000030000000                __bss2_start = .
 *(ETH_RAM)
 *(USB_RAM)
 *(DSRAM2_BSS)
                0x0000000030000000                . = ALIGN (0x4)
                0x0000000030000000                __bss2_end = .
                0x0000000030000000                . = ALIGN (0x8)
                0x0000000030000000                Heap_Bank2_Start = .
                0x0000000000000000                __bss2_size = (__bss2_end - __bss2_start)
                0x000000000000bee8                Heap_Bank1_Size = (Heap_Bank1_End - Heap_Bank1_Start)
                0x0000000000008000                Heap_Bank2_Size = (LENGTH (DSRAM_2_comm) - (Heap_Bank2_Start - ORIGIN (DSRAM_2_comm)))
                0x000000000000f800                Heap_Bank3_Size = (LENGTH (PSRAM_1) - (Heap_Bank3_Start - ORIGIN (PSRAM_1)))
                0x0000000000000001                ASSERT ((Heap_Bank1_Start <= Heap_Bank1_End), region SRAM_combined overflowed no_init section)

/DISCARD/
 *(.comment)

.stab
 *(.stab)

.stabstr
 *(.stabstr)

.debug
 *(.debug)

.line
 *(.line)

.debug_srcinfo
 *(.debug_srcinfo)

.debug_sfnames
 *(.debug_sfnames)

.debug_aranges  0x0000000000000000      0x290
 *(.debug_aranges)
 .debug_aranges
                0x0000000000000000       0x28 build/partB.o
 .debug_aranges
                0x0000000000000028       0x70 build/partB_functions.o
 .debug_aranges
                0x0000000000000098       0x28 lib_build/xmc_gpio.o
 .debug_aranges
                0x00000000000000c0       0x28 lib_build/xmc4_gpio.o
 .debug_aranges
                0x00000000000000e8       0x20 lib_build/startup_XMC4500.o
 .debug_aranges
                0x0000000000000108       0x48 lib_build/system_XMC4500.o
 .debug_aranges
                0x0000000000000150       0x28 lib_build/syscalls.o
 .debug_aranges
                0x0000000000000178       0x20 /usr/lib/gcc/arm-none-eabi/9.2.1/thumb/v7e-m/nofp/libgcc.a(_arm_addsubdf3.o)
 .debug_aranges
                0x0000000000000198       0x20 /usr/lib/gcc/arm-none-eabi/9.2.1/thumb/v7e-m/nofp/libgcc.a(_arm_muldivdf3.o)
 .debug_aranges
                0x00000000000001b8       0x20 /usr/lib/gcc/arm-none-eabi/9.2.1/thumb/v7e-m/nofp/libgcc.a(_arm_truncdfsf2.o)
 .debug_aranges
                0x00000000000001d8       0x20 /usr/lib/gcc/arm-none-eabi/9.2.1/../../../arm-none-eabi/lib/thumb/v7e-m/nofp/libg.a(lib_a-errno.o)
 .debug_aranges
                0x00000000000001f8       0x18 /usr/lib/gcc/arm-none-eabi/9.2.1/../../../arm-none-eabi/lib/thumb/v7e-m/nofp/libg.a(lib_a-impure.o)
 .debug_aranges
                0x0000000000000210       0x20 /usr/lib/gcc/arm-none-eabi/9.2.1/../../../arm-none-eabi/lib/thumb/v7e-m/nofp/libg.a(lib_a-init.o)
 .debug_aranges
                0x0000000000000230       0x20 /usr/lib/gcc/arm-none-eabi/9.2.1/../../../arm-none-eabi/lib/thumb/v7e-m/nofp/libg.a(lib_a-itoa.o)
 .debug_aranges
                0x0000000000000250       0x20 /usr/lib/gcc/arm-none-eabi/9.2.1/../../../arm-none-eabi/lib/thumb/v7e-m/nofp/libg.a(lib_a-strlen.o)
 .debug_aranges
                0x0000000000000270       0x20 /usr/lib/gcc/arm-none-eabi/9.2.1/../../../arm-none-eabi/lib/thumb/v7e-m/nofp/libg.a(lib_a-utoa.o)

.debug_pubnames
 *(.debug_pubnames)

.debug_pubtypes
 *(.debug_pubtypes)

.debug_info     0x0000000000000000     0x8721
 *(.debug_info .gnu.linkonce.wi.*)
 .debug_info    0x0000000000000000      0xebb build/partB.o
 .debug_info    0x0000000000000ebb     0x1717 build/partB_functions.o
 .debug_info    0x00000000000025d2      0xd3a lib_build/xmc_gpio.o
 .debug_info    0x000000000000330c      0xdd0 lib_build/xmc4_gpio.o
 .debug_info    0x00000000000040dc       0x26 lib_build/startup_XMC4500.o
 .debug_info    0x0000000000004102     0x129e lib_build/system_XMC4500.o
 .debug_info    0x00000000000053a0      0xab9 lib_build/syscalls.o
 .debug_info    0x0000000000005e59       0x26 /usr/lib/gcc/arm-none-eabi/9.2.1/thumb/v7e-m/nofp/libgcc.a(_arm_addsubdf3.o)
 .debug_info    0x0000000000005e7f       0x26 /usr/lib/gcc/arm-none-eabi/9.2.1/thumb/v7e-m/nofp/libgcc.a(_arm_muldivdf3.o)
 .debug_info    0x0000000000005ea5       0x26 /usr/lib/gcc/arm-none-eabi/9.2.1/thumb/v7e-m/nofp/libgcc.a(_arm_truncdfsf2.o)
 .debug_info    0x0000000000005ecb      0x953 /usr/lib/gcc/arm-none-eabi/9.2.1/../../../arm-none-eabi/lib/thumb/v7e-m/nofp/libg.a(lib_a-errno.o)
 .debug_info    0x000000000000681e      0x92a /usr/lib/gcc/arm-none-eabi/9.2.1/../../../arm-none-eabi/lib/thumb/v7e-m/nofp/libg.a(lib_a-impure.o)
 .debug_info    0x0000000000007148      0x11a /usr/lib/gcc/arm-none-eabi/9.2.1/../../../arm-none-eabi/lib/thumb/v7e-m/nofp/libg.a(lib_a-init.o)
 .debug_info    0x0000000000007262      0xa48 /usr/lib/gcc/arm-none-eabi/9.2.1/../../../arm-none-eabi/lib/thumb/v7e-m/nofp/libg.a(lib_a-itoa.o)
 .debug_info    0x0000000000007caa       0x26 /usr/lib/gcc/arm-none-eabi/9.2.1/../../../arm-none-eabi/lib/thumb/v7e-m/nofp/libg.a(lib_a-strlen.o)
 .debug_info    0x0000000000007cd0      0xa51 /usr/lib/gcc/arm-none-eabi/9.2.1/../../../arm-none-eabi/lib/thumb/v7e-m/nofp/libg.a(lib_a-utoa.o)

.debug_abbrev   0x0000000000000000     0x1841
 *(.debug_abbrev)
 .debug_abbrev  0x0000000000000000      0x257 build/partB.o
 .debug_abbrev  0x0000000000000257      0x36e build/partB_functions.o
 .debug_abbrev  0x00000000000005c5      0x226 lib_build/xmc_gpio.o
 .debug_abbrev  0x00000000000007eb      0x215 lib_build/xmc4_gpio.o
 .debug_abbrev  0x0000000000000a00       0x14 lib_build/startup_XMC4500.o
 .debug_abbrev  0x0000000000000a14      0x2c5 lib_build/system_XMC4500.o
 .debug_abbrev  0x0000000000000cd9      0x208 lib_build/syscalls.o
 .debug_abbrev  0x0000000000000ee1       0x14 /usr/lib/gcc/arm-none-eabi/9.2.1/thumb/v7e-m/nofp/libgcc.a(_arm_addsubdf3.o)
 .debug_abbrev  0x0000000000000ef5       0x14 /usr/lib/gcc/arm-none-eabi/9.2.1/thumb/v7e-m/nofp/libgcc.a(_arm_muldivdf3.o)
 .debug_abbrev  0x0000000000000f09       0x14 /usr/lib/gcc/arm-none-eabi/9.2.1/thumb/v7e-m/nofp/libgcc.a(_arm_truncdfsf2.o)
 .debug_abbrev  0x0000000000000f1d      0x1d6 /usr/lib/gcc/arm-none-eabi/9.2.1/../../../arm-none-eabi/lib/thumb/v7e-m/nofp/libg.a(lib_a-errno.o)
 .debug_abbrev  0x00000000000010f3      0x1b8 /usr/lib/gcc/arm-none-eabi/9.2.1/../../../arm-none-eabi/lib/thumb/v7e-m/nofp/libg.a(lib_a-impure.o)
 .debug_abbrev  0x00000000000012ab       0xcc /usr/lib/gcc/arm-none-eabi/9.2.1/../../../arm-none-eabi/lib/thumb/v7e-m/nofp/libg.a(lib_a-init.o)
 .debug_abbrev  0x0000000000001377      0x268 /usr/lib/gcc/arm-none-eabi/9.2.1/../../../arm-none-eabi/lib/thumb/v7e-m/nofp/libg.a(lib_a-itoa.o)
 .debug_abbrev  0x00000000000015df       0x14 /usr/lib/gcc/arm-none-eabi/9.2.1/../../../arm-none-eabi/lib/thumb/v7e-m/nofp/libg.a(lib_a-strlen.o)
 .debug_abbrev  0x00000000000015f3      0x24e /usr/lib/gcc/arm-none-eabi/9.2.1/../../../arm-none-eabi/lib/thumb/v7e-m/nofp/libg.a(lib_a-utoa.o)

.debug_line     0x0000000000000000     0x2758
 *(.debug_line)
 .debug_line    0x0000000000000000      0x48f build/partB.o
 .debug_line    0x000000000000048f      0x6f7 build/partB_functions.o
 .debug_line    0x0000000000000b86      0x3a5 lib_build/xmc_gpio.o
 .debug_line    0x0000000000000f2b      0x41b lib_build/xmc4_gpio.o
 .debug_line    0x0000000000001346       0xd1 lib_build/startup_XMC4500.o
 .debug_line    0x0000000000001417      0x56c lib_build/system_XMC4500.o
 .debug_line    0x0000000000001983      0x29b lib_build/syscalls.o
 .debug_line    0x0000000000001c1e      0x186 /usr/lib/gcc/arm-none-eabi/9.2.1/thumb/v7e-m/nofp/libgcc.a(_arm_addsubdf3.o)
 .debug_line    0x0000000000001da4      0x19b /usr/lib/gcc/arm-none-eabi/9.2.1/thumb/v7e-m/nofp/libgcc.a(_arm_muldivdf3.o)
 .debug_line    0x0000000000001f3f       0x8d /usr/lib/gcc/arm-none-eabi/9.2.1/thumb/v7e-m/nofp/libgcc.a(_arm_truncdfsf2.o)
 .debug_line    0x0000000000001fcc      0x108 /usr/lib/gcc/arm-none-eabi/9.2.1/../../../arm-none-eabi/lib/thumb/v7e-m/nofp/libg.a(lib_a-errno.o)
 .debug_line    0x00000000000020d4       0xe3 /usr/lib/gcc/arm-none-eabi/9.2.1/../../../arm-none-eabi/lib/thumb/v7e-m/nofp/libg.a(lib_a-impure.o)
 .debug_line    0x00000000000021b7      0x10d /usr/lib/gcc/arm-none-eabi/9.2.1/../../../arm-none-eabi/lib/thumb/v7e-m/nofp/libg.a(lib_a-init.o)
 .debug_line    0x00000000000022c4      0x1ab /usr/lib/gcc/arm-none-eabi/9.2.1/../../../arm-none-eabi/lib/thumb/v7e-m/nofp/libg.a(lib_a-itoa.o)
 .debug_line    0x000000000000246f       0xaf /usr/lib/gcc/arm-none-eabi/9.2.1/../../../arm-none-eabi/lib/thumb/v7e-m/nofp/libg.a(lib_a-strlen.o)
 .debug_line    0x000000000000251e      0x23a /usr/lib/gcc/arm-none-eabi/9.2.1/../../../arm-none-eabi/lib/thumb/v7e-m/nofp/libg.a(lib_a-utoa.o)

.debug_frame    0x0000000000000000      0x5f0
 *(.debug_frame)
 .debug_frame   0x0000000000000000       0x58 build/partB.o
 .debug_frame   0x0000000000000058      0x1a4 build/partB_functions.o
 .debug_frame   0x00000000000001fc       0x60 lib_build/xmc_gpio.o
 .debug_frame   0x000000000000025c       0x60 lib_build/xmc4_gpio.o
 .debug_frame   0x00000000000002bc       0xe0 lib_build/system_XMC4500.o
 .debug_frame   0x000000000000039c       0x54 lib_build/syscalls.o
 .debug_frame   0x00000000000003f0       0xac /usr/lib/gcc/arm-none-eabi/9.2.1/thumb/v7e-m/nofp/libgcc.a(_arm_addsubdf3.o)
 .debug_frame   0x000000000000049c       0x50 /usr/lib/gcc/arm-none-eabi/9.2.1/thumb/v7e-m/nofp/libgcc.a(_arm_muldivdf3.o)
 .debug_frame   0x00000000000004ec       0x24 /usr/lib/gcc/arm-none-eabi/9.2.1/thumb/v7e-m/nofp/libgcc.a(_arm_truncdfsf2.o)
 .debug_frame   0x0000000000000510       0x20 /usr/lib/gcc/arm-none-eabi/9.2.1/../../../arm-none-eabi/lib/thumb/v7e-m/nofp/libg.a(lib_a-errno.o)
 .debug_frame   0x0000000000000530       0x2c /usr/lib/gcc/arm-none-eabi/9.2.1/../../../arm-none-eabi/lib/thumb/v7e-m/nofp/libg.a(lib_a-init.o)
 .debug_frame   0x000000000000055c       0x3c /usr/lib/gcc/arm-none-eabi/9.2.1/../../../arm-none-eabi/lib/thumb/v7e-m/nofp/libg.a(lib_a-itoa.o)
 .debug_frame   0x0000000000000598       0x58 /usr/lib/gcc/arm-none-eabi/9.2.1/../../../arm-none-eabi/lib/thumb/v7e-m/nofp/libg.a(lib_a-utoa.o)

.debug_str      0x0000000000000000    0x76c0a
 *(.debug_str)
 .debug_str     0x0000000000000000    0x74ae0 build/partB.o
                                      0x74dd7 (size before relaxing)
 .debug_str     0x0000000000074ae0      0x738 build/partB_functions.o
                                      0x754ee (size before relaxing)
 .debug_str     0x0000000000075218       0xd3 lib_build/xmc_gpio.o
                                      0x737e8 (size before relaxing)
 .debug_str     0x00000000000752eb       0x9e lib_build/xmc4_gpio.o
                                      0x7396d (size before relaxing)
 .debug_str     0x0000000000075389       0x9a lib_build/startup_XMC4500.o
 .debug_str     0x0000000000075423      0xe08 lib_build/system_XMC4500.o
                                      0x70059 (size before relaxing)
 .debug_str     0x000000000007622b      0x520 lib_build/syscalls.o
                                       0x7914 (size before relaxing)
 .debug_str     0x000000000007674b       0x99 /usr/lib/gcc/arm-none-eabi/9.2.1/thumb/v7e-m/nofp/libgcc.a(_arm_addsubdf3.o)
                                         0xa5 (size before relaxing)
 .debug_str     0x00000000000767e4       0xa5 /usr/lib/gcc/arm-none-eabi/9.2.1/thumb/v7e-m/nofp/libgcc.a(_arm_muldivdf3.o)
 .debug_str     0x00000000000767e4       0xa5 /usr/lib/gcc/arm-none-eabi/9.2.1/thumb/v7e-m/nofp/libgcc.a(_arm_truncdfsf2.o)
 .debug_str     0x00000000000767e4      0x121 /usr/lib/gcc/arm-none-eabi/9.2.1/../../../arm-none-eabi/lib/thumb/v7e-m/nofp/libg.a(lib_a-errno.o)
                                        0x5ac (size before relaxing)
 .debug_str     0x0000000000076905       0x98 /usr/lib/gcc/arm-none-eabi/9.2.1/../../../arm-none-eabi/lib/thumb/v7e-m/nofp/libg.a(lib_a-impure.o)
                                        0x59a (size before relaxing)
 .debug_str     0x000000000007699d       0xe8 /usr/lib/gcc/arm-none-eabi/9.2.1/../../../arm-none-eabi/lib/thumb/v7e-m/nofp/libg.a(lib_a-init.o)
                                        0x21e (size before relaxing)
 .debug_str     0x0000000000076a85       0xa1 /usr/lib/gcc/arm-none-eabi/9.2.1/../../../arm-none-eabi/lib/thumb/v7e-m/nofp/libg.a(lib_a-itoa.o)
                                        0x5bd (size before relaxing)
 .debug_str     0x0000000000076b26       0xa1 /usr/lib/gcc/arm-none-eabi/9.2.1/../../../arm-none-eabi/lib/thumb/v7e-m/nofp/libg.a(lib_a-strlen.o)
                                         0xad (size before relaxing)
 .debug_str     0x0000000000076bc7       0x43 /usr/lib/gcc/arm-none-eabi/9.2.1/../../../arm-none-eabi/lib/thumb/v7e-m/nofp/libg.a(lib_a-utoa.o)
                                        0x5c0 (size before relaxing)

.debug_loc      0x0000000000000000      0xcd0
 *(.debug_loc)
 .debug_loc     0x0000000000000000       0x94 build/partB.o
 .debug_loc     0x0000000000000094      0x37c build/partB_functions.o
 .debug_loc     0x0000000000000410       0xb8 lib_build/xmc_gpio.o
 .debug_loc     0x00000000000004c8       0xb8 lib_build/xmc4_gpio.o
 .debug_loc     0x0000000000000580      0x1a4 lib_build/system_XMC4500.o
 .debug_loc     0x0000000000000724       0x94 lib_build/syscalls.o
 .debug_loc     0x00000000000007b8       0xba /usr/lib/gcc/arm-none-eabi/9.2.1/../../../arm-none-eabi/lib/thumb/v7e-m/nofp/libg.a(lib_a-init.o)
 .debug_loc     0x0000000000000872      0x215 /usr/lib/gcc/arm-none-eabi/9.2.1/../../../arm-none-eabi/lib/thumb/v7e-m/nofp/libg.a(lib_a-itoa.o)
 .debug_loc     0x0000000000000a87      0x249 /usr/lib/gcc/arm-none-eabi/9.2.1/../../../arm-none-eabi/lib/thumb/v7e-m/nofp/libg.a(lib_a-utoa.o)

.debug_macinfo
 *(.debug_macinfo)

.debug_ranges   0x0000000000000000       0xf8
 *(.debug_ranges)
 .debug_ranges  0x0000000000000000       0x18 build/partB.o
 .debug_ranges  0x0000000000000018       0x60 build/partB_functions.o
 .debug_ranges  0x0000000000000078       0x18 lib_build/xmc_gpio.o
 .debug_ranges  0x0000000000000090       0x18 lib_build/xmc4_gpio.o
 .debug_ranges  0x00000000000000a8       0x38 lib_build/system_XMC4500.o
 .debug_ranges  0x00000000000000e0       0x18 lib_build/syscalls.o

.debug_weaknames
 *(.debug_weaknames)

.debug_funcnames
 *(.debug_funcnames)

.debug_typenames
 *(.debug_typenames)

.debug_varnames
 *(.debug_varnames)

.build_attributes
                0x0000000000000000      0x2a8
 *(.ARM.attributes)
 .ARM.attributes
                0x0000000000000000       0x32 build/partB.o
 .ARM.attributes
                0x0000000000000032       0x32 build/partB_functions.o
 .ARM.attributes
                0x0000000000000064       0x32 lib_build/xmc_gpio.o
 .ARM.attributes
                0x0000000000000096       0x32 lib_build/xmc4_gpio.o
 .ARM.attributes
                0x00000000000000c8       0x20 lib_build/startup_XMC4500.o
 .ARM.attributes
                0x00000000000000e8       0x32 lib_build/system_XMC4500.o
 .ARM.attributes
                0x000000000000011a       0x32 lib_build/syscalls.o
 .ARM.attributes
                0x000000000000014c       0x1e /usr/lib/gcc/arm-none-eabi/9.2.1/thumb/v7e-m/nofp/libgcc.a(_arm_addsubdf3.o)
 .ARM.attributes
                0x000000000000016a       0x1e /usr/lib/gcc/arm-none-eabi/9.2.1/thumb/v7e-m/nofp/libgcc.a(_arm_muldivdf3.o)
 .ARM.attributes
                0x0000000000000188       0x1e /usr/lib/gcc/arm-none-eabi/9.2.1/thumb/v7e-m/nofp/libgcc.a(_arm_truncdfsf2.o)
 .ARM.attributes
                0x00000000000001a6       0x2e /usr/lib/gcc/arm-none-eabi/9.2.1/../../../arm-none-eabi/lib/thumb/v7e-m/nofp/libg.a(lib_a-errno.o)
 .ARM.attributes
                0x00000000000001d4       0x2e /usr/lib/gcc/arm-none-eabi/9.2.1/../../../arm-none-eabi/lib/thumb/v7e-m/nofp/libg.a(lib_a-impure.o)
 .ARM.attributes
                0x0000000000000202       0x2e /usr/lib/gcc/arm-none-eabi/9.2.1/../../../arm-none-eabi/lib/thumb/v7e-m/nofp/libg.a(lib_a-init.o)
 .ARM.attributes
                0x0000000000000230       0x2e /usr/lib/gcc/arm-none-eabi/9.2.1/../../../arm-none-eabi/lib/thumb/v7e-m/nofp/libg.a(lib_a-itoa.o)
 .ARM.attributes
                0x000000000000025e       0x1c /usr/lib/gcc/arm-none-eabi/9.2.1/../../../arm-none-eabi/lib/thumb/v7e-m/nofp/libg.a(lib_a-strlen.o)
 .ARM.attributes
                0x000000000000027a       0x2e /usr/lib/gcc/arm-none-eabi/9.2.1/../../../arm-none-eabi/lib/thumb/v7e-m/nofp/libg.a(lib_a-utoa.o)
OUTPUT(build/main.elf elf32-littlearm)
LOAD linker stubs

.debug_macro    0x0000000000000000    0x18e9a
 .debug_macro   0x0000000000000000      0x295 build/partB.o
 .debug_macro   0x0000000000000295      0xa9c build/partB.o
 .debug_macro   0x0000000000000d31      0x16d build/partB.o
 .debug_macro   0x0000000000000e9e      0x34e build/partB.o
 .debug_macro   0x00000000000011ec       0x22 build/partB.o
 .debug_macro   0x000000000000120e       0x22 build/partB.o
 .debug_macro   0x0000000000001230       0x52 build/partB.o
 .debug_macro   0x0000000000001282       0x18 build/partB.o
 .debug_macro   0x000000000000129a       0x94 build/partB.o
 .debug_macro   0x000000000000132e       0x35 build/partB.o
 .debug_macro   0x0000000000001363       0x34 build/partB.o
 .debug_macro   0x0000000000001397       0x16 build/partB.o
 .debug_macro   0x00000000000013ad       0x43 build/partB.o
 .debug_macro   0x00000000000013f0       0x57 build/partB.o
 .debug_macro   0x0000000000001447       0x34 build/partB.o
 .debug_macro   0x000000000000147b       0x10 build/partB.o
 .debug_macro   0x000000000000148b       0x52 build/partB.o
 .debug_macro   0x00000000000014dd      0x182 build/partB.o
 .debug_macro   0x000000000000165f      0x35c build/partB.o
 .debug_macro   0x00000000000019bb       0x10 build/partB.o
 .debug_macro   0x00000000000019cb       0x35 build/partB.o
 .debug_macro   0x0000000000001a00      0x167 build/partB.o
 .debug_macro   0x0000000000001b67       0x2d build/partB.o
 .debug_macro   0x0000000000001b94       0x28 build/partB.o
 .debug_macro   0x0000000000001bbc       0xaf build/partB.o
 .debug_macro   0x0000000000001c6b      0xfe7 build/partB.o
 .debug_macro   0x0000000000002c52       0x16 build/partB.o
 .debug_macro   0x0000000000002c68    0x1474b build/partB.o
 .debug_macro   0x00000000000173b3       0x12 build/partB.o
 .debug_macro   0x00000000000173c5       0x4c build/partB.o
 .debug_macro   0x0000000000017411       0x22 build/partB.o
 .debug_macro   0x0000000000017433      0x861 build/partB.o
 .debug_macro   0x0000000000017c94       0xa5 build/partB.o
 .debug_macro   0x0000000000017d39       0x1c build/partB.o
 .debug_macro   0x0000000000017d55       0x10 build/partB.o
 .debug_macro   0x0000000000017d65       0x10 build/partB.o
 .debug_macro   0x0000000000017d75       0x6a build/partB.o
 .debug_macro   0x0000000000017ddf       0x1c build/partB.o
 .debug_macro   0x0000000000017dfb       0x52 build/partB.o
 .debug_macro   0x0000000000017e4d       0x22 build/partB.o
 .debug_macro   0x0000000000017e6f       0x10 build/partB.o
 .debug_macro   0x0000000000017e7f       0x40 build/partB.o
 .debug_macro   0x0000000000017ebf       0xd5 build/partB.o
 .debug_macro   0x0000000000017f94       0x1c build/partB.o
 .debug_macro   0x0000000000017fb0       0x3d build/partB.o
 .debug_macro   0x0000000000017fed       0x16 build/partB.o
 .debug_macro   0x0000000000018003      0x16f build/partB.o
 .debug_macro   0x0000000000018172       0x16 build/partB.o
 .debug_macro   0x0000000000018188       0x16 build/partB.o
 .debug_macro   0x000000000001819e       0x29 build/partB.o
 .debug_macro   0x00000000000181c7       0x5e build/partB.o
 .debug_macro   0x0000000000018225      0x295 build/partB_functions.o
 .debug_macro   0x00000000000184ba      0x18e lib_build/xmc_gpio.o
 .debug_macro   0x0000000000018648      0x19a lib_build/xmc4_gpio.o
 .debug_macro   0x00000000000187e2      0x2df lib_build/system_XMC4500.o
 .debug_macro   0x0000000000018ac1       0x22 lib_build/system_XMC4500.o
 .debug_macro   0x0000000000018ae3      0x16c lib_build/syscalls.o
 .debug_macro   0x0000000000018c4f       0x10 lib_build/syscalls.o
 .debug_macro   0x0000000000018c5f      0x23b lib_build/syscalls.o
